Archive member included because of file (symbol)

contiki-sky.a(rimeaddr.o)     udp-sender.co (rimeaddr_copy)
contiki-sky.a(sicslowmac.o)   obj_sky/collect-common.o (sicslowmac_driver)
contiki-sky.a(csma.o)         obj_sky/contiki-sky-main.o (csma_driver)
contiki-sky.a(rpl-dag.o)      udp-sender.co (rpl_get_parent_rank)
contiki-sky.a(rpl-icmp6.o)    contiki-sky.a(rpl-dag.o) (dao_output)
contiki-sky.a(rpl-timers.o)   contiki-sky.a(rpl-dag.o) (rpl_reset_dio_timer)
contiki-sky.a(rpl-mrhof.o)    contiki-sky.a(rpl-dag.o) (rpl_mrhof)
contiki-sky.a(process.o)      udp-sender.co (process_current)
contiki-sky.a(autostart.o)    obj_sky/contiki-sky-main.o (autostart_start)
contiki-sky.a(serial-line.o)  obj_sky/collect-common.o (serial_line_event_message)
contiki-sky.a(memb.o)         contiki-sky.a(csma.o) (memb_init)
contiki-sky.a(timer.o)        obj_sky/contiki-sky-main.o (timer_set)
contiki-sky.a(list.o)         contiki-sky.a(csma.o) (list_init)
contiki-sky.a(etimer.o)       obj_sky/contiki-sky-main.o (etimer_process)
contiki-sky.a(ctimer.o)       obj_sky/contiki-sky-main.o (ctimer_init)
contiki-sky.a(energest.o)     obj_sky/contiki-sky-main.o (energest_init)
contiki-sky.a(rtimer.o)       obj_sky/contiki-sky-main.o (rtimer_init)
contiki-sky.a(stimer.o)       contiki-sky.a(rpl-icmp6.o) (stimer_set)
contiki-sky.a(random.o)       obj_sky/contiki-sky-main.o (random_init)
contiki-sky.a(ringbuf.o)      contiki-sky.a(serial-line.o) (ringbuf_init)
contiki-sky.a(nbr-table.o)    contiki-sky.a(rpl-dag.o) (nbr_table_register)
contiki-sky.a(queuebuf.o)     obj_sky/contiki-sky-main.o (queuebuf_init)
contiki-sky.a(sicslowpan.o)   obj_sky/contiki-sky-main.o (sicslowpan_driver)
contiki-sky.a(tcpip.o)        contiki-sky.a(sicslowpan.o) (tcpip_set_outputfunc)
contiki-sky.a(uip-debug.o)    udp-sender.co (uip_debug_ipaddr_print)
contiki-sky.a(uip-ds6-route.o)
                              contiki-sky.a(rpl-icmp6.o) (uip_ds6_route_nexthop)
contiki-sky.a(uip-ds6-nbr.o)  contiki-sky.a(rpl-icmp6.o) (uip_ds6_nbr_add)
contiki-sky.a(uip-ds6.o)      contiki-sky.a(tcpip.o) (uip_ds6_is_addr_onlink)
contiki-sky.a(uip-icmp6.o)    contiki-sky.a(rpl-icmp6.o) (uip_icmp6_send)
contiki-sky.a(uip-nd6.o)      contiki-sky.a(tcpip.o) (uip_nd6_ns_output)
contiki-sky.a(uip-packetqueue)
                              contiki-sky.a(uip-ds6-nbr.o) (uip_packetqueue_new)
contiki-sky.a(uip-udp-packet.)
                              udp-sender.co (uip_udp_packet_sendto)
contiki-sky.a(uip6.o)         contiki-sky.a(rpl-icmp6.o) (uip_aligned_buf)
contiki-sky.a(collect-view.o)
                              udp-sender.co (collect_view_construct_message)
contiki-sky.a(collect-view-sk)
                              contiki-sky.a(collect-view.o) (collect_view_arch_read_sensors)
contiki-sky.a(contiki-sky-pla)
                              obj_sky/contiki-sky-main.o (init_platform)
contiki-sky.a(sht11-sensor.o)
                              contiki-sky.a(collect-view-sk) (sht11_sensor)
contiki-sky.a(light-sensor.o)
                              contiki-sky.a(collect-view-sk) (light_sensor)
contiki-sky.a(battery-sensor.)
                              contiki-sky.a(collect-view-sk) (battery_sensor)
contiki-sky.a(button-sensor.o)
                              contiki-sky.a(contiki-sky-pla) (button_sensor)
contiki-sky.a(ds2411.o)       obj_sky/contiki-sky-main.o (ds2411_init)
contiki-sky.a(xmem.o)         obj_sky/contiki-sky-main.o (xmem_init)
contiki-sky.a(node-id.o)      obj_sky/contiki-sky-main.o (node_id_restore)
contiki-sky.a(sensors.o)      contiki-sky.a(button-sensor.o) (sensors_changed)
contiki-sky.a(cc2420.o)       obj_sky/contiki-sky-main.o (cc2420_set_channel)
contiki-sky.a(cc2420-arch.o)  contiki-sky.a(cc2420.o) (cc2420_arch_init)
contiki-sky.a(sky-sensors.o)  contiki-sky.a(light-sensor.o) (sky_sensors_status)
contiki-sky.a(uart1.o)        obj_sky/contiki-sky-main.o (uart1_active)
contiki-sky.a(uart1-putchar.o)
                              udp-sender.co (putchar)
contiki-sky.a(msp430.o)       contiki-sky.a(uart1.o) (msp430_add_lpm_req)
contiki-sky.a(clock.o)        contiki-sky.a(timer.o) (clock_time)
contiki-sky.a(leds.o)         obj_sky/contiki-sky-main.o (leds_init)
contiki-sky.a(leds-arch.o)    contiki-sky.a(leds.o) (leds_arch_init)
contiki-sky.a(watchdog.o)     obj_sky/contiki-sky-main.o (watchdog_start)
contiki-sky.a(rtimer-arch.o)  contiki-sky.a(rtimer.o) (rtimer_arch_init)
contiki-sky.a(frame802154.o)  contiki-sky.a(sicslowmac.o) (frame802154_hdrlen)
contiki-sky.a(mac.o)          contiki-sky.a(csma.o) (mac_call_sent_callback)
contiki-sky.a(framer-802154.o)
                              contiki-sky.a(sicslowpan.o) (framer_802154)
contiki-sky.a(rpl.o)          contiki-sky.a(rpl-timers.o) (rpl_purge_routes)
contiki-sky.a(rpl-ext-header.)
                              contiki-sky.a(uip6.o) (rpl_verify_header)
contiki-sky.a(sht11.o)        contiki-sky.a(sht11-sensor.o) (sht11_init)
contiki-sky.a(spi.o)          contiki-sky.a(xmem.o) (spi_init)
[...]
Memory Configuration

Name             Origin             Length             Attributes
sfr              0x00000000         0x00000010
peripheral_8bit  0x00000010         0x000000f0
peripheral_16bit 0x00000100         0x00000100
infomem          0x00001000         0x00000100
infob            0x00001000         0x00000080
infoa            0x00001080         0x00000080
ram              0x00001100         0x00002800         xw
rom              0x00004000         0x0000bfe0         xr
vectors          0x0000ffe0         0x00000020
bsl              0x00000000         0x00000000
infoc            0x00000000         0x00000000
infod            0x00000000         0x00000000
far_rom          0x00000000         0x00000000
*default*        0x00000000         0xffffffff

Linker script and memory map

LOAD /usr/lib/gcc/msp430/4.5.3/mmpy-16/crt0ivtbl16.o
LOAD udp-sender.co
LOAD obj_sky/collect-common.o
LOAD obj_sky/contiki-sky-main.o
LOAD contiki-sky.a
LOAD /usr/lib/gcc/msp430/4.5.3/mmpy-16/libgcc.a
LOAD /usr/lib/gcc/msp430/4.5.3/../../../../msp430/lib/mmpy-16/libc.a
LOAD /usr/lib/gcc/msp430/4.5.3/mmpy-16/libgcc.a
LOAD /usr/lib/gcc/msp430/4.5.3/mmpy-16/libcrt0.a
                0x00000000                __IE1 = 0x0
                0x00000002                __IFG1 = 0x2
                0x00000004                __ME1 = 0x4
                0x00000001                __IE2 = 0x1
                0x00000003                __IFG2 = 0x3
                0x00000005                __ME2 = 0x5
                0x00000120                __WDTCTL = 0x120
                0x00000130                __MPY = 0x130
                0x00000132                __MPYS = 0x132
                0x00000134                __MAC = 0x134
                0x00000136                __MACS = 0x136
                0x00000138                __OP2 = 0x138
                0x0000013a                __RESLO = 0x13a
                0x0000013c                __RESHI = 0x13c
                0x0000013e                __SUMEXT = 0x13e
                0x00000020                __P1IN = 0x20
                0x00000021                __P1OUT = 0x21
                0x00000022                __P1DIR = 0x22
                0x00000023                __P1IFG = 0x23
                0x00000024                __P1IES = 0x24
                0x00000025                __P1IE = 0x25
                0x00000026                __P1SEL = 0x26
                0x00000028                __P2IN = 0x28
                0x00000029                __P2OUT = 0x29
                0x0000002a                __P2DIR = 0x2a
                0x0000002b                __P2IFG = 0x2b
                0x0000002c                __P2IES = 0x2c
                0x0000002d                __P2IE = 0x2d
                0x0000002e                __P2SEL = 0x2e
                0x00000018                __P3IN = 0x18
                0x00000019                __P3OUT = 0x19
                0x0000001a                __P3DIR = 0x1a
                0x0000001b                __P3SEL = 0x1b
                0x0000001c                __P4IN = 0x1c
                0x0000001d                __P4OUT = 0x1d
                0x0000001e                __P4DIR = 0x1e
                0x0000001f                __P4SEL = 0x1f
                0x00000030                __P5IN = 0x30
                0x00000031                __P5OUT = 0x31
                0x00000032                __P5DIR = 0x32
                0x00000033                __P5SEL = 0x33
                0x00000034                __P6IN = 0x34
                0x00000035                __P6OUT = 0x35
                0x00000036                __P6DIR = 0x36
                0x00000037                __P6SEL = 0x37
                0x00000070                __U0CTL = 0x70
                0x00000071                __U0TCTL = 0x71
                0x00000072                __U0RCTL = 0x72
                0x00000073                __U0MCTL = 0x73
                0x00000074                __U0BR0 = 0x74
                0x00000075                __U0BR1 = 0x75
                0x00000076                __U0RXBUF = 0x76
                0x00000077                __U0TXBUF = 0x77
                0x00000078                __U1CTL = 0x78
                0x00000079                __U1TCTL = 0x79
                0x0000007a                __U1RCTL = 0x7a
                0x0000007b                __U1MCTL = 0x7b
                0x0000007c                __U1BR0 = 0x7c
                0x0000007d                __U1BR1 = 0x7d
                0x0000007e                __U1RXBUF = 0x7e
                0x0000007f                __U1TXBUF = 0x7f
                0x00000050                __I2CIE = 0x50
                0x00000051                __I2CIFG = 0x51
                0x00000052                __I2CNDAT = 0x52
                0x00000071                __I2CTCTL = 0x71
                0x00000072                __I2CDCTL = 0x72
                0x00000073                __I2CPSC = 0x73
                0x00000074                __I2CSCLH = 0x74
                0x00000075                __I2CSCLL = 0x75
                0x00000076                __I2CDRB = 0x76
                0x00000076                __I2CDRW = 0x76
                0x00000118                __I2COA = 0x118
                0x0000011a                __I2CSA = 0x11a
                0x0000011c                __I2CIV = 0x11c
                0x0000012e                __TAIV = 0x12e
                0x00000160                __TACTL = 0x160
                0x00000162                __TACCTL0 = 0x162
                0x00000164                __TACCTL1 = 0x164
                0x00000166                __TACCTL2 = 0x166
                0x00000170                __TAR = 0x170
                0x00000172                __TACCR0 = 0x172
                0x00000174                __TACCR1 = 0x174
                0x00000176                __TACCR2 = 0x176
                0x0000011e                __TBIV = 0x11e
                0x00000180                __TBCTL = 0x180
                0x00000182                __TBCCTL0 = 0x182
                0x00000184                __TBCCTL1 = 0x184
                0x00000186                __TBCCTL2 = 0x186
                0x00000188                __TBCCTL3 = 0x188
                0x0000018a                __TBCCTL4 = 0x18a
                0x0000018c                __TBCCTL5 = 0x18c
                0x0000018e                __TBCCTL6 = 0x18e
                0x00000190                __TBR = 0x190
                0x00000192                __TBCCR0 = 0x192
                0x00000194                __TBCCR1 = 0x194
                0x00000196                __TBCCR2 = 0x196
                0x00000198                __TBCCR3 = 0x198
                0x0000019a                __TBCCR4 = 0x19a
                0x0000019c                __TBCCR5 = 0x19c
                0x0000019e                __TBCCR6 = 0x19e
                0x00000056                __DCOCTL = 0x56
                0x00000057                __BCSCTL1 = 0x57
                0x00000058                __BCSCTL2 = 0x58
                0x00000055                __SVSCTL = 0x55
                0x00000128                __FCTL1 = 0x128
                0x0000012a                __FCTL2 = 0x12a
                0x0000012c                __FCTL3 = 0x12c
                0x00000059                __CACTL1 = 0x59
                0x0000005a                __CACTL2 = 0x5a
                0x0000005b                __CAPD = 0x5b
                0x000001a0                __ADC12CTL0 = 0x1a0
                0x000001a2                __ADC12CTL1 = 0x1a2
                0x000001a4                __ADC12IFG = 0x1a4
                0x000001a6                __ADC12IE = 0x1a6
                0x000001a8                __ADC12IV = 0x1a8
                0x00000140                __ADC12MEM0 = 0x140
                0x00000142                __ADC12MEM1 = 0x142
                0x00000144                __ADC12MEM2 = 0x144
                0x00000146                __ADC12MEM3 = 0x146
                0x00000148                __ADC12MEM4 = 0x148
                0x0000014a                __ADC12MEM5 = 0x14a
                0x0000014c                __ADC12MEM6 = 0x14c
                0x0000014e                __ADC12MEM7 = 0x14e
                0x00000150                __ADC12MEM8 = 0x150
                0x00000152                __ADC12MEM9 = 0x152
                0x00000154                __ADC12MEM10 = 0x154
                0x00000156                __ADC12MEM11 = 0x156
                0x00000158                __ADC12MEM12 = 0x158
                0x0000015a                __ADC12MEM13 = 0x15a
                0x0000015c                __ADC12MEM14 = 0x15c
                0x0000015e                __ADC12MEM15 = 0x15e
                0x00000080                __ADC12MCTL0 = 0x80
                0x00000081                __ADC12MCTL1 = 0x81
                0x00000082                __ADC12MCTL2 = 0x82
                0x00000083                __ADC12MCTL3 = 0x83
                0x00000084                __ADC12MCTL4 = 0x84
                0x00000085                __ADC12MCTL5 = 0x85
                0x00000086                __ADC12MCTL6 = 0x86
                0x00000087                __ADC12MCTL7 = 0x87
                0x00000088                __ADC12MCTL8 = 0x88
                0x00000089                __ADC12MCTL9 = 0x89
                0x0000008a                __ADC12MCTL10 = 0x8a
                0x0000008b                __ADC12MCTL11 = 0x8b
                0x0000008c                __ADC12MCTL12 = 0x8c
                0x0000008d                __ADC12MCTL13 = 0x8d
                0x0000008e                __ADC12MCTL14 = 0x8e
                0x0000008f                __ADC12MCTL15 = 0x8f
                0x000001c0                __DAC12_0CTL = 0x1c0
                0x000001c2                __DAC12_1CTL = 0x1c2
                0x000001c8                __DAC12_0DAT = 0x1c8
                0x000001ca                __DAC12_1DAT = 0x1ca
                0x00000122                __DMACTL0 = 0x122
                0x00000124                __DMACTL1 = 0x124
                0x000001e0                __DMA0CTL = 0x1e0
                0x000001e8                __DMA1CTL = 0x1e8
                0x000001f0                __DMA2CTL = 0x1f0
                0x000001e2                __DMA0SA = 0x1e2
                0x000001e4                __DMA0DA = 0x1e4
                0x000001e6                __DMA0SZ = 0x1e6
                0x000001ea                __DMA1SA = 0x1ea
                0x000001ec                __DMA1DA = 0x1ec
                0x000001ee                __DMA1SZ = 0x1ee
                0x000001f2                __DMA2SA = 0x1f2
                0x000001f4                __DMA2DA = 0x1f4
                0x000001f6                __DMA2SZ = 0x1f6

.hash
 *(.hash)

.dynsym
 *(.dynsym)

.dynstr
 *(.dynstr)

.gnu.version
 *(.gnu.version)

.gnu.version_d
 *(.gnu.version_d)

.gnu.version_r
 *(.gnu.version_r)

.rel.init
 *(.rel.init)

.rela.init
 *(.rela.init)

.rel.text
 *(.rel.text)
 *(.rel.text.*)
 *(.rel.gnu.linkonce.t*)

.rela.text
 *(.rela.text)
 *(.rela.text.*)
 *(.rela.gnu.linkonce.t*)

.rel.fini
 *(.rel.fini)

.rela.fini
 *(.rela.fini)

.rel.rodata
 *(.rel.rodata)
 *(.rel.rodata.*)
 *(.rel.gnu.linkonce.r*)

.rela.rodata
 *(.rela.rodata)
 *(.rela.rodata.*)
 *(.rela.gnu.linkonce.r*)

.rel.data
 *(.rel.data)
 *(.rel.data.*)
 *(.rel.gnu.linkonce.d*)

.rela.data
 *(.rela.data)
 *(.rela.data.*)
 *(.rela.gnu.linkonce.d*)

.rel.ctors
 *(.rel.ctors)

.rela.ctors
 *(.rela.ctors)

.rel.dtors
 *(.rel.dtors)

.rela.dtors
 *(.rela.dtors)

.rel.got
 *(.rel.got)

.rela.got
 *(.rela.got)

.rel.bss
 *(.rel.bss)

.rela.bss
 *(.rela.bss)

.rel.plt
 *(.rel.plt)

.rela.plt
 *(.rela.plt)

.text           0x00004000     0xc3a6
                0x00004000                . = ALIGN (0x2)
 *(.init)
 *(.init0)
 .init0         0x00004000        0x0 /usr/lib/gcc/msp430/4.5.3/mmpy-16/libcrt0.a(_reset_vector__.o)
                0x00004000                _reset_vector__
 *(.init1)
 *(.init2)
 .init2         0x00004000        0x4 /usr/lib/gcc/msp430/4.5.3/mmpy-16/libcrt0.a(__init_stack.o)
                0x00004000                __init_stack
 *(.init3)
 .init3         0x00004004        0xa /usr/lib/gcc/msp430/4.5.3/mmpy-16/libcrt0.a(__low_level_init.o)
                0x00004004                __low_level_init
 *(.init4)
 .init4         0x0000400e       0x16 /usr/lib/gcc/msp430/4.5.3/mmpy-16/libcrt0.a(_copy_data.o)
                0x0000400e                __do_copy_data
 .init4         0x00004024       0x14 /usr/lib/gcc/msp430/4.5.3/mmpy-16/libcrt0.a(_clear_bss.o)
                0x00004024                __do_clear_bss
 *(.init5)
 *(.init6)
 *(.init7)
 *(.init8)
 *(.init9)
 .init9         0x00004038      0x368 obj_sky/contiki-sky-main.o
                0x00004038                main
 *(.fini9)
 .fini9         0x000043a0        0x0 /usr/lib/gcc/msp430/4.5.3/mmpy-16/libcrt0.a(__stop_progExec__.o)
                0x000043a0                __stop_progExec__
 *(.fini8)
 *(.fini7)
 *(.fini6)
 *(.fini5)
 *(.fini4)
 *(.fini3)
 *(.fini2)
 *(.fini1)
 *(.fini0)
 .fini0         0x000043a0        0x6 /usr/lib/gcc/msp430/4.5.3/mmpy-16/libcrt0.a(_endless_loop__.o)
                0x000043a0                _endless_loop__
 *(.fini)
                0x000043a6                . = ALIGN (0x2)
                0x000043a6                __ctors_start = .
 *(.ctors)
                0x000043a6                __ctors_end = .
                0x000043a6                __dtors_start = .
 *(.dtors)
                0x000043a6                __dtors_end = .
                0x000043a6                . = ALIGN (0x2)
 *(.text)
 .text          0x000043a6        0x4 /usr/lib/gcc/msp430/4.5.3/mmpy-16/crt0ivtbl16.o
                0x000043a6                __isr_14
                0x000043a6                __isr_11
                0x000043a6                __isr_2
                0x000043a6                __isr_7
                0x000043a6                __isr_0
                0x000043a6                __isr_8
                0x000043a6                __isr_3
                0x000043a6                __isr_12
                0x000043a6                __isr_13
                0x000043a6                __isr_9
 .text          0x000043aa       0xa4 udp-sender.co
                0x00004448                autostart_processes
 .text          0x0000444e       0xce obj_sky/collect-common.o
 .text          0x0000451c      0x10b obj_sky/contiki-sky-main.o
 *fill*         0x00004627        0x1 00
 .text          0x00004628        0x8 contiki-sky.a(rimeaddr.o)
                0x00004628                rimeaddr_null
 .text          0x00004630       0x3c contiki-sky.a(sicslowmac.o)
                0x0000465c                sicslowmac_driver
 .text          0x0000466c       0x14 contiki-sky.a(csma.o)
                0x00004672                csma_driver
 .text          0x00004680        0xb contiki-sky.a(rpl-dag.o)
 .text          0x0000468b       0x6b contiki-sky.a(rpl-icmp6.o)
 .text          0x000046f6       0x23 contiki-sky.a(rpl-mrhof.o)
 .text          0x00004719        0xe contiki-sky.a(serial-line.o)
 .text          0x00004727        0xc contiki-sky.a(etimer.o)
 .text          0x00004733        0xf contiki-sky.a(ctimer.o)
 .text          0x00004742       0x24 contiki-sky.a(sicslowpan.o)
                0x00004742                unc_llconf
                0x00004746                unc_ctxconf
                0x0000474a                unc_mxconf
                0x0000474e                llprefix
                0x0000475c                sicslowpan_driver
 .text          0x00004766        0xd contiki-sky.a(tcpip.o)
 .text          0x00004773       0x1a contiki-sky.a(uip-debug.o)
 *fill*         0x0000478d        0x1 00
 .text          0x0000478e       0x20 contiki-sky.a(uip6.o)
 .text          0x000047ae        0xe contiki-sky.a(sht11-sensor.o)
                0x000047b4                sht11_sensor
 .text          0x000047bc        0xe contiki-sky.a(light-sensor.o)
                0x000047c2                light_sensor
 .text          0x000047ca       0x10 contiki-sky.a(battery-sensor.)
                0x000047d2                battery_sensor
 .text          0x000047da       0x10 contiki-sky.a(button-sensor.o)
                0x000047e2                button_sensor
 .text          0x000047ea        0x8 contiki-sky.a(sensors.o)
 .text          0x000047f2       0x22 contiki-sky.a(cc2420.o)
                0x00004800                cc2420_driver
 .text          0x00004814        0x2 contiki-sky.a(frame802154.o)
 .text          0x00004816        0x4 contiki-sky.a(framer-802154.o)
                0x00004816                framer_802154
 .text          0x0000481a       0x42 /usr/lib/gcc/msp430/4.5.3/mmpy-16/libgcc.a(_fixunssfsi.o)
                0x0000481a                __fixunssfsi
 .text          0x0000485c      0x352 /usr/lib/gcc/msp430/4.5.3/mmpy-16/libgcc.a(_addsub_sf.o)
                0x00004b0a                __addsf3
                0x00004b5a                __subsf3
 .text          0x00004bae      0x1fe /usr/lib/gcc/msp430/4.5.3/mmpy-16/libgcc.a(_mul_sf.o)
                0x00004bae                __mulsf3
 .text          0x00004dac       0x58 /usr/lib/gcc/msp430/4.5.3/mmpy-16/libgcc.a(_ge_sf.o)
                0x00004dac                __gesf2
 .text          0x00004e04       0x8a /usr/lib/gcc/msp430/4.5.3/mmpy-16/libgcc.a(_sf_to_si.o)
                0x00004e04                __fixsfsi
 .text          0x00004e8e        0x8 /usr/lib/gcc/msp430/4.5.3/mmpy-16/libgcc.a(_thenan_sf.o)
                0x00004e8e                __thenan_sf
 .text          0x00004e96       0xd8 /usr/lib/gcc/msp430/4.5.3/mmpy-16/libgcc.a(_usi_to_sf.o)
                0x00004e96                __floatunsisf
 .text          0x00004f6e       0x58 /usr/lib/gcc/msp430/4.5.3/mmpy-16/libgcc.a(_clzsi2.o)
                0x00004f6e                __clzsi2
 .text          0x00004fc6      0x1d6 /usr/lib/gcc/msp430/4.5.3/mmpy-16/libgcc.a(_pack_sf.o)
                0x00004fc6                __pack_f
 .text          0x0000519c      0x132 /usr/lib/gcc/msp430/4.5.3/mmpy-16/libgcc.a(_unpack_sf.o)
                0x0000519c                __unpack_f
 .text          0x000052ce       0xa2 /usr/lib/gcc/msp430/4.5.3/mmpy-16/libgcc.a(_fpcmp_parts_sf.o)
                0x000052ce                __fpcmp_parts_f
 .text          0x00005370      0x100 /usr/lib/gcc/msp430/4.5.3/mmpy-16/libgcc.a(_clz.o)
                0x00005370                __clz_tab
 .text          0x00005470       0x30 /usr/lib/gcc/msp430/4.5.3/../../../../msp430/lib/mmpy-16/libc.a(strncmp.o)
                0x00005470                strncmp
 .text          0x000054a0       0x34 /usr/lib/gcc/msp430/4.5.3/../../../../msp430/lib/mmpy-16/libc.a(memcmp.o)
                0x000054a0                memcmp
 .text          0x000054d4      0x104 /usr/lib/gcc/msp430/4.5.3/../../../../msp430/lib/mmpy-16/libc.a(memcpy.o)
                0x000054d4                memcpy
 .text          0x000055d8      0x104 /usr/lib/gcc/msp430/4.5.3/../../../../msp430/lib/mmpy-16/libc.a(memmove.o)
                0x000055d8                memmove
 .text          0x000056dc       0x66 /usr/lib/gcc/msp430/4.5.3/../../../../msp430/lib/mmpy-16/libc.a(memset.o)
                0x000056dc                memset
 .text          0x00005742       0x20 /usr/lib/gcc/msp430/4.5.3/../../../../msp430/lib/mmpy-16/libc.a(printf.o)
                0x00005742                printf
                0x00005754                vprintf
 .text          0x00005762      0x476 /usr/lib/gcc/msp430/4.5.3/../../../../msp430/lib/mmpy-16/libc.a(vuprintf.o)
                0x0000586e                vuprintf
 .text          0x00005bd8       0x2c /usr/lib/gcc/msp430/4.5.3/../../../../msp430/lib/mmpy-16/libc.a(puts.o)
                0x00005bd8                puts
 .text          0x00005c04      0x134 /usr/lib/gcc/msp430/4.5.3/../../../../msp430/lib/mmpy-16/libc.a(rand.o)
                0x00005c04                rand_r
                0x00005c98                rand
                0x00005d2e                srand
                0x00005d38                . = ALIGN (0x2)
 *(.text.*)
 .text.process_thread_udp_client_process
                0x00005d38      0x17c udp-sender.co
 .text.collect_common_set_sink
                0x00005eb4        0x2 udp-sender.co
                0x00005eb4                collect_common_set_sink
 .text.collect_common_net_print
                0x00005eb6       0x52 udp-sender.co
                0x00005eb6                collect_common_net_print
 .text.collect_common_send
                0x00005f08      0x10c udp-sender.co
                0x00005f08                collect_common_send
 .text.collect_common_net_init
                0x00006014        0xe udp-sender.co
                0x00006014                collect_common_net_init
 .text.process_thread_collect_common_process
                0x00006022      0x1fe obj_sky/collect-common.o
 .text.rimeaddr_copy
                0x00006220        0x8 contiki-sky.a(rimeaddr.o)
                0x00006220                rimeaddr_copy
 .text.rimeaddr_cmp
                0x00006228       0x12 contiki-sky.a(rimeaddr.o)
                0x00006228                rimeaddr_cmp
 .text.rimeaddr_set_node_addr
                0x0000623a        0xc contiki-sky.a(rimeaddr.o)
                0x0000623a                rimeaddr_set_node_addr
 .text.is_broadcast_addr
                0x00006246       0x26 contiki-sky.a(sicslowmac.o)
 .text.on       0x0000626c        0x6 contiki-sky.a(sicslowmac.o)
 .text.off      0x00006272       0x10 contiki-sky.a(sicslowmac.o)
 .text.channel_check_interval
                0x00006282        0x4 contiki-sky.a(sicslowmac.o)
 .text.init     0x00006286        0xe contiki-sky.a(sicslowmac.o)
 .text.packetbuf_copyto_hdr
                0x00006294       0x1c contiki-sky.a(sicslowmac.o)
                0x00006294                packetbuf_copyto_hdr
 .text.packetbuf_copyto
                0x000062b0       0x52 contiki-sky.a(sicslowmac.o)
                0x000062b0                packetbuf_copyto
 .text.packetbuf_hdrreduce
                0x00006302       0x1a contiki-sky.a(sicslowmac.o)
                0x00006302                packetbuf_hdrreduce
 .text.packetbuf_set_datalen
                0x0000631c        0x6 contiki-sky.a(sicslowmac.o)
                0x0000631c                packetbuf_set_datalen
 .text.packetbuf_dataptr
                0x00006322        0xa contiki-sky.a(sicslowmac.o)
                0x00006322                packetbuf_dataptr
 .text.packetbuf_hdrptr
                0x0000632c        0xa contiki-sky.a(sicslowmac.o)
                0x0000632c                packetbuf_hdrptr
 .text.packetbuf_is_reference
                0x00006336        0xe contiki-sky.a(sicslowmac.o)
                0x00006336                packetbuf_is_reference
 .text.packetbuf_reference_ptr
                0x00006344        0x6 contiki-sky.a(sicslowmac.o)
                0x00006344                packetbuf_reference_ptr
 .text.packetbuf_datalen
                0x0000634a        0x6 contiki-sky.a(sicslowmac.o)
                0x0000634a                packetbuf_datalen
 .text.packetbuf_totlen
                0x00006350       0x10 contiki-sky.a(sicslowmac.o)
                0x00006350                packetbuf_totlen
 .text.input_packet
                0x00006360      0x25a contiki-sky.a(sicslowmac.o)
 .text.packetbuf_hdralloc
                0x000065ba       0x2e contiki-sky.a(sicslowmac.o)
                0x000065ba                packetbuf_hdralloc
 .text.send_packet
                0x000065e8       0xf2 contiki-sky.a(sicslowmac.o)
 .text.send_list
                0x000066da       0x24 contiki-sky.a(sicslowmac.o)
                0x000066da                send_list
 .text.packetbuf_attr_clear
                0x000066fe       0x32 contiki-sky.a(sicslowmac.o)
                0x000066fe                packetbuf_attr_clear
 .text.packetbuf_clear
                0x00006730       0x20 contiki-sky.a(sicslowmac.o)
                0x00006730                packetbuf_clear
 .text.packetbuf_copyfrom
                0x00006750       0x2e contiki-sky.a(sicslowmac.o)
                0x00006750                packetbuf_copyfrom
 .text.packetbuf_attr_copyto
                0x0000677e       0x22 contiki-sky.a(sicslowmac.o)
                0x0000677e                packetbuf_attr_copyto
 .text.packetbuf_attr_copyfrom
                0x000067a0       0x24 contiki-sky.a(sicslowmac.o)
                0x000067a0                packetbuf_attr_copyfrom
 .text.input_packet
                0x000067c4        0x6 contiki-sky.a(csma.o)
 .text.on       0x000067ca        0x6 contiki-sky.a(csma.o)
 .text.off      0x000067d0        0x6 contiki-sky.a(csma.o)
 .text.channel_check_interval
                0x000067d6        0xc contiki-sky.a(csma.o)
 .text.transmit_packet_list
                0x000067e2       0x24 contiki-sky.a(csma.o)
 .text.send_packet
                0x00006806      0x166 contiki-sky.a(csma.o)
 .text.free_packet
                0x0000696c       0x94 contiki-sky.a(csma.o)
 .text.packet_sent
                0x00006a00      0x12a contiki-sky.a(csma.o)
 .text.init     0x00006b2a       0x1a contiki-sky.a(csma.o)
 .text.lollipop_greater_than
                0x00006b44       0x44 contiki-sky.a(rpl-dag.o)
 .text.find_parent_any_dag_any_instance
                0x00006b88       0x14 contiki-sky.a(rpl-dag.o)
 .text.set_ip_from_prefix
                0x00006b9c       0x3a contiki-sky.a(rpl-dag.o)
 .text.check_prefix
                0x00006bd6       0x7c contiki-sky.a(rpl-dag.o)
 .text.rpl_dag_init
                0x00006c52        0xe contiki-sky.a(rpl-dag.o)
                0x00006c52                rpl_dag_init
 .text.rpl_get_parent_rank
                0x00006c60       0x14 contiki-sky.a(rpl-dag.o)
                0x00006c60                rpl_get_parent_rank
 .text.rpl_get_parent_ipaddr
                0x00006c74       0x10 contiki-sky.a(rpl-dag.o)
                0x00006c74                rpl_get_parent_ipaddr
 .text.rpl_set_preferred_parent
                0x00006c84       0x52 contiki-sky.a(rpl-dag.o)
 .text.rpl_set_prefix
                0x00006cd6       0x90 contiki-sky.a(rpl-dag.o)
                0x00006cd6                rpl_set_prefix
 .text.rpl_set_default_route
                0x00006d66       0x62 contiki-sky.a(rpl-dag.o)
                0x00006d66                rpl_set_default_route
 .text.rpl_alloc_instance
                0x00006dc8       0x2c contiki-sky.a(rpl-dag.o)
                0x00006dc8                rpl_alloc_instance
 .text.rpl_add_parent
                0x00006df4       0x38 contiki-sky.a(rpl-dag.o)
                0x00006df4                rpl_add_parent
 .text.rpl_find_parent
                0x00006e2c       0x1a contiki-sky.a(rpl-dag.o)
                0x00006e2c                rpl_find_parent
 .text.rpl_find_parent_any_dag
                0x00006e46       0x26 contiki-sky.a(rpl-dag.o)
                0x00006e46                rpl_find_parent_any_dag
 .text.rpl_select_parent
                0x00006e6c       0x5c contiki-sky.a(rpl-dag.o)
                0x00006e6c                rpl_select_parent
 .text.rpl_select_dag
                0x00006ec8      0x1b4 contiki-sky.a(rpl-dag.o)
                0x00006ec8                rpl_select_dag
 .text.rpl_nullify_parent
                0x0000707c       0x4e contiki-sky.a(rpl-dag.o)
                0x0000707c                rpl_nullify_parent
 .text.rpl_remove_parent
                0x000070ca       0x16 contiki-sky.a(rpl-dag.o)
                0x000070ca                rpl_remove_parent
 .text.remove_parents.clone.2
                0x000070e0       0x32 contiki-sky.a(rpl-dag.o)
 .text.rpl_free_dag
                0x00007112       0x36 contiki-sky.a(rpl-dag.o)
                0x00007112                rpl_free_dag
 .text.rpl_free_instance
                0x00007148       0x5c contiki-sky.a(rpl-dag.o)
                0x00007148                rpl_free_instance
 .text.rpl_move_parent
                0x000071a4       0x6e contiki-sky.a(rpl-dag.o)
                0x000071a4                rpl_move_parent
 .text.rpl_get_any_dag
                0x00007212       0x18 contiki-sky.a(rpl-dag.o)
                0x00007212                rpl_get_any_dag
 .text.rpl_get_instance
                0x0000722a       0x16 contiki-sky.a(rpl-dag.o)
                0x0000722a                rpl_get_instance
 .text.get_dag  0x00007240       0x5c contiki-sky.a(rpl-dag.o)
 .text.rpl_alloc_dag
                0x0000729c       0x6a contiki-sky.a(rpl-dag.o)
                0x0000729c                rpl_alloc_dag
 .text.rpl_repair_root
                0x00007306       0x4c contiki-sky.a(rpl-dag.o)
                0x00007306                rpl_repair_root
 .text.rpl_find_of
                0x00007352       0x10 contiki-sky.a(rpl-dag.o)
                0x00007352                rpl_find_of
 .text.rpl_join_instance
                0x00007362      0x142 contiki-sky.a(rpl-dag.o)
                0x00007362                rpl_join_instance
 .text.rpl_local_repair
                0x000074a4       0x7a contiki-sky.a(rpl-dag.o)
                0x000074a4                rpl_local_repair
 .text.rpl_process_parent_event
                0x0000751e       0x88 contiki-sky.a(rpl-dag.o)
                0x0000751e                rpl_process_parent_event
 .text.rpl_recalculate_ranks
                0x000075a6       0x42 contiki-sky.a(rpl-dag.o)
                0x000075a6                rpl_recalculate_ranks
 .text.rpl_add_dag
                0x000075e8      0x116 contiki-sky.a(rpl-dag.o)
                0x000075e8                rpl_add_dag
 .text.rpl_process_dio
                0x000076fe      0x272 contiki-sky.a(rpl-dag.o)
                0x000076fe                rpl_process_dio
 .text.get32    0x00007970       0x46 contiki-sky.a(rpl-icmp6.o)
 .text.set32    0x000079b6       0x3c contiki-sky.a(rpl-icmp6.o)
 .text.get16    0x000079f2        0xe contiki-sky.a(rpl-icmp6.o)
 .text.set16    0x00007a00       0x10 contiki-sky.a(rpl-icmp6.o)
 .text.dis_output
                0x00007a10       0x50 contiki-sky.a(rpl-icmp6.o)
                0x00007a10                dis_output
 .text.dio_output
                0x00007a60      0x29e contiki-sky.a(rpl-icmp6.o)
                0x00007a60                dio_output
 .text.dao_output_target
                0x00007cfe       0xde contiki-sky.a(rpl-icmp6.o)
                0x00007cfe                dao_output_target
 .text.dao_output
                0x00007ddc       0x7a contiki-sky.a(rpl-icmp6.o)
                0x00007ddc                dao_output
 .text.dao_ack_output
                0x00007e56       0x3c contiki-sky.a(rpl-icmp6.o)
                0x00007e56                dao_ack_output
 .text.uip_rpl_input
                0x00007e92      0x588 contiki-sky.a(rpl-icmp6.o)
                0x00007e92                uip_rpl_input
 .text.new_dio_interval
                0x0000841a       0xb8 contiki-sky.a(rpl-timers.o)
 .text.handle_dao_timer
                0x000084d2       0x50 contiki-sky.a(rpl-timers.o)
 .text.handle_dio_timer
                0x00008522       0x82 contiki-sky.a(rpl-timers.o)
 .text.handle_periodic_timer
                0x000085a4       0x2e contiki-sky.a(rpl-timers.o)
 .text.rpl_reset_periodic_timer
                0x000085d2       0x56 contiki-sky.a(rpl-timers.o)
                0x000085d2                rpl_reset_periodic_timer
 .text.rpl_reset_dio_timer
                0x00008628       0x18 contiki-sky.a(rpl-timers.o)
                0x00008628                rpl_reset_dio_timer
 .text.rpl_schedule_dao
                0x00008640       0x48 contiki-sky.a(rpl-timers.o)
                0x00008640                rpl_schedule_dao
 .text.reset    0x00008688        0x2 contiki-sky.a(rpl-mrhof.o)
 .text.neighbor_link_callback
                0x0000868a       0x7e contiki-sky.a(rpl-mrhof.o)
 .text.best_dag
                0x00008708       0x34 contiki-sky.a(rpl-mrhof.o)
 .text.best_parent
                0x0000873c       0x52 contiki-sky.a(rpl-mrhof.o)
 .text.update_metric_container
                0x0000878e        0x6 contiki-sky.a(rpl-mrhof.o)
 .text.calculate_rank
                0x00008794       0x88 contiki-sky.a(rpl-mrhof.o)
 .text.call_process
                0x0000881c       0x4c contiki-sky.a(process.o)
 .text.exit_process
                0x00008868       0x94 contiki-sky.a(process.o)
 .text.do_poll  0x000088fc       0x30 contiki-sky.a(process.o)
 .text.process_alloc_event
                0x0000892c        0xe contiki-sky.a(process.o)
                0x0000892c                process_alloc_event
 .text.process_init
                0x0000893a       0x1c contiki-sky.a(process.o)
                0x0000893a                process_init
 .text.process_run
                0x00008956       0x9c contiki-sky.a(process.o)
                0x00008956                process_run
 .text.process_nevents
                0x000089f2        0xc contiki-sky.a(process.o)
                0x000089f2                process_nevents
 .text.process_post
                0x000089fe       0x54 contiki-sky.a(process.o)
                0x000089fe                process_post
 .text.process_post_synch
                0x00008a52       0x12 contiki-sky.a(process.o)
                0x00008a52                process_post_synch
 .text.process_start
                0x00008a64       0x32 contiki-sky.a(process.o)
                0x00008a64                process_start
 .text.process_poll
                0x00008a96       0x1a contiki-sky.a(process.o)
                0x00008a96                process_poll
 .text.autostart_start
                0x00008ab0       0x18 contiki-sky.a(autostart.o)
                0x00008ab0                autostart_start
 .text.process_thread_serial_line_process
                0x00008ac8       0xa6 contiki-sky.a(serial-line.o)
 .text.serial_line_input_byte
                0x00008b6e       0x46 contiki-sky.a(serial-line.o)
                0x00008b6e                serial_line_input_byte
 .text.serial_line_init
                0x00008bb4       0x1c contiki-sky.a(serial-line.o)
                0x00008bb4                serial_line_init
 .text.memb_init
                0x00008bd0       0x36 contiki-sky.a(memb.o)
                0x00008bd0                memb_init
 .text.memb_alloc
                0x00008c06       0x3e contiki-sky.a(memb.o)
                0x00008c06                memb_alloc
 .text.memb_free
                0x00008c44       0x3a contiki-sky.a(memb.o)
                0x00008c44                memb_free
 .text.memb_inmemb
                0x00008c7e       0x2e contiki-sky.a(memb.o)
                0x00008c7e                memb_inmemb
 .text.timer_set
                0x00008cac       0x1c contiki-sky.a(timer.o)
                0x00008cac                timer_set
 .text.timer_reset
                0x00008cc8        0xe contiki-sky.a(timer.o)
                0x00008cc8                timer_reset
 .text.timer_restart
                0x00008cd6       0x14 contiki-sky.a(timer.o)
                0x00008cd6                timer_restart
 .text.timer_expired
                0x00008cea       0x2e contiki-sky.a(timer.o)
                0x00008cea                timer_expired
 .text.list_init
                0x00008d18        0x6 contiki-sky.a(list.o)
                0x00008d18                list_init
 .text.list_head
                0x00008d1e        0x4 contiki-sky.a(list.o)
                0x00008d1e                list_head
 .text.list_tail
                0x00008d22       0x12 contiki-sky.a(list.o)
                0x00008d22                list_tail
 .text.list_remove
                0x00008d34       0x34 contiki-sky.a(list.o)
                0x00008d34                list_remove
 .text.list_push
                0x00008d68       0x1a contiki-sky.a(list.o)
                0x00008d68                list_push
 .text.list_add
                0x00008d82       0x2a contiki-sky.a(list.o)
                0x00008d82                list_add
 .text.list_length
                0x00008dac       0x10 contiki-sky.a(list.o)
                0x00008dac                list_length
 .text.list_item_next
                0x00008dbc        0xc contiki-sky.a(list.o)
                0x00008dbc                list_item_next
 .text.update_time
                0x00008dc8       0x78 contiki-sky.a(etimer.o)
 .text.etimer_request_poll
                0x00008e40        0xa contiki-sky.a(etimer.o)
                0x00008e40                etimer_request_poll
 .text.process_thread_etimer_process
                0x00008e4a       0xce contiki-sky.a(etimer.o)
 .text.add_timer
                0x00008f18       0x40 contiki-sky.a(etimer.o)
 .text.etimer_set
                0x00008f58       0x12 contiki-sky.a(etimer.o)
                0x00008f58                etimer_set
 .text.etimer_reset
                0x00008f6a       0x12 contiki-sky.a(etimer.o)
                0x00008f6a                etimer_reset
 .text.etimer_restart
                0x00008f7c       0x12 contiki-sky.a(etimer.o)
                0x00008f7c                etimer_restart
 .text.etimer_expired
                0x00008f8e        0xe contiki-sky.a(etimer.o)
                0x00008f8e                etimer_expired
 .text.etimer_expiration_time
                0x00008f9c       0x14 contiki-sky.a(etimer.o)
                0x00008f9c                etimer_expiration_time
 .text.etimer_pending
                0x00008fb0        0xe contiki-sky.a(etimer.o)
                0x00008fb0                etimer_pending
 .text.etimer_next_expiration_time
                0x00008fbe       0x16 contiki-sky.a(etimer.o)
                0x00008fbe                etimer_next_expiration_time
 .text.etimer_stop
                0x00008fd4       0x3c contiki-sky.a(etimer.o)
                0x00008fd4                etimer_stop
 .text.process_thread_ctimer_process
                0x00009010       0xa4 contiki-sky.a(ctimer.o)
 .text.ctimer_init
                0x000090b4       0x18 contiki-sky.a(ctimer.o)
                0x000090b4                ctimer_init
 .text.ctimer_set
                0x000090cc       0x5a contiki-sky.a(ctimer.o)
                0x000090cc                ctimer_set
 .text.ctimer_reset
                0x00009126       0x3a contiki-sky.a(ctimer.o)
                0x00009126                ctimer_reset
 .text.ctimer_stop
                0x00009160       0x28 contiki-sky.a(ctimer.o)
                0x00009160                ctimer_stop
 .text.energest_init
                0x00009188       0x2a contiki-sky.a(energest.o)
                0x00009188                energest_init
 .text.energest_type_time
                0x000091b2       0x44 contiki-sky.a(energest.o)
                0x000091b2                energest_type_time
 .text.energest_type_set
                0x000091f6        0xe contiki-sky.a(energest.o)
                0x000091f6                energest_type_set
 .text.energest_flush
                0x00009204       0x4a contiki-sky.a(energest.o)
                0x00009204                energest_flush
 .text.rtimer_init
                0x0000924e        0x6 contiki-sky.a(rtimer.o)
                0x0000924e                rtimer_init
 .text.rtimer_run_next
                0x00009254       0x26 contiki-sky.a(rtimer.o)
                0x00009254                rtimer_run_next
 .text.stimer_set
                0x0000927a       0x1c contiki-sky.a(stimer.o)
                0x0000927a                stimer_set
 .text.stimer_expired
                0x00009296       0x42 contiki-sky.a(stimer.o)
                0x00009296                stimer_expired
 .text.stimer_remaining
                0x000092d8       0x28 contiki-sky.a(stimer.o)
                0x000092d8                stimer_remaining
 .text.stimer_elapsed
                0x00009300       0x12 contiki-sky.a(stimer.o)
                0x00009300                stimer_elapsed
 .text.random_init
                0x00009312        0x6 contiki-sky.a(random.o)
                0x00009312                random_init
 .text.random_rand
                0x00009318        0x6 contiki-sky.a(random.o)
                0x00009318                random_rand
 .text.ringbuf_init
                0x0000931e       0x14 contiki-sky.a(ringbuf.o)
                0x0000931e                ringbuf_init
 .text.ringbuf_put
                0x00009332       0x3c contiki-sky.a(ringbuf.o)
                0x00009332                ringbuf_put
 .text.ringbuf_get
                0x0000936e       0x32 contiki-sky.a(ringbuf.o)
                0x0000936e                ringbuf_get
 .text.index_from_key
                0x000093a0       0xb4 contiki-sky.a(nbr-table.o)
 .text.item_from_key
                0x00009454       0x38 contiki-sky.a(nbr-table.o)
 .text.key_from_item
                0x0000948c       0x3a contiki-sky.a(nbr-table.o)
 .text.nbr_set_bit
                0x000094c6       0x6e contiki-sky.a(nbr-table.o)
 .text.index_from_lladdr
                0x00009534       0x42 contiki-sky.a(nbr-table.o)
 .text.nbr_get_bit.clone.0
                0x00009576       0x40 contiki-sky.a(nbr-table.o)
 .text.nbr_table_register
                0x000095b6       0x26 contiki-sky.a(nbr-table.o)
                0x000095b6                nbr_table_register
 .text.nbr_table_next
                0x000095dc       0x36 contiki-sky.a(nbr-table.o)
                0x000095dc                nbr_table_next
 .text.nbr_table_head
                0x00009612       0x36 contiki-sky.a(nbr-table.o)
                0x00009612                nbr_table_head
 .text.nbr_table_add_lladdr
                0x00009648      0x13e contiki-sky.a(nbr-table.o)
                0x00009648                nbr_table_add_lladdr
 .text.nbr_table_get_from_lladdr
                0x00009786       0x4c contiki-sky.a(nbr-table.o)
                0x00009786                nbr_table_get_from_lladdr
 .text.nbr_table_remove
                0x000097d2       0x32 contiki-sky.a(nbr-table.o)
                0x000097d2                nbr_table_remove
 .text.nbr_table_lock
                0x00009804       0x10 contiki-sky.a(nbr-table.o)
                0x00009804                nbr_table_lock
 .text.nbr_table_unlock
                0x00009814       0x10 contiki-sky.a(nbr-table.o)
                0x00009814                nbr_table_unlock
 .text.nbr_table_get_lladdr
                0x00009824        0xc contiki-sky.a(nbr-table.o)
                0x00009824                nbr_table_get_lladdr
 .text.queuebuf_init
                0x00009830       0x1a contiki-sky.a(queuebuf.o)
                0x00009830                queuebuf_init
 .text.queuebuf_new_from_packetbuf
                0x0000984a       0x80 contiki-sky.a(queuebuf.o)
                0x0000984a                queuebuf_new_from_packetbuf
 .text.queuebuf_update_attr_from_packetbuf
                0x000098ca       0x12 contiki-sky.a(queuebuf.o)
                0x000098ca                queuebuf_update_attr_from_packetbuf
 .text.queuebuf_free
                0x000098dc       0x46 contiki-sky.a(queuebuf.o)
                0x000098dc                queuebuf_free
 .text.queuebuf_to_packetbuf
                0x00009922       0x70 contiki-sky.a(queuebuf.o)
                0x00009922                queuebuf_to_packetbuf
 .text.queuebuf_attr
                0x00009992        0xe contiki-sky.a(queuebuf.o)
                0x00009992                queuebuf_attr
 .text.set_packet_attrs
                0x000099a0       0x44 contiki-sky.a(sicslowpan.o)
 .text.addr_context_lookup_by_number
                0x000099e4       0x36 contiki-sky.a(sicslowpan.o)
 .text.compress_addr_64
                0x00009a1a       0x92 contiki-sky.a(sicslowpan.o)
 .text.uncompress_addr
                0x00009aac       0xae contiki-sky.a(sicslowpan.o)
 .text.input    0x00009b5a      0x646 contiki-sky.a(sicslowpan.o)
 .text.sicslowpan_init
                0x0000a1a0       0x26 contiki-sky.a(sicslowpan.o)
                0x0000a1a0                sicslowpan_init
 .text.addr_context_lookup_by_prefix
                0x0000a1c6       0x4c contiki-sky.a(sicslowpan.o)
 .text.send_packet
                0x0000a212       0x1a contiki-sky.a(sicslowpan.o)
 .text.output   0x0000a22c      0x6ea contiki-sky.a(sicslowpan.o)
 .text.packet_sent
                0x0000a916       0x22 contiki-sky.a(sicslowpan.o)
 .text.start_periodic_tcp_timer
                0x0000a938       0x16 contiki-sky.a(tcpip.o)
 .text.tcpip_output
                0x0000a94e       0x10 contiki-sky.a(tcpip.o)
                0x0000a94e                tcpip_output
 .text.tcpip_set_outputfunc
                0x0000a95e        0x6 contiki-sky.a(tcpip.o)
                0x0000a95e                tcpip_set_outputfunc
 .text.udp_new  0x0000a964       0x1a contiki-sky.a(tcpip.o)
                0x0000a964                udp_new
 .text.tcpip_input
                0x0000a97e       0x16 contiki-sky.a(tcpip.o)
                0x0000a97e                tcpip_input
 .text.tcpip_ipv6_output
                0x0000a994      0x214 contiki-sky.a(tcpip.o)
                0x0000a994                tcpip_ipv6_output
 .text.process_thread_tcpip_process
                0x0000aba8      0x1d8 contiki-sky.a(tcpip.o)
 .text.tcpip_uipcall
                0x0000ad80       0x7c contiki-sky.a(tcpip.o)
                0x0000ad80                tcpip_uipcall
 .text.uip_debug_ipaddr_print
                0x0000adfc       0x82 contiki-sky.a(uip-debug.o)
                0x0000adfc                uip_debug_ipaddr_print
 .text.call_route_callback
                0x0000ae7e       0x54 contiki-sky.a(uip-ds6-route.o)
 .text.uip_ds6_route_init
                0x0000aed2       0x2e contiki-sky.a(uip-ds6-route.o)
                0x0000aed2                uip_ds6_route_init
 .text.uip_ds6_route_nexthop
                0x0000af00       0x16 contiki-sky.a(uip-ds6-route.o)
                0x0000af00                uip_ds6_route_nexthop
 .text.uip_ds6_route_head
                0x0000af16       0x26 contiki-sky.a(uip-ds6-route.o)
                0x0000af16                uip_ds6_route_head
 .text.uip_ds6_route_next
                0x0000af3c       0x3a contiki-sky.a(uip-ds6-route.o)
                0x0000af3c                uip_ds6_route_next
 .text.uip_ds6_route_lookup
                0x0000af76       0x5a contiki-sky.a(uip-ds6-route.o)
                0x0000af76                uip_ds6_route_lookup
 .text.uip_ds6_route_add
                0x0000afd0       0xba contiki-sky.a(uip-ds6-route.o)
                0x0000afd0                uip_ds6_route_add
 .text.uip_ds6_route_rm
                0x0000b08a       0x60 contiki-sky.a(uip-ds6-route.o)
                0x0000b08a                uip_ds6_route_rm
 .text.rm_routelist
                0x0000b0ea       0x30 contiki-sky.a(uip-ds6-route.o)
 .text.rm_routelist_callback
                0x0000b11a        0x6 contiki-sky.a(uip-ds6-route.o)
 .text.uip_ds6_defrt_rm
                0x0000b120       0x48 contiki-sky.a(uip-ds6-route.o)
                0x0000b120                uip_ds6_defrt_rm
 .text.uip_ds6_defrt_lookup
                0x0000b168       0x36 contiki-sky.a(uip-ds6-route.o)
                0x0000b168                uip_ds6_defrt_lookup
 .text.uip_ds6_defrt_add
                0x0000b19e       0x74 contiki-sky.a(uip-ds6-route.o)
                0x0000b19e                uip_ds6_defrt_add
 .text.uip_ds6_defrt_choose
                0x0000b212       0x3a contiki-sky.a(uip-ds6-route.o)
                0x0000b212                uip_ds6_defrt_choose
 .text.uip_ds6_defrt_periodic
                0x0000b24c       0x38 contiki-sky.a(uip-ds6-route.o)
                0x0000b24c                uip_ds6_defrt_periodic
 .text.uip_ds6_nbr_rm
                0x0000b284       0x24 contiki-sky.a(uip-ds6-nbr.o)
                0x0000b284                uip_ds6_nbr_rm
 .text.uip_ds6_neighbors_init
                0x0000b2a8        0xe contiki-sky.a(uip-ds6-nbr.o)
                0x0000b2a8                uip_ds6_neighbors_init
 .text.uip_ds6_nbr_add
                0x0000b2b6       0x6a contiki-sky.a(uip-ds6-nbr.o)
                0x0000b2b6                uip_ds6_nbr_add
 .text.uip_ds6_nbr_get_ll
                0x0000b320        0xc contiki-sky.a(uip-ds6-nbr.o)
                0x0000b320                uip_ds6_nbr_get_ll
 .text.uip_ds6_nbr_lookup
                0x0000b32c       0x40 contiki-sky.a(uip-ds6-nbr.o)
                0x0000b32c                uip_ds6_nbr_lookup
 .text.uip_ds6_nbr_ll_lookup
                0x0000b36c        0xc contiki-sky.a(uip-ds6-nbr.o)
                0x0000b36c                uip_ds6_nbr_ll_lookup
 .text.uip_ds6_nbr_ipaddr_from_lladdr
                0x0000b378        0x6 contiki-sky.a(uip-ds6-nbr.o)
                0x0000b378                uip_ds6_nbr_ipaddr_from_lladdr
 .text.uip_ds6_nbr_lladdr_from_ipaddr
                0x0000b37e       0x10 contiki-sky.a(uip-ds6-nbr.o)
                0x0000b37e                uip_ds6_nbr_lladdr_from_ipaddr
 .text.uip_ds6_link_neighbor_callback
                0x0000b38e       0x2a contiki-sky.a(uip-ds6-nbr.o)
                0x0000b38e                uip_ds6_link_neighbor_callback
 .text.uip_ds6_neighbor_periodic
                0x0000b3b8      0x114 contiki-sky.a(uip-ds6-nbr.o)
                0x0000b3b8                uip_ds6_neighbor_periodic
 .text.uip_ds6_list_loop
                0x0000b4cc       0x82 contiki-sky.a(uip-ds6.o)
                0x0000b4cc                uip_ds6_list_loop
 .text.uip_ds6_prefix_add
                0x0000b54e       0x80 contiki-sky.a(uip-ds6.o)
                0x0000b54e                uip_ds6_prefix_add
 .text.uip_ds6_is_addr_onlink
                0x0000b5ce       0x50 contiki-sky.a(uip-ds6.o)
                0x0000b5ce                uip_ds6_is_addr_onlink
 .text.uip_ds6_addr_lookup
                0x0000b61e       0x2a contiki-sky.a(uip-ds6.o)
                0x0000b61e                uip_ds6_addr_lookup
 .text.uip_ds6_get_link_local
                0x0000b648       0x3e contiki-sky.a(uip-ds6.o)
                0x0000b648                uip_ds6_get_link_local
 .text.uip_ds6_maddr_add
                0x0000b686       0x4c contiki-sky.a(uip-ds6.o)
                0x0000b686                uip_ds6_maddr_add
 .text.uip_ds6_addr_add
                0x0000b6d2       0xca contiki-sky.a(uip-ds6.o)
                0x0000b6d2                uip_ds6_addr_add
 .text.uip_ds6_maddr_lookup
                0x0000b79c       0x2a contiki-sky.a(uip-ds6.o)
                0x0000b79c                uip_ds6_maddr_lookup
 .text.uip_ds6_addr_rm
                0x0000b7c6       0x54 contiki-sky.a(uip-ds6.o)
                0x0000b7c6                uip_ds6_addr_rm
 .text.uip_ds6_set_addr_iid
                0x0000b81a       0x14 contiki-sky.a(uip-ds6.o)
                0x0000b81a                uip_ds6_set_addr_iid
 .text.get_match_length
                0x0000b82e       0x46 contiki-sky.a(uip-ds6.o)
                0x0000b82e                get_match_length
 .text.uip_ds6_select_src
                0x0000b874       0xaa contiki-sky.a(uip-ds6.o)
                0x0000b874                uip_ds6_select_src
 .text.uip_ds6_send_ra_sollicited
                0x0000b91e       0x3a contiki-sky.a(uip-ds6.o)
                0x0000b91e                uip_ds6_send_ra_sollicited
 .text.uip_ds6_send_ra_periodic
                0x0000b958       0x50 contiki-sky.a(uip-ds6.o)
                0x0000b958                uip_ds6_send_ra_periodic
 .text.uip_ds6_periodic
                0x0000b9a8       0x60 contiki-sky.a(uip-ds6.o)
                0x0000b9a8                uip_ds6_periodic
 .text.uip_ds6_compute_reachable_time
                0x0000ba08       0x4a contiki-sky.a(uip-ds6.o)
                0x0000ba08                uip_ds6_compute_reachable_time
 .text.uip_ds6_init
                0x0000ba52      0x166 contiki-sky.a(uip-ds6.o)
                0x0000ba52                uip_ds6_init
 .text.uip_icmp6_echo_request_input
                0x0000bbb8      0x122 contiki-sky.a(uip-icmp6.o)
                0x0000bbb8                uip_icmp6_echo_request_input
 .text.uip_icmp6_error_output
                0x0000bcda      0x16a contiki-sky.a(uip-icmp6.o)
                0x0000bcda                uip_icmp6_error_output
 .text.uip_icmp6_send
                0x0000be44       0x94 contiki-sky.a(uip-icmp6.o)
                0x0000be44                uip_icmp6_send
 .text.create_llao
                0x0000bed8       0x2c contiki-sky.a(uip-nd6.o)
 .text.uip_nd6_ns_input
                0x0000bf04      0x236 contiki-sky.a(uip-nd6.o)
                0x0000bf04                uip_nd6_ns_input
 .text.uip_nd6_ns_output
                0x0000c13a      0x16c contiki-sky.a(uip-nd6.o)
                0x0000c13a                uip_nd6_ns_output
 .text.uip_nd6_na_input
                0x0000c2a6      0x20a contiki-sky.a(uip-nd6.o)
                0x0000c2a6                uip_nd6_na_input
 .text.uip_nd6_rs_input
                0x0000c4b0      0x14c contiki-sky.a(uip-nd6.o)
                0x0000c4b0                uip_nd6_rs_input
 .text.uip_nd6_ra_output
                0x0000c5fc      0x138 contiki-sky.a(uip-nd6.o)
                0x0000c5fc                uip_nd6_ra_output
 .text.packet_timedout
                0x0000c734       0x16 contiki-sky.a(uip-packetqueue)
 .text.uip_packetqueue_new
                0x0000c74a        0x6 contiki-sky.a(uip-packetqueue)
                0x0000c74a                uip_packetqueue_new
 .text.uip_packetqueue_alloc
                0x0000c750       0x44 contiki-sky.a(uip-packetqueue)
                0x0000c750                uip_packetqueue_alloc
 .text.uip_packetqueue_free
                0x0000c794       0x24 contiki-sky.a(uip-packetqueue)
                0x0000c794                uip_packetqueue_free
 .text.uip_packetqueue_buf
                0x0000c7b8       0x10 contiki-sky.a(uip-packetqueue)
                0x0000c7b8                uip_packetqueue_buf
 .text.uip_packetqueue_buflen
                0x0000c7c8       0x10 contiki-sky.a(uip-packetqueue)
                0x0000c7c8                uip_packetqueue_buflen
 .text.uip_packetqueue_set_buflen
                0x0000c7d8        0xc contiki-sky.a(uip-packetqueue)
                0x0000c7d8                uip_packetqueue_set_buflen
 .text.uip_udp_packet_send
                0x0000c7e4       0x2e contiki-sky.a(uip-udp-packet.)
                0x0000c7e4                uip_udp_packet_send
 .text.uip_udp_packet_sendto
                0x0000c812       0x66 contiki-sky.a(uip-udp-packet.)
                0x0000c812                uip_udp_packet_sendto
 .text.chksum   0x0000c878       0x34 contiki-sky.a(uip6.o)
 .text.upper_layer_chksum
                0x0000c8ac       0x54 contiki-sky.a(uip6.o)
 .text.ext_hdr_options_process
                0x0000c900       0xe0 contiki-sky.a(uip6.o)
 .text.uip_add32
                0x0000c9e0       0x72 contiki-sky.a(uip6.o)
                0x0000c9e0                uip_add32
 .text.uip_add_rcv_nxt
                0x0000ca52       0x2e contiki-sky.a(uip6.o)
 .text.uip_icmp6chksum
                0x0000ca80        0xa contiki-sky.a(uip6.o)
                0x0000ca80                uip_icmp6chksum
 .text.uip_tcpchksum
                0x0000ca8a        0xa contiki-sky.a(uip6.o)
                0x0000ca8a                uip_tcpchksum
 .text.uip_udpchksum
                0x0000ca94        0xa contiki-sky.a(uip6.o)
                0x0000ca94                uip_udpchksum
 .text.uip_init
                0x0000ca9e       0x6c contiki-sky.a(uip6.o)
                0x0000ca9e                uip_init
 .text.remove_ext_hdr
                0x0000cb0a       0x58 contiki-sky.a(uip6.o)
                0x0000cb0a                remove_ext_hdr
 .text.uip_udp_new
                0x0000cb62       0xee contiki-sky.a(uip6.o)
                0x0000cb62                uip_udp_new
 .text.uip_unlisten
                0x0000cc50       0x32 contiki-sky.a(uip6.o)
                0x0000cc50                uip_unlisten
 .text.uip_process
                0x0000cc82      0xed4 contiki-sky.a(uip6.o)
                0x0000cc82                uip_process
 .text.uip_htons
                0x0000db56       0x12 contiki-sky.a(uip6.o)
                0x0000db56                uip_htons
 .text.uip_htonl
                0x0000db68       0x3e contiki-sky.a(uip6.o)
                0x0000db68                uip_htonl
 .text.collect_view_construct_message
                0x0000dba6      0x15a contiki-sky.a(collect-view.o)
                0x0000dba6                collect_view_construct_message
 .text.collect_view_arch_read_sensors
                0x0000dd00       0x98 contiki-sky.a(collect-view-sk)
                0x0000dd00                collect_view_arch_read_sensors
 .text.init_platform
                0x0000dd98        0xc contiki-sky.a(contiki-sky-pla)
                0x0000dd98                init_platform
 .text.status   0x0000dda4       0x1a contiki-sky.a(sht11-sensor.o)
 .text.configure
                0x0000ddbe       0x40 contiki-sky.a(sht11-sensor.o)
 .text.value    0x0000ddfe       0x30 contiki-sky.a(sht11-sensor.o)
 .text.value    0x0000de2e       0x1a contiki-sky.a(light-sensor.o)
 .text.status   0x0000de48        0xc contiki-sky.a(light-sensor.o)
 .text.configure
                0x0000de54       0x10 contiki-sky.a(light-sensor.o)
 .text.value    0x0000de64        0x6 contiki-sky.a(battery-sensor.)
 .text.status   0x0000de6a        0xc contiki-sky.a(battery-sensor.)
 .text.configure
                0x0000de76       0x12 contiki-sky.a(battery-sensor.)
 .text.status   0x0000de88       0x16 contiki-sky.a(button-sensor.o)
 .text.configure
                0x0000de9e       0x4a contiki-sky.a(button-sensor.o)
 .text.value    0x0000dee8       0x26 contiki-sky.a(button-sensor.o)
 .text.irq_p2   0x0000df0e       0x92 contiki-sky.a(button-sensor.o)
                0x0000df0e                irq_p2
                0x0000df0e                __isr_1
 .text.crc8_add
                0x0000dfa0       0x1a contiki-sky.a(ds2411.o)
 .text.owreadb  0x0000dfba       0x56 contiki-sky.a(ds2411.o)
 .text.ds2411_init
                0x0000e010      0x10a contiki-sky.a(ds2411.o)
                0x0000e010                ds2411_init
 .text.wait_ready
                0x0000e11a       0x4e contiki-sky.a(xmem.o)
 .text.xmem_init
                0x0000e168       0x3c contiki-sky.a(xmem.o)
                0x0000e168                xmem_init
 .text.xmem_pread
                0x0000e1a4       0xdc contiki-sky.a(xmem.o)
                0x0000e1a4                xmem_pread
 .text.node_id_restore
                0x0000e280       0x38 contiki-sky.a(node-id.o)
                0x0000e280                node_id_restore
 .text.get_sensor_index
                0x0000e2b8       0x22 contiki-sky.a(sensors.o)
 .text.process_thread_sensors_process
                0x0000e2da       0xc2 contiki-sky.a(sensors.o)
 .text.sensors_changed
                0x0000e39c       0x14 contiki-sky.a(sensors.o)
                0x0000e39c                sensors_changed
 .text.strobe   0x0000e3b0       0x1e contiki-sky.a(cc2420.o)
 .text.status   0x0000e3ce       0x24 contiki-sky.a(cc2420.o)
 .text.getreg   0x0000e3f2       0x50 contiki-sky.a(cc2420.o)
 .text.cc2420_receiving_packet
                0x0000e442       0x10 contiki-sky.a(cc2420.o)
 .text.pending_packet
                0x0000e452        0x8 contiki-sky.a(cc2420.o)
 .text.on       0x0000e45a       0x46 contiki-sky.a(cc2420.o)
 .text.flushrx  0x0000e4a0       0x74 contiki-sky.a(cc2420.o)
 .text.off      0x0000e514       0x78 contiki-sky.a(cc2420.o)
 .text.RELEASE_LOCK
                0x0000e58c       0x28 contiki-sky.a(cc2420.o)
 .text.cc2420_prepare
                0x0000e5b4       0x82 contiki-sky.a(cc2420.o)
 .text.cc2420_on
                0x0000e636       0x22 contiki-sky.a(cc2420.o)
                0x0000e636                cc2420_on
 .text.cc2420_off
                0x0000e658       0x30 contiki-sky.a(cc2420.o)
                0x0000e658                cc2420_off
 .text.cc2420_cca
                0x0000e688       0x7a contiki-sky.a(cc2420.o)
 .text.getrxdata
                0x0000e702       0x4e contiki-sky.a(cc2420.o)
 .text.cc2420_read
                0x0000e750       0xe6 contiki-sky.a(cc2420.o)
 .text.process_thread_cc2420_process
                0x0000e836       0x50 contiki-sky.a(cc2420.o)
 .text.setreg   0x0000e886       0x48 contiki-sky.a(cc2420.o)
                0x0000e886                setreg
 .text.set_txpower
                0x0000e8ce       0x2a contiki-sky.a(cc2420.o)
 .text.cc2420_set_channel
                0x0000e8f8       0x7a contiki-sky.a(cc2420.o)
                0x0000e8f8                cc2420_set_channel
 .text.cc2420_set_pan_addr
                0x0000e972      0x13a contiki-sky.a(cc2420.o)
                0x0000e972                cc2420_set_pan_addr
 .text.cc2420_init
                0x0000eaac       0xd4 contiki-sky.a(cc2420.o)
                0x0000eaac                cc2420_init
 .text.cc2420_interrupt
                0x0000eb80       0x20 contiki-sky.a(cc2420.o)
                0x0000eb80                cc2420_interrupt
 .text.cc2420_get_txpower
                0x0000eba0       0x1e contiki-sky.a(cc2420.o)
                0x0000eba0                cc2420_get_txpower
 .text.cc2420_transmit
                0x0000ebbe      0x1a4 contiki-sky.a(cc2420.o)
 .text.cc2420_send
                0x0000ed62       0x12 contiki-sky.a(cc2420.o)
 .text.cc2420_port1_interrupt
                0x0000ed74       0x6a contiki-sky.a(cc2420-arch.o)
                0x0000ed74                __isr_4
                0x0000ed74                cc2420_port1_interrupt
 .text.cc2420_arch_init
                0x0000edde       0x1a contiki-sky.a(cc2420-arch.o)
                0x0000edde                cc2420_arch_init
 .text.sky_sensors_status
                0x0000edf8       0x3c contiki-sky.a(sky-sensors.o)
                0x0000edf8                sky_sensors_status
 .text.sky_sensors_configure
                0x0000ee34       0xf6 contiki-sky.a(sky-sensors.o)
                0x0000ee34                sky_sensors_configure
 .text.handle_rxdma_timer
                0x0000ef2a       0x42 contiki-sky.a(uart1.o)
 .text.uart1_active
                0x0000ef6c       0x18 contiki-sky.a(uart1.o)
                0x0000ef6c                uart1_active
 .text.uart1_set_input
                0x0000ef84       0x20 contiki-sky.a(uart1.o)
                0x0000ef84                uart1_set_input
 .text.uart1_writeb
                0x0000efa4       0x1a contiki-sky.a(uart1.o)
                0x0000efa4                uart1_writeb
 .text.uart1_init
                0x0000efbe       0xee contiki-sky.a(uart1.o)
                0x0000efbe                uart1_init
 .text.putchar  0x0000f0ac        0xe contiki-sky.a(uart1-putchar.o)
                0x0000f0ac                putchar
 .text.msp430_init_dco
                0x0000f0ba       0x74 contiki-sky.a(msp430.o)
                0x0000f0ba                msp430_init_dco
 .text.msp430_add_lpm_req
                0x0000f12e        0xa contiki-sky.a(msp430.o)
                0x0000f12e                msp430_add_lpm_req
 .text.msp430_cpu_init
                0x0000f138       0x2a contiki-sky.a(msp430.o)
                0x0000f138                msp430_cpu_init
 .text.splhigh_
                0x0000f162        0x8 contiki-sky.a(msp430.o)
                0x0000f162                splhigh_
 .text.msp430_sync_dco
                0x0000f16a       0x60 contiki-sky.a(msp430.o)
                0x0000f16a                msp430_sync_dco
 .text.timera1  0x0000f1ca       0xee contiki-sky.a(clock.o)
                0x0000f1ca                __isr_5
                0x0000f1ca                timera1
 .text.clock_time
                0x0000f2b8       0x1a contiki-sky.a(clock.o)
                0x0000f2b8                clock_time
 .text.clock_init
                0x0000f2d2       0x28 contiki-sky.a(clock.o)
                0x0000f2d2                clock_init
 .text.clock_delay
                0x0000f2fa        0xc contiki-sky.a(clock.o)
                0x0000f2fa                clock_delay
 .text.clock_wait
                0x0000f306       0x36 contiki-sky.a(clock.o)
                0x0000f306                clock_wait
 .text.clock_seconds
                0x0000f33c       0x1a contiki-sky.a(clock.o)
                0x0000f33c                clock_seconds
 .text.show_leds
                0x0000f356      0x10c contiki-sky.a(leds.o)
 .text.leds_init
                0x0000f462        0xe contiki-sky.a(leds.o)
                0x0000f462                leds_init
 .text.leds_on  0x0000f470       0x14 contiki-sky.a(leds.o)
                0x0000f470                leds_on
 .text.leds_off
                0x0000f484       0x14 contiki-sky.a(leds.o)
                0x0000f484                leds_off
 .text.leds_arch_init
                0x0000f498        0xe contiki-sky.a(leds-arch.o)
                0x0000f498                leds_arch_init
 .text.leds_arch_set
                0x0000f4a6       0x3a contiki-sky.a(leds-arch.o)
                0x0000f4a6                leds_arch_set
 .text.watchdog_interrupt
                0x0000f4e0        0x6 contiki-sky.a(watchdog.o)
                0x0000f4e0                __isr_10
                0x0000f4e0                watchdog_interrupt
 .text.watchdog_start
                0x0000f4e6       0x14 contiki-sky.a(watchdog.o)
                0x0000f4e6                watchdog_start
 .text.watchdog_periodic
                0x0000f4fa       0x12 contiki-sky.a(watchdog.o)
                0x0000f4fa                watchdog_periodic
 .text.watchdog_stop
                0x0000f50c       0x16 contiki-sky.a(watchdog.o)
                0x0000f50c                watchdog_stop
 .text.watchdog_init
                0x0000f522       0x14 contiki-sky.a(watchdog.o)
                0x0000f522                watchdog_init
 .text.rtimer_arch_init
                0x0000f536        0xe contiki-sky.a(rtimer-arch.o)
                0x0000f536                rtimer_arch_init
 .text.rtimer_arch_now
                0x0000f544        0xe contiki-sky.a(rtimer-arch.o)
                0x0000f544                rtimer_arch_now
 .text.timera0  0x0000f552       0x76 contiki-sky.a(rtimer-arch.o)
                0x0000f552                __isr_6
                0x0000f552                timera0
 .text.rtimer_arch_schedule
                0x0000f5c8        0x6 contiki-sky.a(rtimer-arch.o)
                0x0000f5c8                rtimer_arch_schedule
 .text.field_len
                0x0000f5ce       0x98 contiki-sky.a(frame802154.o)
 .text.frame802154_hdrlen
                0x0000f666       0x2e contiki-sky.a(frame802154.o)
                0x0000f666                frame802154_hdrlen
 .text.frame802154_create
                0x0000f694      0x16c contiki-sky.a(frame802154.o)
                0x0000f694                frame802154_create
 .text.frame802154_parse
                0x0000f800      0x19e contiki-sky.a(frame802154.o)
                0x0000f800                frame802154_parse
 .text.mac_call_sent_callback
                0x0000f99e       0x14 contiki-sky.a(mac.o)
                0x0000f99e                mac_call_sent_callback
 .text.parse    0x0000f9b2       0xa8 contiki-sky.a(framer-802154.o)
 .text.create   0x0000fa5a      0x10a contiki-sky.a(framer-802154.o)
 .text.rpl_purge_routes
                0x0000fb64       0x96 contiki-sky.a(rpl.o)
                0x0000fb64                rpl_purge_routes
 .text.rpl_remove_routes
                0x0000fbfa       0x22 contiki-sky.a(rpl.o)
                0x0000fbfa                rpl_remove_routes
 .text.rpl_remove_routes_by_nexthop
                0x0000fc1c       0x46 contiki-sky.a(rpl.o)
                0x0000fc1c                rpl_remove_routes_by_nexthop
 .text.rpl_add_route
                0x0000fc62       0x46 contiki-sky.a(rpl.o)
                0x0000fc62                rpl_add_route
 .text.rpl_link_neighbor_callback
                0x0000fca8       0x6a contiki-sky.a(rpl.o)
                0x0000fca8                rpl_link_neighbor_callback
 .text.rpl_ipv6_neighbor_callback
                0x0000fd12       0x1e contiki-sky.a(rpl.o)
                0x0000fd12                rpl_ipv6_neighbor_callback
 .text.rpl_init
                0x0000fd30       0x40 contiki-sky.a(rpl.o)
                0x0000fd30                rpl_init
 .text.rpl_verify_header
                0x0000fd70       0xae contiki-sky.a(rpl-ext-header.)
                0x0000fd70                rpl_verify_header
 .text.rpl_update_header_empty
                0x0000fe1e       0xf8 contiki-sky.a(rpl-ext-header.)
                0x0000fe1e                rpl_update_header_empty
 .text.rpl_update_header_final
                0x0000ff16       0x84 contiki-sky.a(rpl-ext-header.)
                0x0000ff16                rpl_update_header_final
 .text.rpl_invert_header
                0x0000ff9a       0x5c contiki-sky.a(rpl-ext-header.)
                0x0000ff9a                rpl_invert_header
 .text.rpl_insert_header
                0x0000fff6       0x18 contiki-sky.a(rpl-ext-header.)
                0x0000fff6                rpl_insert_header
 .text.rev8bits
                0x0001000e       0x2c contiki-sky.a(sht11.o)
 .text.crc8_add
                0x0001003a       0x1c contiki-sky.a(sht11.o)
 .text.sstart   0x00010056       0x3e contiki-sky.a(sht11.o)
 .text.swrite   0x00010094       0x52 contiki-sky.a(sht11.o)
 .text.sread    0x000100e6       0x4e contiki-sky.a(sht11.o)
 .text.sreset   0x00010134       0x2a contiki-sky.a(sht11.o)
 .text.scmd     0x0001015e       0x98 contiki-sky.a(sht11.o)
 .text.sht11_init
                0x000101f6       0x1a contiki-sky.a(sht11.o)
                0x000101f6                sht11_init
 .text.sht11_off
                0x00010210       0x14 contiki-sky.a(sht11.o)
                0x00010210                sht11_off
 .text.sht11_temp
                0x00010224        0xa contiki-sky.a(sht11.o)
                0x00010224                sht11_temp
 .text.sht11_humidity
                0x0001022e        0xa contiki-sky.a(sht11.o)
                0x0001022e                sht11_humidity
 .text.sht11_sreg
                0x00010238       0x54 contiki-sky.a(sht11.o)
                0x00010238                sht11_sreg
 .text.spi_init
                0x0001028c       0x32 contiki-sky.a(spi.o)
                0x0001028c                spi_init
 .text.libgcc   0x000102be       0x20 /usr/lib/gcc/msp430/4.5.3/mmpy-16/libgcc.a(_mulsi3.o)
                0x000102be                __mulsi3
 .text.libgcc   0x000102de       0x1c /usr/lib/gcc/msp430/4.5.3/mmpy-16/libgcc.a(_udivmodhi4.o)
                0x000102de                __udivmodhi4
 .text.libgcc   0x000102fa       0x36 /usr/lib/gcc/msp430/4.5.3/mmpy-16/libgcc.a(_divmodhi4.o)
                0x000102fa                __divmodhi4
 .text.libgcc   0x00010330       0x2a /usr/lib/gcc/msp430/4.5.3/mmpy-16/libgcc.a(_udivmodsi4.o)
                0x00010330                __udivmodsi4
 .text.libgcc   0x0001035a       0x4a /usr/lib/gcc/msp430/4.5.3/mmpy-16/libgcc.a(_divmodsi4.o)
                0x0001035a                __divmodsi4
 .text.crt0     0x000103a4        0x2 /usr/lib/gcc/msp430/4.5.3/mmpy-16/libcrt0.a(_unexpected_.o)
                0x000103a4                _unexpected_

.rodata         0x000103a6        0x0
                0x000103a6                . = ALIGN (0x2)
 *(.rodata .rodata.* .gnu.linkonce.r.*)
                0x000103a6                . = ALIGN (0x2)
                0x000103a6                _etext = .

.data           0x00001100       0xda load address 0x000103a6
                0x00001100                . = ALIGN (0x2)
                0x00001100                PROVIDE (__data_start, .)
 *(.data)
 .data          0x00001100        0xa udp-sender.co
                0x00001100                udp_client_process
 .data          0x0000110a        0xc obj_sky/collect-common.o
                0x0000110a                collect_common_process
 .data          0x00001116       0x18 contiki-sky.a(csma.o)
 .data          0x0000112e        0x8 contiki-sky.a(rpl-dag.o)
 .data          0x00001136        0x4 contiki-sky.a(rpl-icmp6.o)
                0x00001136                rank_prev
 .data          0x0000113a        0xe contiki-sky.a(rpl-mrhof.o)
                0x0000113a                rpl_mrhof
 .data          0x00001148        0xa contiki-sky.a(serial-line.o)
                0x00001148                serial_line_process
 .data          0x00001152        0xa contiki-sky.a(etimer.o)
                0x00001152                etimer_process
 .data          0x0000115c        0xa contiki-sky.a(ctimer.o)
                0x0000115c                ctimer_process
 .data          0x00001166        0x8 contiki-sky.a(nbr-table.o)
 .data          0x0000116e       0x18 contiki-sky.a(queuebuf.o)
 .data          0x00001186        0xa contiki-sky.a(tcpip.o)
                0x00001186                tcpip_process
 .data          0x00001190       0x18 contiki-sky.a(uip-ds6-route.o)
 .data          0x000011a8        0xa contiki-sky.a(uip-ds6-nbr.o)
                0x000011a8                ds6_neighbors
 .data          0x000011b2        0x8 contiki-sky.a(uip-packetqueue)
 .data          0x000011ba        0x4 contiki-sky.a(contiki-sky-pla)
                0x000011ba                sensors
 .data          0x000011be        0x1 contiki-sky.a(sht11-sensor.o)
 *fill*         0x000011bf        0x1 00
 .data          0x000011c0        0xa contiki-sky.a(sensors.o)
                0x000011c0                sensors_process
 .data          0x000011ca        0xa contiki-sky.a(cc2420.o)
                0x000011ca                cc2420_process
 .data          0x000011d4        0x2 contiki-sky.a(msp430.o)
 .data          0x000011d6        0x4 /usr/lib/gcc/msp430/4.5.3/../../../../msp430/lib/mmpy-16/libc.a(rand.o)
 *(SORT(.data.*))
                0x000011da                . = ALIGN (0x2)
 *(.gnu.linkonce.d*)
                0x000011da                . = ALIGN (0x2)
                0x000011da                _edata = .
                0x000103a6                PROVIDE (__data_load_start, LOADADDR (.data))
                0x000000da                PROVIDE (__data_size, SIZEOF (.data))

.bss            0x000011da     0x1d26 load address 0x00010480
                0x000011da                PROVIDE (__bss_start, .)
 *(.bss)
 .bss           0x000011da       0x14 udp-sender.co
 .bss           0x000011ee       0x1c obj_sky/collect-common.o
 .bss           0x0000120a        0xc obj_sky/contiki-sky-main.o
 .bss           0x00001216       0xbe contiki-sky.a(sicslowmac.o)
                0x00001216                attack_flag
                0x00001218                attacker
 .bss           0x000012d4       0xc2 contiki-sky.a(csma.o)
 .bss           0x00001396       0xca contiki-sky.a(rpl-dag.o)
 .bss           0x00001460       0x18 contiki-sky.a(rpl-timers.o)
 .bss           0x00001478        0x2 contiki-sky.a(rpl-mrhof.o)
                0x00001478                attack_flag_new
 .bss           0x0000147a       0x42 contiki-sky.a(process.o)
                0x0000147a                process_list
                0x0000147c                process_current
 .bss           0x000014bc      0x10a contiki-sky.a(serial-line.o)
 .bss           0x000015c6        0x6 contiki-sky.a(etimer.o)
 .bss           0x000015cc        0x4 contiki-sky.a(ctimer.o)
 .bss           0x000015d0        0x2 contiki-sky.a(rtimer.o)
 .bss           0x000015d2      0x118 contiki-sky.a(nbr-table.o)
 .bss           0x000016ea      0x71e contiki-sky.a(queuebuf.o)
 .bss           0x00001e08      0x122 contiki-sky.a(sicslowpan.o)
 .bss           0x00001f2a       0x36 contiki-sky.a(tcpip.o)
 .bss           0x00001f60      0x2fc contiki-sky.a(uip-ds6-route.o)
 .bss           0x0000225c      0x370 contiki-sky.a(uip-ds6-nbr.o)
 .bss           0x000025cc       0x1c contiki-sky.a(uip-ds6.o)
 .bss           0x000025e8       0x10 contiki-sky.a(uip-icmp6.o)
 .bss           0x000025f8        0xa contiki-sky.a(uip-nd6.o)
 .bss           0x00002602      0x216 contiki-sky.a(uip-packetqueue)
 .bss           0x00002818       0x10 contiki-sky.a(uip6.o)
                0x00002818                uip_ext_bitmap
                0x0000281a                uip_ext_len
                0x0000281c                uip_ext_opt_offset
 .bss           0x00002828       0x10 contiki-sky.a(collect-view.o)
 .bss           0x00002838        0x8 contiki-sky.a(button-sensor.o)
 .bss           0x00002840        0x8 contiki-sky.a(node-id.o)
                0x00002840                node_id
                0x00002842                node_loc_x
                0x00002844                node_loc_y
                0x00002846                node_loc_z
 .bss           0x00002848        0x6 contiki-sky.a(sensors.o)
 .bss           0x0000284e        0xa contiki-sky.a(cc2420.o)
 .bss           0x00002858        0x4 contiki-sky.a(sky-sensors.o)
 .bss           0x0000285c       0x9a contiki-sky.a(uart1.o)
 .bss           0x000028f6        0xa contiki-sky.a(clock.o)
 .bss           0x00002900        0x2 contiki-sky.a(leds.o)
 .bss           0x00002902        0x2 contiki-sky.a(watchdog.o)
 .bss           0x00002904        0x2 contiki-sky.a(framer-802154.o)
 *(SORT(.bss.*))
 *(COMMON)
 COMMON         0x00002906        0x8 contiki-sky.a(rimeaddr.o)
                0x00002906                rimeaddr_node_addr
 COMMON         0x0000290e       0x50 contiki-sky.a(sicslowmac.o)
                0x0000290e                packetbuf_addrs
                0x0000292e                packetbuf_attrs
 COMMON         0x0000295e       0xbe contiki-sky.a(rpl-dag.o)
                0x0000295e                default_instance
                0x00002960                instance_table
 COMMON         0x00002a1c        0x1 contiki-sky.a(process.o)
                0x00002a1c                process_maxevents
 COMMON         0x00002a1d        0x1 contiki-sky.a(serial-line.o)
                0x00002a1d                serial_line_event_message
 COMMON         0x00002a1e       0x56 contiki-sky.a(energest.o)
                0x00002a1e                energest_total_time
                0x00002a4e                energest_total_count
                0x00002a50                energest_current_mode
                0x00002a5c                energest_current_time
 COMMON         0x00002a74        0x8 contiki-sky.a(sicslowpan.o)
                0x00002a74                frag_sender
 COMMON         0x00002a7c        0x1 contiki-sky.a(tcpip.o)
                0x00002a7c                tcpip_event
 *fill*         0x00002a7d        0x1 00
 COMMON         0x00002a7e      0x15c contiki-sky.a(uip-ds6.o)
                0x00002a7e                uip_ds6_timer_ra
                0x00002a86                uip_ds6_if
                0x00002b72                uip_ds6_netif_addr_list_offset
                0x00002b73                uip_ds6_addr_size
                0x00002b74                uip_ds6_prefix_list
                0x00002bce                uip_ds6_timer_periodic
 COMMON         0x00002bda      0x304 contiki-sky.a(uip6.o)
                0x00002bda                uip_len
                0x00002bdc                uip_sappdata
                0x00002bde                uip_acc32
                0x00002be2                uip_lladdr
                0x00002bea                uip_aligned_buf
                0x00002cda                uip_flags
                0x00002cdc                uip_next_hdr
                0x00002cde                uip_udp_conn
                0x00002ce0                uip_appdata
                0x00002ce2                uip_conn
                0x00002ce4                uip_conns
                0x00002d94                uip_listenports
                0x00002da4                uip_slen
                0x00002da6                uip_udp_conns
 COMMON         0x00002ede        0x2 contiki-sky.a(contiki-sky-pla)
                0x00002ede                sensors_flags
 COMMON         0x00002ee0        0x8 contiki-sky.a(ds2411.o)
                0x00002ee0                ds2411_id
 COMMON         0x00002ee8        0x1 contiki-sky.a(sensors.o)
                0x00002ee8                sensors_event
 *fill*         0x00002ee9        0x1 00
 COMMON         0x00002eea       0x14 contiki-sky.a(cc2420.o)
                0x00002eea                cc2420_last_rssi
                0x00002eec                cc2420_packets_read
                0x00002eee                cc2420_packets_seen
                0x00002ef0                cc2420_sfd_start_time
                0x00002ef2                cc2420_time_of_departure
                0x00002ef4                cc2420_time_of_arrival
                0x00002ef6                cc2420_last_correlation
                0x00002ef8                cc2420_authority_level_of_sender
                0x00002efa                cc2420_sfd_counter
                0x00002efc                cc2420_sfd_end_time
 COMMON         0x00002efe        0x2 contiki-sky.a(msp430.o)
                0x00002efe                msp430_dco_required
                0x00002f00                PROVIDE (__bss_end, .)
                0x00002f00                _end = .
                0x00001d26                PROVIDE (__bss_size, SIZEOF (.bss))

.noinit         0x00002f00        0x0 load address 0x00010480
                0x00002f00                PROVIDE (__noinit_start, .)
 *(.noinit)
 *(.noinit.*)
 *(COMMON)
                0x00002f00                PROVIDE (__noinit_end, .)
                0x00002f00                _end = .

.infomem        0x00001000        0x0
 *(.infomem)
                0x00001000                . = ALIGN (0x2)
 *(.infomem.*)

.infomemnobits  0x00001000        0x0
                0x00001000                . = ALIGN (0x2)
 *(.infomemnobits)
                0x00001000                . = ALIGN (0x2)
 *(.infomemnobits.*)

.vectors        0x0000ffe0       0x20
                0x0000ffe0                PROVIDE (__vectors_start, .)
 *(.vectors*)
 .vectors       0x0000ffe0       0x20 /usr/lib/gcc/msp430/4.5.3/mmpy-16/crt0ivtbl16.o
                0x0000ffe0                __ivtbl_16
                0x00010000                _vectors_end = .

.fartext        0x00000000        0x0
                0x00000000                . = ALIGN (0x2)
 *(.fartext)
                0x00000000                . = ALIGN (0x2)
 *(.fartext.*)
                0x00000000                _efartext = .

.profiler
 *(.profiler)

.stab
 *(.stab)

.stabstr
 *(.stabstr)

.stab.excl
 *(.stab.excl)

.stab.exclstr
 *(.stab.exclstr)

.stab.index
 *(.stab.index)

.stab.indexstr
 *(.stab.indexstr)

.comment
 *(.comment)

.debug
 *(.debug)

.line
 *(.line)

.debug_srcinfo
 *(.debug_srcinfo)

.debug_sfnames
 *(.debug_sfnames)

.debug_aranges  0x00000000      0x258
 *(.debug_aranges)
 .debug_aranges
                0x00000000       0x14 /usr/lib/gcc/msp430/4.5.3/mmpy-16/libgcc.a(_mulsi3.o)
 .debug_aranges
                0x00000014       0x14 /usr/lib/gcc/msp430/4.5.3/mmpy-16/libgcc.a(_udivmodhi4.o)
 .debug_aranges
                0x00000028       0x14 /usr/lib/gcc/msp430/4.5.3/mmpy-16/libgcc.a(_divmodhi4.o)
 .debug_aranges
                0x0000003c       0x14 /usr/lib/gcc/msp430/4.5.3/mmpy-16/libgcc.a(_udivmodsi4.o)
 .debug_aranges
                0x00000050       0x14 /usr/lib/gcc/msp430/4.5.3/mmpy-16/libgcc.a(_divmodsi4.o)
 .debug_aranges
                0x00000064       0x14 /usr/lib/gcc/msp430/4.5.3/mmpy-16/libgcc.a(_fixunssfsi.o)
 .debug_aranges
                0x00000078       0x14 /usr/lib/gcc/msp430/4.5.3/mmpy-16/libgcc.a(_addsub_sf.o)
 .debug_aranges
                0x0000008c       0x14 /usr/lib/gcc/msp430/4.5.3/mmpy-16/libgcc.a(_mul_sf.o)
 .debug_aranges
                0x000000a0       0x14 /usr/lib/gcc/msp430/4.5.3/mmpy-16/libgcc.a(_ge_sf.o)
 .debug_aranges
                0x000000b4       0x14 /usr/lib/gcc/msp430/4.5.3/mmpy-16/libgcc.a(_sf_to_si.o)
 .debug_aranges
                0x000000c8       0x14 /usr/lib/gcc/msp430/4.5.3/mmpy-16/libgcc.a(_usi_to_sf.o)
 .debug_aranges
                0x000000dc       0x14 /usr/lib/gcc/msp430/4.5.3/mmpy-16/libgcc.a(_clzsi2.o)
 .debug_aranges
                0x000000f0       0x14 /usr/lib/gcc/msp430/4.5.3/mmpy-16/libgcc.a(_pack_sf.o)
 .debug_aranges
                0x00000104       0x14 /usr/lib/gcc/msp430/4.5.3/mmpy-16/libgcc.a(_unpack_sf.o)
 .debug_aranges
                0x00000118       0x14 /usr/lib/gcc/msp430/4.5.3/mmpy-16/libgcc.a(_fpcmp_parts_sf.o)
 .debug_aranges
                0x0000012c       0x14 /usr/lib/gcc/msp430/4.5.3/../../../../msp430/lib/mmpy-16/libc.a(strncmp.o)
 .debug_aranges
                0x00000140       0x14 /usr/lib/gcc/msp430/4.5.3/../../../../msp430/lib/mmpy-16/libc.a(memcmp.o)
 .debug_aranges
                0x00000154       0x14 /usr/lib/gcc/msp430/4.5.3/../../../../msp430/lib/mmpy-16/libc.a(memcpy.o)
 .debug_aranges
                0x00000168       0x14 /usr/lib/gcc/msp430/4.5.3/../../../../msp430/lib/mmpy-16/libc.a(memmove.o)
 .debug_aranges
                0x0000017c       0x14 /usr/lib/gcc/msp430/4.5.3/../../../../msp430/lib/mmpy-16/libc.a(memset.o)
 .debug_aranges
                0x00000190       0x14 /usr/lib/gcc/msp430/4.5.3/../../../../msp430/lib/mmpy-16/libc.a(printf.o)
 .debug_aranges
                0x000001a4       0x14 /usr/lib/gcc/msp430/4.5.3/../../../../msp430/lib/mmpy-16/libc.a(vuprintf.o)
 .debug_aranges
                0x000001b8       0x14 /usr/lib/gcc/msp430/4.5.3/../../../../msp430/lib/mmpy-16/libc.a(puts.o)
 .debug_aranges
                0x000001cc       0x14 /usr/lib/gcc/msp430/4.5.3/../../../../msp430/lib/mmpy-16/libc.a(rand.o)
 .debug_aranges
                0x000001e0       0x14 /usr/lib/gcc/msp430/4.5.3/mmpy-16/libcrt0.a(__init_stack.o)
 .debug_aranges
                0x000001f4       0x14 /usr/lib/gcc/msp430/4.5.3/mmpy-16/libcrt0.a(__low_level_init.o)
 .debug_aranges
                0x00000208       0x14 /usr/lib/gcc/msp430/4.5.3/mmpy-16/libcrt0.a(_copy_data.o)
 .debug_aranges
                0x0000021c       0x14 /usr/lib/gcc/msp430/4.5.3/mmpy-16/libcrt0.a(_clear_bss.o)
 .debug_aranges
                0x00000230       0x14 /usr/lib/gcc/msp430/4.5.3/mmpy-16/libcrt0.a(_endless_loop__.o)
 .debug_aranges
                0x00000244       0x14 /usr/lib/gcc/msp430/4.5.3/mmpy-16/libcrt0.a(_unexpected_.o)

.debug_pubnames
                0x00000000      0x2bd
 *(.debug_pubnames)
 .debug_pubnames
                0x00000000       0x23 /usr/lib/gcc/msp430/4.5.3/mmpy-16/libgcc.a(_fixunssfsi.o)
 .debug_pubnames
                0x00000023       0x2c /usr/lib/gcc/msp430/4.5.3/mmpy-16/libgcc.a(_addsub_sf.o)
 .debug_pubnames
                0x0000004f       0x1f /usr/lib/gcc/msp430/4.5.3/mmpy-16/libgcc.a(_mul_sf.o)
 .debug_pubnames
                0x0000006e       0x1e /usr/lib/gcc/msp430/4.5.3/mmpy-16/libgcc.a(_ge_sf.o)
 .debug_pubnames
                0x0000008c       0x20 /usr/lib/gcc/msp430/4.5.3/mmpy-16/libgcc.a(_sf_to_si.o)
 .debug_pubnames
                0x000000ac       0x22 /usr/lib/gcc/msp430/4.5.3/mmpy-16/libgcc.a(_thenan_sf.o)
 .debug_pubnames
                0x000000ce       0x24 /usr/lib/gcc/msp430/4.5.3/mmpy-16/libgcc.a(_usi_to_sf.o)
 .debug_pubnames
                0x000000f2       0x1f /usr/lib/gcc/msp430/4.5.3/mmpy-16/libgcc.a(_clzsi2.o)
 .debug_pubnames
                0x00000111       0x1f /usr/lib/gcc/msp430/4.5.3/mmpy-16/libgcc.a(_pack_sf.o)
 .debug_pubnames
                0x00000130       0x21 /usr/lib/gcc/msp430/4.5.3/mmpy-16/libgcc.a(_unpack_sf.o)
 .debug_pubnames
                0x00000151       0x26 /usr/lib/gcc/msp430/4.5.3/mmpy-16/libgcc.a(_fpcmp_parts_sf.o)
 .debug_pubnames
                0x00000177       0x20 /usr/lib/gcc/msp430/4.5.3/mmpy-16/libgcc.a(_clz.o)
 .debug_pubnames
                0x00000197       0x1e /usr/lib/gcc/msp430/4.5.3/../../../../msp430/lib/mmpy-16/libc.a(strncmp.o)
 .debug_pubnames
                0x000001b5       0x1d /usr/lib/gcc/msp430/4.5.3/../../../../msp430/lib/mmpy-16/libc.a(memcmp.o)
 .debug_pubnames
                0x000001d2       0x1d /usr/lib/gcc/msp430/4.5.3/../../../../msp430/lib/mmpy-16/libc.a(memcpy.o)
 .debug_pubnames
                0x000001ef       0x1e /usr/lib/gcc/msp430/4.5.3/../../../../msp430/lib/mmpy-16/libc.a(memmove.o)
 .debug_pubnames
                0x0000020d       0x1d /usr/lib/gcc/msp430/4.5.3/../../../../msp430/lib/mmpy-16/libc.a(memset.o)
 .debug_pubnames
                0x0000022a       0x29 /usr/lib/gcc/msp430/4.5.3/../../../../msp430/lib/mmpy-16/libc.a(printf.o)
 .debug_pubnames
                0x00000253       0x1f /usr/lib/gcc/msp430/4.5.3/../../../../msp430/lib/mmpy-16/libc.a(vuprintf.o)
 .debug_pubnames
                0x00000272       0x1b /usr/lib/gcc/msp430/4.5.3/../../../../msp430/lib/mmpy-16/libc.a(puts.o)
 .debug_pubnames
                0x0000028d       0x30 /usr/lib/gcc/msp430/4.5.3/../../../../msp430/lib/mmpy-16/libc.a(rand.o)

.debug_info     0x00000000     0x2d9f
 *(.debug_info)
 .debug_info    0x00000000       0xd7 /usr/lib/gcc/msp430/4.5.3/mmpy-16/libgcc.a(_mulsi3.o)
 .debug_info    0x000000d7       0xd7 /usr/lib/gcc/msp430/4.5.3/mmpy-16/libgcc.a(_udivmodhi4.o)
 .debug_info    0x000001ae       0xd7 /usr/lib/gcc/msp430/4.5.3/mmpy-16/libgcc.a(_divmodhi4.o)
 .debug_info    0x00000285       0xd7 /usr/lib/gcc/msp430/4.5.3/mmpy-16/libgcc.a(_udivmodsi4.o)
 .debug_info    0x0000035c       0xd7 /usr/lib/gcc/msp430/4.5.3/mmpy-16/libgcc.a(_divmodsi4.o)
 .debug_info    0x00000433       0xae /usr/lib/gcc/msp430/4.5.3/mmpy-16/libgcc.a(_fixunssfsi.o)
 .debug_info    0x000004e1      0x432 /usr/lib/gcc/msp430/4.5.3/mmpy-16/libgcc.a(_addsub_sf.o)
 .debug_info    0x00000913      0x3d6 /usr/lib/gcc/msp430/4.5.3/mmpy-16/libgcc.a(_mul_sf.o)
 .debug_info    0x00000ce9      0x27b /usr/lib/gcc/msp430/4.5.3/mmpy-16/libgcc.a(_ge_sf.o)
 .debug_info    0x00000f64      0x296 /usr/lib/gcc/msp430/4.5.3/mmpy-16/libgcc.a(_sf_to_si.o)
 .debug_info    0x000011fa      0x151 /usr/lib/gcc/msp430/4.5.3/mmpy-16/libgcc.a(_thenan_sf.o)
 .debug_info    0x0000134b      0x217 /usr/lib/gcc/msp430/4.5.3/mmpy-16/libgcc.a(_usi_to_sf.o)
 .debug_info    0x00001562      0x115 /usr/lib/gcc/msp430/4.5.3/mmpy-16/libgcc.a(_clzsi2.o)
 .debug_info    0x00001677      0x2c2 /usr/lib/gcc/msp430/4.5.3/mmpy-16/libgcc.a(_pack_sf.o)
 .debug_info    0x00001939      0x24d /usr/lib/gcc/msp430/4.5.3/mmpy-16/libgcc.a(_unpack_sf.o)
 .debug_info    0x00001b86      0x1e2 /usr/lib/gcc/msp430/4.5.3/mmpy-16/libgcc.a(_fpcmp_parts_sf.o)
 .debug_info    0x00001d68       0x99 /usr/lib/gcc/msp430/4.5.3/mmpy-16/libgcc.a(_clz.o)
 .debug_info    0x00001e01       0xbd /usr/lib/gcc/msp430/4.5.3/../../../../msp430/lib/mmpy-16/libc.a(strncmp.o)
 .debug_info    0x00001ebe       0xe2 /usr/lib/gcc/msp430/4.5.3/../../../../msp430/lib/mmpy-16/libc.a(memcmp.o)
 .debug_info    0x00001fa0      0x113 /usr/lib/gcc/msp430/4.5.3/../../../../msp430/lib/mmpy-16/libc.a(memcpy.o)
 .debug_info    0x000020b3      0x113 /usr/lib/gcc/msp430/4.5.3/../../../../msp430/lib/mmpy-16/libc.a(memmove.o)
 .debug_info    0x000021c6       0xfe /usr/lib/gcc/msp430/4.5.3/../../../../msp430/lib/mmpy-16/libc.a(memset.o)
 .debug_info    0x000022c4      0x103 /usr/lib/gcc/msp430/4.5.3/../../../../msp430/lib/mmpy-16/libc.a(printf.o)
 .debug_info    0x000023c7      0x3b5 /usr/lib/gcc/msp430/4.5.3/../../../../msp430/lib/mmpy-16/libc.a(vuprintf.o)
 .debug_info    0x0000277c       0x96 /usr/lib/gcc/msp430/4.5.3/../../../../msp430/lib/mmpy-16/libc.a(puts.o)
 .debug_info    0x00002812      0x137 /usr/lib/gcc/msp430/4.5.3/../../../../msp430/lib/mmpy-16/libc.a(rand.o)
 .debug_info    0x00002949       0xb9 /usr/lib/gcc/msp430/4.5.3/mmpy-16/libcrt0.a(__init_stack.o)
 .debug_info    0x00002a02       0xb9 /usr/lib/gcc/msp430/4.5.3/mmpy-16/libcrt0.a(__low_level_init.o)
 .debug_info    0x00002abb       0xb9 /usr/lib/gcc/msp430/4.5.3/mmpy-16/libcrt0.a(_copy_data.o)
 .debug_info    0x00002b74       0xb9 /usr/lib/gcc/msp430/4.5.3/mmpy-16/libcrt0.a(_clear_bss.o)
 .debug_info    0x00002c2d       0xb9 /usr/lib/gcc/msp430/4.5.3/mmpy-16/libcrt0.a(_endless_loop__.o)
 .debug_info    0x00002ce6       0xb9 /usr/lib/gcc/msp430/4.5.3/mmpy-16/libcrt0.a(_unexpected_.o)
 *(.gnu.linkonce.wi.*)

.debug_abbrev   0x00000000     0x1524
 *(.debug_abbrev)
 .debug_abbrev  0x00000000       0x14 /usr/lib/gcc/msp430/4.5.3/mmpy-16/libgcc.a(_mulsi3.o)
 .debug_abbrev  0x00000014       0x14 /usr/lib/gcc/msp430/4.5.3/mmpy-16/libgcc.a(_udivmodhi4.o)
 .debug_abbrev  0x00000028       0x14 /usr/lib/gcc/msp430/4.5.3/mmpy-16/libgcc.a(_divmodhi4.o)
 .debug_abbrev  0x0000003c       0x14 /usr/lib/gcc/msp430/4.5.3/mmpy-16/libgcc.a(_udivmodsi4.o)
 .debug_abbrev  0x00000050       0x14 /usr/lib/gcc/msp430/4.5.3/mmpy-16/libgcc.a(_divmodsi4.o)
 .debug_abbrev  0x00000064       0x5d /usr/lib/gcc/msp430/4.5.3/mmpy-16/libgcc.a(_fixunssfsi.o)
 .debug_abbrev  0x000000c1      0x1ab /usr/lib/gcc/msp430/4.5.3/mmpy-16/libgcc.a(_addsub_sf.o)
 .debug_abbrev  0x0000026c      0x1d9 /usr/lib/gcc/msp430/4.5.3/mmpy-16/libgcc.a(_mul_sf.o)
 .debug_abbrev  0x00000445      0x151 /usr/lib/gcc/msp430/4.5.3/mmpy-16/libgcc.a(_ge_sf.o)
 .debug_abbrev  0x00000596      0x160 /usr/lib/gcc/msp430/4.5.3/mmpy-16/libgcc.a(_sf_to_si.o)
 .debug_abbrev  0x000006f6       0xcb /usr/lib/gcc/msp430/4.5.3/mmpy-16/libgcc.a(_thenan_sf.o)
 .debug_abbrev  0x000007c1      0x16d /usr/lib/gcc/msp430/4.5.3/mmpy-16/libgcc.a(_usi_to_sf.o)
 .debug_abbrev  0x0000092e       0xbd /usr/lib/gcc/msp430/4.5.3/mmpy-16/libgcc.a(_clzsi2.o)
 .debug_abbrev  0x000009eb      0x183 /usr/lib/gcc/msp430/4.5.3/mmpy-16/libgcc.a(_pack_sf.o)
 .debug_abbrev  0x00000b6e      0x14b /usr/lib/gcc/msp430/4.5.3/mmpy-16/libgcc.a(_unpack_sf.o)
 .debug_abbrev  0x00000cb9      0x10b /usr/lib/gcc/msp430/4.5.3/mmpy-16/libgcc.a(_fpcmp_parts_sf.o)
 .debug_abbrev  0x00000dc4       0x61 /usr/lib/gcc/msp430/4.5.3/mmpy-16/libgcc.a(_clz.o)
 .debug_abbrev  0x00000e25       0x6d /usr/lib/gcc/msp430/4.5.3/../../../../msp430/lib/mmpy-16/libc.a(strncmp.o)
 .debug_abbrev  0x00000e92       0x8a /usr/lib/gcc/msp430/4.5.3/../../../../msp430/lib/mmpy-16/libc.a(memcmp.o)
 .debug_abbrev  0x00000f1c       0x97 /usr/lib/gcc/msp430/4.5.3/../../../../msp430/lib/mmpy-16/libc.a(memcpy.o)
 .debug_abbrev  0x00000fb3       0x97 /usr/lib/gcc/msp430/4.5.3/../../../../msp430/lib/mmpy-16/libc.a(memmove.o)
 .debug_abbrev  0x0000104a       0x8d /usr/lib/gcc/msp430/4.5.3/../../../../msp430/lib/mmpy-16/libc.a(memset.o)
 .debug_abbrev  0x000010d7       0xce /usr/lib/gcc/msp430/4.5.3/../../../../msp430/lib/mmpy-16/libc.a(printf.o)
 .debug_abbrev  0x000011a5      0x1cb /usr/lib/gcc/msp430/4.5.3/../../../../msp430/lib/mmpy-16/libc.a(vuprintf.o)
 .debug_abbrev  0x00001370       0x60 /usr/lib/gcc/msp430/4.5.3/../../../../msp430/lib/mmpy-16/libc.a(puts.o)