Archive member included because of file (symbol)

contiki-sky.a(rimeaddr.o)     obj_sky/contiki-sky-main.o (rimeaddr_copy)
contiki-sky.a(rime.o)         obj_sky/contiki-sky-main.o (rime_driver)
contiki-sky.a(announcement.o)
                              contiki-sky.a(rime.o) (announcement_init)
contiki-sky.a(broadcast-annou)
                              contiki-sky.a(rime.o) (broadcast_announcement_init)
contiki-sky.a(broadcast.o)    contiki-sky.a(broadcast-annou) (broadcast_open)
contiki-sky.a(abc.o)          contiki-sky.a(broadcast.o) (abc_open)
contiki-sky.a(chameleon.o)    contiki-sky.a(rime.o) (chameleon_init)
contiki-sky.a(channel.o)      contiki-sky.a(chameleon.o) (channel_init)
contiki-sky.a(chameleon-bitop)
                              contiki-sky.a(chameleon.o) (chameleon_bitopt)
contiki-sky.a(sicslowmac.o)   contiki-sky.a(chameleon-bitop) (packetbuf_hdrreduce)
contiki-sky.a(csma.o)         obj_sky/contiki-sky-main.o (csma_driver)
contiki-sky.a(process.o)      obj_sky/contiki-sky-main.o (process_init)
contiki-sky.a(autostart.o)    obj_sky/contiki-sky-main.o (autostart_start)
contiki-sky.a(serial-line.o)  obj_sky/contiki-sky-main.o (serial_line_input_byte)
contiki-sky.a(memb.o)         contiki-sky.a(csma.o) (memb_init)
contiki-sky.a(timer.o)        obj_sky/contiki-sky-main.o (timer_set)
contiki-sky.a(list.o)         contiki-sky.a(announcement.o) (list_init)
contiki-sky.a(etimer.o)       obj_sky/contiki-sky-main.o (etimer_process)
contiki-sky.a(ctimer.o)       obj_sky/contiki-sky-main.o (ctimer_init)
contiki-sky.a(energest.o)     obj_sky/contiki-sky-main.o (energest_init)
contiki-sky.a(rtimer.o)       obj_sky/contiki-sky-main.o (rtimer_init)
contiki-sky.a(random.o)       obj_sky/contiki-sky-main.o (random_init)
contiki-sky.a(ringbuf.o)      contiki-sky.a(serial-line.o) (ringbuf_init)
contiki-sky.a(queuebuf.o)     contiki-sky.a(rime.o) (queuebuf_init)
contiki-sky.a(serial-shell.o)
                              collect-view-shell.co (serial_shell_init)
contiki-sky.a(shell.o)        contiki-sky.a(serial-shell.o) (shell_input)
contiki-sky.a(shell-reboot.o)
                              collect-view-shell.co (shell_reboot_init)
contiki-sky.a(shell-rime.o)   collect-view-shell.co (shell_rime_init)
contiki-sky.a(shell-blink.o)  collect-view-shell.co (shell_blink_init)
contiki-sky.a(shell-text.o)   collect-view-shell.co (shell_text_init)
contiki-sky.a(shell-time.o)   collect-view-shell.co (shell_time_init)
contiki-sky.a(shell-rime-netc)
                              collect-view-shell.co (shell_rime_netcmd_init)
contiki-sky.a(shell-powertrac)
                              collect-view-shell.co (shell_powertrace_init)
contiki-sky.a(shell-collect-v)
                              collect-view-shell.co (shell_collect_view_init)
contiki-sky.a(shell-sky.o)    collect-view-shell.co (shell_sky_init)
contiki-sky.a(contiki-sky-pla)
                              obj_sky/contiki-sky-main.o (init_platform)
contiki-sky.a(sht11-sensor.o)
                              contiki-sky.a(shell-sky.o) (sht11_sensor)
contiki-sky.a(light-sensor.o)
                              contiki-sky.a(shell-sky.o) (light_sensor)
contiki-sky.a(battery-sensor.)
                              contiki-sky.a(shell-sky.o) (battery_sensor)
contiki-sky.a(button-sensor.o)
                              contiki-sky.a(contiki-sky-pla) (button_sensor)
contiki-sky.a(ds2411.o)       obj_sky/contiki-sky-main.o (ds2411_init)
contiki-sky.a(xmem.o)         obj_sky/contiki-sky-main.o (xmem_init)
contiki-sky.a(node-id.o)      obj_sky/contiki-sky-main.o (node_id_restore)
contiki-sky.a(sensors.o)      contiki-sky.a(button-sensor.o) (sensors_changed)
contiki-sky.a(cc2420.o)       contiki-sky.a(shell-sky.o) (cc2420_on)
contiki-sky.a(cc2420-arch.o)  contiki-sky.a(cc2420.o) (cc2420_arch_init)
contiki-sky.a(sky-sensors.o)  contiki-sky.a(light-sensor.o) (sky_sensors_status)
contiki-sky.a(uart1.o)        obj_sky/contiki-sky-main.o (uart1_active)
contiki-sky.a(uart1-putchar.o)
                              obj_sky/contiki-sky-main.o (putchar)
contiki-sky.a(msp430.o)       contiki-sky.a(uart1.o) (msp430_add_lpm_req)
contiki-sky.a(clock.o)        contiki-sky.a(timer.o) (clock_time)
contiki-sky.a(leds.o)         obj_sky/contiki-sky-main.o (leds_init)
contiki-sky.a(leds-arch.o)    contiki-sky.a(leds.o) (leds_arch_init)
contiki-sky.a(watchdog.o)     obj_sky/contiki-sky-main.o (watchdog_start)
contiki-sky.a(rtimer-arch.o)  contiki-sky.a(rtimer.o) (rtimer_arch_init)
contiki-sky.a(trickle.o)      contiki-sky.a(shell-rime-netc) (trickle_open)
contiki-sky.a(route.o)        contiki-sky.a(shell-rime.o) (route_num)
contiki-sky.a(collect.o)      contiki-sky.a(shell-rime.o) (collect_open)
contiki-sky.a(collect-neighbo)
                              contiki-sky.a(collect.o) (collect_neighbor_init)
contiki-sky.a(collect-link-es)
                              contiki-sky.a(collect-neighbo) (collect_link_estimate_new)
[...]
Memory Configuration

Name             Origin             Length             Attributes
sfr              0x00000000         0x00000010
peripheral_8bit  0x00000010         0x000000f0
peripheral_16bit 0x00000100         0x00000100
infomem          0x00001000         0x00000100
infob            0x00001000         0x00000080
infoa            0x00001080         0x00000080
ram              0x00001100         0x00002800         xw
rom              0x00004000         0x0000bfe0         xr
vectors          0x0000ffe0         0x00000020
bsl              0x00000000         0x00000000
infoc            0x00000000         0x00000000
infod            0x00000000         0x00000000
far_rom          0x00000000         0x00000000
*default*        0x00000000         0xffffffff

Linker script and memory map

LOAD /usr/lib/gcc/msp430/4.5.3/mmpy-16/crt0ivtbl16.o
LOAD collect-view-shell.co
LOAD obj_sky/contiki-sky-main.o
LOAD contiki-sky.a
LOAD /usr/lib/gcc/msp430/4.5.3/mmpy-16/libgcc.a
LOAD /usr/lib/gcc/msp430/4.5.3/../../../../msp430/lib/mmpy-16/libc.a
LOAD /usr/lib/gcc/msp430/4.5.3/mmpy-16/libgcc.a
LOAD /usr/lib/gcc/msp430/4.5.3/mmpy-16/libcrt0.a
                0x00000000                __IE1 = 0x0
                0x00000002                __IFG1 = 0x2
                0x00000004                __ME1 = 0x4
                0x00000001                __IE2 = 0x1
                0x00000003                __IFG2 = 0x3
                0x00000005                __ME2 = 0x5
                0x00000120                __WDTCTL = 0x120
                0x00000130                __MPY = 0x130
                0x00000132                __MPYS = 0x132
                0x00000134                __MAC = 0x134
                0x00000136                __MACS = 0x136
                0x00000138                __OP2 = 0x138
                0x0000013a                __RESLO = 0x13a
                0x0000013c                __RESHI = 0x13c
                0x0000013e                __SUMEXT = 0x13e
                0x00000020                __P1IN = 0x20
                0x00000021                __P1OUT = 0x21
                0x00000022                __P1DIR = 0x22
                0x00000023                __P1IFG = 0x23
                0x00000024                __P1IES = 0x24
                0x00000025                __P1IE = 0x25
                0x00000026                __P1SEL = 0x26
                0x00000028                __P2IN = 0x28
                0x00000029                __P2OUT = 0x29
                0x0000002a                __P2DIR = 0x2a
                0x0000002b                __P2IFG = 0x2b
                0x0000002c                __P2IES = 0x2c
                0x0000002d                __P2IE = 0x2d
                0x0000002e                __P2SEL = 0x2e
                0x00000018                __P3IN = 0x18
                0x00000019                __P3OUT = 0x19
                0x0000001a                __P3DIR = 0x1a
                0x0000001b                __P3SEL = 0x1b
                0x0000001c                __P4IN = 0x1c
                0x0000001d                __P4OUT = 0x1d
                0x0000001e                __P4DIR = 0x1e
                0x0000001f                __P4SEL = 0x1f
                0x00000030                __P5IN = 0x30
                0x00000031                __P5OUT = 0x31
                0x00000032                __P5DIR = 0x32
                0x00000033                __P5SEL = 0x33
                0x00000034                __P6IN = 0x34
                0x00000035                __P6OUT = 0x35
                0x00000036                __P6DIR = 0x36
                0x00000037                __P6SEL = 0x37
                0x00000070                __U0CTL = 0x70
                0x00000071                __U0TCTL = 0x71
                0x00000072                __U0RCTL = 0x72
                0x00000073                __U0MCTL = 0x73
                0x00000074                __U0BR0 = 0x74
                0x00000075                __U0BR1 = 0x75
                0x00000076                __U0RXBUF = 0x76
                0x00000077                __U0TXBUF = 0x77
                0x00000078                __U1CTL = 0x78
                0x00000079                __U1TCTL = 0x79
                0x0000007a                __U1RCTL = 0x7a
                0x0000007b                __U1MCTL = 0x7b
                0x0000007c                __U1BR0 = 0x7c
                0x0000007d                __U1BR1 = 0x7d
                0x0000007e                __U1RXBUF = 0x7e
                0x0000007f                __U1TXBUF = 0x7f
                0x00000050                __I2CIE = 0x50
                0x00000051                __I2CIFG = 0x51
                0x00000052                __I2CNDAT = 0x52
                0x00000071                __I2CTCTL = 0x71
                0x00000072                __I2CDCTL = 0x72
                0x00000073                __I2CPSC = 0x73
                0x00000074                __I2CSCLH = 0x74
                0x00000075                __I2CSCLL = 0x75
                0x00000076                __I2CDRB = 0x76
                0x00000076                __I2CDRW = 0x76
                0x00000118                __I2COA = 0x118
                0x0000011a                __I2CSA = 0x11a
                0x0000011c                __I2CIV = 0x11c
                0x0000012e                __TAIV = 0x12e
                0x00000160                __TACTL = 0x160
                0x00000162                __TACCTL0 = 0x162
                0x00000164                __TACCTL1 = 0x164
                0x00000166                __TACCTL2 = 0x166
                0x00000170                __TAR = 0x170
                0x00000172                __TACCR0 = 0x172
                0x00000174                __TACCR1 = 0x174
                0x00000176                __TACCR2 = 0x176
                0x0000011e                __TBIV = 0x11e
                0x00000180                __TBCTL = 0x180
                0x00000182                __TBCCTL0 = 0x182
                0x00000184                __TBCCTL1 = 0x184
                0x00000186                __TBCCTL2 = 0x186
                0x00000188                __TBCCTL3 = 0x188
                0x0000018a                __TBCCTL4 = 0x18a
                0x0000018c                __TBCCTL5 = 0x18c
                0x0000018e                __TBCCTL6 = 0x18e
                0x00000190                __TBR = 0x190
                0x00000192                __TBCCR0 = 0x192
                0x00000194                __TBCCR1 = 0x194
                0x00000196                __TBCCR2 = 0x196
                0x00000198                __TBCCR3 = 0x198
                0x0000019a                __TBCCR4 = 0x19a
                0x0000019c                __TBCCR5 = 0x19c
                0x0000019e                __TBCCR6 = 0x19e
                0x00000056                __DCOCTL = 0x56
                0x00000057                __BCSCTL1 = 0x57
                0x00000058                __BCSCTL2 = 0x58
                0x00000055                __SVSCTL = 0x55
                0x00000128                __FCTL1 = 0x128
                0x0000012a                __FCTL2 = 0x12a
                0x0000012c                __FCTL3 = 0x12c
                0x00000059                __CACTL1 = 0x59
                0x0000005a                __CACTL2 = 0x5a
                0x0000005b                __CAPD = 0x5b
                0x000001a0                __ADC12CTL0 = 0x1a0
                0x000001a2                __ADC12CTL1 = 0x1a2
                0x000001a4                __ADC12IFG = 0x1a4
                0x000001a6                __ADC12IE = 0x1a6
                0x000001a8                __ADC12IV = 0x1a8
                0x00000140                __ADC12MEM0 = 0x140
                0x00000142                __ADC12MEM1 = 0x142
                0x00000144                __ADC12MEM2 = 0x144
                0x00000146                __ADC12MEM3 = 0x146
                0x00000148                __ADC12MEM4 = 0x148
                0x0000014a                __ADC12MEM5 = 0x14a
                0x0000014c                __ADC12MEM6 = 0x14c
                0x0000014e                __ADC12MEM7 = 0x14e
                0x00000150                __ADC12MEM8 = 0x150
                0x00000152                __ADC12MEM9 = 0x152
                0x00000154                __ADC12MEM10 = 0x154
                0x00000156                __ADC12MEM11 = 0x156
                0x00000158                __ADC12MEM12 = 0x158
                0x0000015a                __ADC12MEM13 = 0x15a
                0x0000015c                __ADC12MEM14 = 0x15c
                0x0000015e                __ADC12MEM15 = 0x15e
                0x00000080                __ADC12MCTL0 = 0x80
                0x00000081                __ADC12MCTL1 = 0x81
                0x00000082                __ADC12MCTL2 = 0x82
                0x00000083                __ADC12MCTL3 = 0x83
                0x00000084                __ADC12MCTL4 = 0x84
                0x00000085                __ADC12MCTL5 = 0x85
                0x00000086                __ADC12MCTL6 = 0x86
                0x00000087                __ADC12MCTL7 = 0x87
                0x00000088                __ADC12MCTL8 = 0x88
                0x00000089                __ADC12MCTL9 = 0x89
                0x0000008a                __ADC12MCTL10 = 0x8a
                0x0000008b                __ADC12MCTL11 = 0x8b
                0x0000008c                __ADC12MCTL12 = 0x8c
                0x0000008d                __ADC12MCTL13 = 0x8d
                0x0000008e                __ADC12MCTL14 = 0x8e
                0x0000008f                __ADC12MCTL15 = 0x8f
                0x000001c0                __DAC12_0CTL = 0x1c0
                0x000001c2                __DAC12_1CTL = 0x1c2
                0x000001c8                __DAC12_0DAT = 0x1c8
                0x000001ca                __DAC12_1DAT = 0x1ca
                0x00000122                __DMACTL0 = 0x122
                0x00000124                __DMACTL1 = 0x124
                0x000001e0                __DMA0CTL = 0x1e0
                0x000001e8                __DMA1CTL = 0x1e8
                0x000001f0                __DMA2CTL = 0x1f0
                0x000001e2                __DMA0SA = 0x1e2
                0x000001e4                __DMA0DA = 0x1e4
                0x000001e6                __DMA0SZ = 0x1e6
                0x000001ea                __DMA1SA = 0x1ea
                0x000001ec                __DMA1DA = 0x1ec
                0x000001ee                __DMA1SZ = 0x1ee
                0x000001f2                __DMA2SA = 0x1f2
                0x000001f4                __DMA2DA = 0x1f4
                0x000001f6                __DMA2SZ = 0x1f6

.hash
 *(.hash)

.dynsym
 *(.dynsym)

.dynstr
 *(.dynstr)

.gnu.version
 *(.gnu.version)

.gnu.version_d
 *(.gnu.version_d)

.gnu.version_r
 *(.gnu.version_r)

.rel.init
 *(.rel.init)

.rela.init
 *(.rela.init)

.rel.text
 *(.rel.text)
 *(.rel.text.*)
 *(.rel.gnu.linkonce.t*)

.rela.text
 *(.rela.text)
 *(.rela.text.*)
 *(.rela.gnu.linkonce.t*)

.rel.fini
 *(.rel.fini)

.rela.fini
 *(.rela.fini)

.rel.rodata
 *(.rel.rodata)
 *(.rel.rodata.*)
 *(.rel.gnu.linkonce.r*)

.rela.rodata
 *(.rela.rodata)
 *(.rela.rodata.*)
 *(.rela.gnu.linkonce.r*)

.rel.data
 *(.rel.data)
 *(.rel.data.*)
 *(.rel.gnu.linkonce.d*)

.rela.data
 *(.rela.data)
 *(.rela.data.*)
 *(.rela.gnu.linkonce.d*)

.rel.ctors
 *(.rel.ctors)

.rela.ctors
 *(.rela.ctors)

.rel.dtors
 *(.rel.dtors)

.rela.dtors
 *(.rela.dtors)

.rel.got
 *(.rel.got)

.rela.got
 *(.rela.got)

.rel.bss
 *(.rel.bss)

.rela.bss
 *(.rela.bss)

.rel.plt
 *(.rel.plt)

.rela.plt
 *(.rela.plt)

.text           0x00004000     0x9658
                0x00004000                . = ALIGN (0x2)
 *(.init)
 *(.init0)
 .init0         0x00004000        0x0 /usr/lib/gcc/msp430/4.5.3/mmpy-16/libcrt0.a(_reset_vector__.o)
                0x00004000                _reset_vector__
 *(.init1)
 *(.init2)
 .init2         0x00004000        0x4 /usr/lib/gcc/msp430/4.5.3/mmpy-16/libcrt0.a(__init_stack.o)
                0x00004000                __init_stack
 *(.init3)
 .init3         0x00004004        0xa /usr/lib/gcc/msp430/4.5.3/mmpy-16/libcrt0.a(__low_level_init.o)
                0x00004004                __low_level_init
 *(.init4)
 .init4         0x0000400e       0x16 /usr/lib/gcc/msp430/4.5.3/mmpy-16/libcrt0.a(_copy_data.o)
                0x0000400e                __do_copy_data
 .init4         0x00004024       0x14 /usr/lib/gcc/msp430/4.5.3/mmpy-16/libcrt0.a(_clear_bss.o)
                0x00004024                __do_clear_bss
 *(.init5)
 *(.init6)
 *(.init7)
 *(.init8)
 *(.init9)
 .init9         0x00004038      0x302 obj_sky/contiki-sky-main.o
                0x00004038                main
 *(.fini9)
 .fini9         0x0000433a        0x0 /usr/lib/gcc/msp430/4.5.3/mmpy-16/libcrt0.a(__stop_progExec__.o)
                0x0000433a                __stop_progExec__
 *(.fini8)
 *(.fini7)
 *(.fini6)
 *(.fini5)
 *(.fini4)
 *(.fini3)
 *(.fini2)
 *(.fini1)
 *(.fini0)
 .fini0         0x0000433a        0x6 /usr/lib/gcc/msp430/4.5.3/mmpy-16/libcrt0.a(_endless_loop__.o)
                0x0000433a                _endless_loop__
 *(.fini)
                0x00004340                . = ALIGN (0x2)
                0x00004340                __ctors_start = .
 *(.ctors)
                0x00004340                __ctors_end = .
                0x00004340                __dtors_start = .
 *(.dtors)
                0x00004340                __dtors_end = .
                0x00004340                . = ALIGN (0x2)
 *(.text)
 .text          0x00004340        0x4 /usr/lib/gcc/msp430/4.5.3/mmpy-16/crt0ivtbl16.o
                0x00004340                __isr_14
                0x00004340                __isr_11
                0x00004340                __isr_2
                0x00004340                __isr_7
                0x00004340                __isr_0
                0x00004340                __isr_8
                0x00004340                __isr_3
                0x00004340                __isr_12
                0x00004340                __isr_13
                0x00004340                __isr_9
 .text          0x00004344       0x20 collect-view-shell.co
                0x00004360                autostart_processes
 .text          0x00004364       0xd4 obj_sky/contiki-sky-main.o
 .text          0x00004438        0x2 contiki-sky.a(rimeaddr.o)
                0x00004438                rimeaddr_null
 .text          0x0000443a        0xc contiki-sky.a(rime.o)
                0x00004440                rime_driver
 .text          0x00004446        0x4 contiki-sky.a(broadcast-annou)
 .text          0x0000444a        0x8 contiki-sky.a(broadcast.o)
 .text          0x00004452        0x2 contiki-sky.a(abc.o)
 .text          0x00004454       0x10 contiki-sky.a(chameleon-bitop)
                0x00004454                chameleon_bitopt
 .text          0x00004464       0x3c contiki-sky.a(sicslowmac.o)
                0x00004490                sicslowmac_driver
 .text          0x000044a0       0x14 contiki-sky.a(csma.o)
                0x000044a6                csma_driver
 .text          0x000044b4        0xe contiki-sky.a(serial-line.o)
 .text          0x000044c2        0xc contiki-sky.a(etimer.o)
 .text          0x000044ce        0xf contiki-sky.a(ctimer.o)
 .text          0x000044dd       0x24 contiki-sky.a(serial-shell.o)
 .text          0x00004501      0x19e contiki-sky.a(shell.o)
 .text          0x0000469f       0x48 contiki-sky.a(shell-reboot.o)
 *fill*         0x000046e7        0x1 00
 .text          0x000046e8      0x1b4 contiki-sky.a(shell-rime.o)
 .text          0x0000489c       0x2c contiki-sky.a(shell-blink.o)
 .text          0x000048c8       0xbd contiki-sky.a(shell-text.o)
 .text          0x00004985      0x155 contiki-sky.a(shell-time.o)
 .text          0x00004ada       0xac contiki-sky.a(shell-rime-netc)
 .text          0x00004b86       0x89 contiki-sky.a(shell-powertrac)
 .text          0x00004c0f       0x54 contiki-sky.a(shell-collect-v)
 .text          0x00004c63      0x15e contiki-sky.a(shell-sky.o)
 *fill*         0x00004dc1        0x1 00
 .text          0x00004dc2        0xe contiki-sky.a(sht11-sensor.o)
                0x00004dc8                sht11_sensor
 .text          0x00004dd0        0xe contiki-sky.a(light-sensor.o)
                0x00004dd6                light_sensor
 .text          0x00004dde       0x10 contiki-sky.a(battery-sensor.)
                0x00004de6                battery_sensor
 .text          0x00004dee       0x10 contiki-sky.a(button-sensor.o)
                0x00004df6                button_sensor
 .text          0x00004dfe        0x8 contiki-sky.a(sensors.o)
 .text          0x00004e06       0x22 contiki-sky.a(cc2420.o)
                0x00004e14                cc2420_driver
 .text          0x00004e28        0xa contiki-sky.a(trickle.o)
 .text          0x00004e32       0x18 contiki-sky.a(collect.o)
 .text          0x00004e4a        0x2 contiki-sky.a(frame802154.o)
 .text          0x00004e4c       0xd3 contiki-sky.a(powertrace.o)
 *fill*         0x00004f1f        0x1 00
 .text          0x00004f20        0xa contiki-sky.a(unicast.o)
 .text          0x00004f2a       0x12 /usr/lib/gcc/msp430/4.5.3/../../../../msp430/lib/mmpy-16/libc.a(strchr.o)
                0x00004f2a                strchr
 .text          0x00004f3c       0x20 /usr/lib/gcc/msp430/4.5.3/../../../../msp430/lib/mmpy-16/libc.a(strcmp.o)
                0x00004f3c                strcmp
 .text          0x00004f5c       0x30 /usr/lib/gcc/msp430/4.5.3/../../../../msp430/lib/mmpy-16/libc.a(strncmp.o)
                0x00004f5c                strncmp
 .text          0x00004f8c       0x34 /usr/lib/gcc/msp430/4.5.3/../../../../msp430/lib/mmpy-16/libc.a(memcmp.o)
                0x00004f8c                memcmp
 .text          0x00004fc0       0x14 /usr/lib/gcc/msp430/4.5.3/../../../../msp430/lib/mmpy-16/libc.a(strcpy.o)
                0x00004fc0                strcpy
 .text          0x00004fd4       0x2c /usr/lib/gcc/msp430/4.5.3/../../../../msp430/lib/mmpy-16/libc.a(strncpy.o)
                0x00004fd4                strncpy
 .text          0x00005000      0x104 /usr/lib/gcc/msp430/4.5.3/../../../../msp430/lib/mmpy-16/libc.a(memcpy.o)
                0x00005000                memcpy
 .text          0x00005104       0x66 /usr/lib/gcc/msp430/4.5.3/../../../../msp430/lib/mmpy-16/libc.a(memset.o)
                0x00005104                memset
 .text          0x0000516a       0x20 /usr/lib/gcc/msp430/4.5.3/../../../../msp430/lib/mmpy-16/libc.a(printf.o)
                0x0000516a                printf
                0x0000517c                vprintf
 .text          0x0000518a       0xbc /usr/lib/gcc/msp430/4.5.3/../../../../msp430/lib/mmpy-16/libc.a(sprintf.o)
                0x000051e8                sprintf
                0x00005204                snprintf
                0x0000521e                vsprintf
                0x00005234                vsnprintf
 .text          0x00005246      0x476 /usr/lib/gcc/msp430/4.5.3/../../../../msp430/lib/mmpy-16/libc.a(vuprintf.o)
                0x00005352                vuprintf
 .text          0x000056bc       0x2c /usr/lib/gcc/msp430/4.5.3/../../../../msp430/lib/mmpy-16/libc.a(puts.o)
                0x000056bc                puts
 .text          0x000056e8      0x134 /usr/lib/gcc/msp430/4.5.3/../../../../msp430/lib/mmpy-16/libc.a(rand.o)
                0x000056e8                rand_r
                0x0000577c                rand
                0x00005812                srand
                0x0000581c                . = ALIGN (0x2)
 *(.text.*)
 .text.process_thread_collect_view_shell_process
                0x0000581c       0x3e collect-view-shell.co
 .text.rimeaddr_copy
                0x0000585a        0x6 contiki-sky.a(rimeaddr.o)
                0x0000585a                rimeaddr_copy
 .text.rimeaddr_cmp
                0x00005860       0x12 contiki-sky.a(rimeaddr.o)
                0x00005860                rimeaddr_cmp
 .text.rimeaddr_set_node_addr
                0x00005872        0xc contiki-sky.a(rimeaddr.o)
                0x00005872                rimeaddr_set_node_addr
 .text.input    0x0000587e       0x3a contiki-sky.a(rime.o)
 .text.init     0x000058b8       0x2e contiki-sky.a(rime.o)
 .text.packet_sent
                0x000058e6       0x44 contiki-sky.a(rime.o)
 .text.rime_sniffer_add
                0x0000592a        0xc contiki-sky.a(rime.o)
                0x0000592a                rime_sniffer_add
 .text.rime_sniffer_remove
                0x00005936        0xc contiki-sky.a(rime.o)
                0x00005936                rime_sniffer_remove
 .text.rime_output
                0x00005942       0x20 contiki-sky.a(rime.o)
                0x00005942                rime_output
 .text.announcement_init
                0x00005962        0xa contiki-sky.a(announcement.o)
                0x00005962                announcement_init
 .text.announcement_register
                0x0000596c       0x3e contiki-sky.a(announcement.o)
                0x0000596c                announcement_register
 .text.announcement_set_value
                0x000059aa       0x28 contiki-sky.a(announcement.o)
                0x000059aa                announcement_set_value
 .text.announcement_bump
                0x000059d2       0x22 contiki-sky.a(announcement.o)
                0x000059d2                announcement_bump
 .text.announcement_register_observer_callback
                0x000059f4        0x6 contiki-sky.a(announcement.o)
                0x000059f4                announcement_register_observer_callback
 .text.announcement_list
                0x000059fa        0xa contiki-sky.a(announcement.o)
                0x000059fa                announcement_list
 .text.announcement_heard
                0x00005a04       0x42 contiki-sky.a(announcement.o)
                0x00005a04                announcement_heard
 .text.adv_packet_sent
                0x00005a46        0x2 contiki-sky.a(broadcast-annou)
 .text.adv_packet_received
                0x00005a48       0x6c contiki-sky.a(broadcast-annou)
 .text.set_timers
                0x00005ab4       0x60 contiki-sky.a(broadcast-annou)
 .text.new_announcement
                0x00005b14       0x18 contiki-sky.a(broadcast-annou)
 .text.send_timer
                0x00005b2c       0x38 contiki-sky.a(broadcast-annou)
 .text.send_adv
                0x00005b64       0x66 contiki-sky.a(broadcast-annou)
 .text.broadcast_announcement_init
                0x00005bca       0x48 contiki-sky.a(broadcast-annou)
                0x00005bca                broadcast_announcement_init
 .text.broadcast_announcement_beacon_interval
                0x00005c12        0xa contiki-sky.a(broadcast-annou)
                0x00005c12                broadcast_announcement_beacon_interval
 .text.sent_by_abc
                0x00005c1c       0x10 contiki-sky.a(broadcast.o)
 .text.recv_from_abc
                0x00005c2c       0x26 contiki-sky.a(broadcast.o)
 .text.broadcast_open
                0x00005c52       0x2a contiki-sky.a(broadcast.o)
                0x00005c52                broadcast_open
 .text.broadcast_send
                0x00005c7c       0x1a contiki-sky.a(broadcast.o)
                0x00005c7c                broadcast_send
 .text.abc_open
                0x00005c96       0x26 contiki-sky.a(abc.o)
                0x00005c96                abc_open
 .text.abc_send
                0x00005cbc        0x6 contiki-sky.a(abc.o)
                0x00005cbc                abc_send
 .text.abc_input
                0x00005cc2        0xe contiki-sky.a(abc.o)
                0x00005cc2                abc_input
 .text.abc_sent
                0x00005cd0       0x10 contiki-sky.a(abc.o)
                0x00005cd0                abc_sent
 .text.chameleon_init
                0x00005ce0        0x6 contiki-sky.a(chameleon.o)
                0x00005ce0                chameleon_init
 .text.chameleon_parse
                0x00005ce6       0x10 contiki-sky.a(chameleon.o)
                0x00005ce6                chameleon_parse
 .text.chameleon_create
                0x00005cf6       0x1c contiki-sky.a(chameleon.o)
                0x00005cf6                chameleon_create
 .text.chameleon_hdrsize
                0x00005d12        0x6 contiki-sky.a(chameleon.o)
                0x00005d12                chameleon_hdrsize
 .text.channel_init
                0x00005d18        0xa contiki-sky.a(channel.o)
                0x00005d18                channel_init
 .text.channel_open
                0x00005d22       0x10 contiki-sky.a(channel.o)
                0x00005d22                channel_open
 .text.channel_lookup
                0x00005d32       0x20 contiki-sky.a(channel.o)
                0x00005d32                channel_lookup
 .text.channel_set_attributes
                0x00005d52       0x24 contiki-sky.a(channel.o)
                0x00005d52                channel_set_attributes
 .text.header_size
                0x00005d76       0x16 contiki-sky.a(chameleon-bitop)
 .text.get_bits_in_byte
                0x00005d8c       0x30 contiki-sky.a(chameleon-bitop)
                0x00005d8c                get_bits_in_byte
 .text.get_bits
                0x00005dbc       0xaa contiki-sky.a(chameleon-bitop)
                0x00005dbc                get_bits
 .text.unpack_header
                0x00005e66       0xde contiki-sky.a(chameleon-bitop)
 .text.set_bits_in_byte
                0x00005f44       0x26 contiki-sky.a(chameleon-bitop)
                0x00005f44                set_bits_in_byte
 .text.set_bits
                0x00005f6a       0xb0 contiki-sky.a(chameleon-bitop)
                0x00005f6a                set_bits
 .text.pack_header
                0x0000601a       0xb8 contiki-sky.a(chameleon-bitop)
 .text.is_broadcast_addr
                0x000060d2       0x26 contiki-sky.a(sicslowmac.o)
 .text.on       0x000060f8        0x6 contiki-sky.a(sicslowmac.o)
 .text.off      0x000060fe       0x10 contiki-sky.a(sicslowmac.o)
 .text.channel_check_interval
                0x0000610e        0x4 contiki-sky.a(sicslowmac.o)
 .text.init     0x00006112        0xe contiki-sky.a(sicslowmac.o)
 .text.packetbuf_copyto_hdr
                0x00006120       0x1c contiki-sky.a(sicslowmac.o)
                0x00006120                packetbuf_copyto_hdr
 .text.packetbuf_copyto
                0x0000613c       0x52 contiki-sky.a(sicslowmac.o)
                0x0000613c                packetbuf_copyto
 .text.packetbuf_hdrreduce
                0x0000618e       0x1a contiki-sky.a(sicslowmac.o)
                0x0000618e                packetbuf_hdrreduce
 .text.packetbuf_set_datalen
                0x000061a8        0x6 contiki-sky.a(sicslowmac.o)
                0x000061a8                packetbuf_set_datalen
 .text.packetbuf_dataptr
                0x000061ae        0xa contiki-sky.a(sicslowmac.o)
                0x000061ae                packetbuf_dataptr
 .text.packetbuf_hdrptr
                0x000061b8        0xa contiki-sky.a(sicslowmac.o)
                0x000061b8                packetbuf_hdrptr
 .text.packetbuf_is_reference
                0x000061c2        0xe contiki-sky.a(sicslowmac.o)
                0x000061c2                packetbuf_is_reference
 .text.packetbuf_compact
                0x000061d0       0x48 contiki-sky.a(sicslowmac.o)
                0x000061d0                packetbuf_compact
 .text.packetbuf_reference_ptr
                0x00006218        0x6 contiki-sky.a(sicslowmac.o)
                0x00006218                packetbuf_reference_ptr
 .text.packetbuf_datalen
                0x0000621e        0x6 contiki-sky.a(sicslowmac.o)
                0x0000621e                packetbuf_datalen
 .text.packetbuf_totlen
                0x00006224       0x10 contiki-sky.a(sicslowmac.o)
                0x00006224                packetbuf_totlen
 .text.input_packet
                0x00006234      0x25a contiki-sky.a(sicslowmac.o)
 .text.packetbuf_hdralloc
                0x0000648e       0x2e contiki-sky.a(sicslowmac.o)
                0x0000648e                packetbuf_hdralloc
 .text.send_packet
                0x000064bc       0xf2 contiki-sky.a(sicslowmac.o)
 .text.send_list
                0x000065ae       0x24 contiki-sky.a(sicslowmac.o)
                0x000065ae                send_list
 .text.packetbuf_attr_clear
                0x000065d2       0x2e contiki-sky.a(sicslowmac.o)
                0x000065d2                packetbuf_attr_clear
 .text.packetbuf_clear
                0x00006600       0x20 contiki-sky.a(sicslowmac.o)
                0x00006600                packetbuf_clear
 .text.packetbuf_copyfrom
                0x00006620       0x2e contiki-sky.a(sicslowmac.o)
                0x00006620                packetbuf_copyfrom
 .text.packetbuf_attr_copyto
                0x0000664e       0x20 contiki-sky.a(sicslowmac.o)
                0x0000664e                packetbuf_attr_copyto
 .text.packetbuf_attr_copyfrom
                0x0000666e       0x2c contiki-sky.a(sicslowmac.o)
                0x0000666e                packetbuf_attr_copyfrom
 .text.input_packet
                0x0000669a        0x6 contiki-sky.a(csma.o)
 .text.on       0x000066a0        0x6 contiki-sky.a(csma.o)
 .text.off      0x000066a6        0x6 contiki-sky.a(csma.o)
 .text.channel_check_interval
                0x000066ac        0xc contiki-sky.a(csma.o)
 .text.transmit_packet_list
                0x000066b8       0x24 contiki-sky.a(csma.o)
 .text.send_packet
                0x000066dc      0x164 contiki-sky.a(csma.o)
 .text.free_packet
                0x00006840       0x90 contiki-sky.a(csma.o)
 .text.packet_sent
                0x000068d0      0x128 contiki-sky.a(csma.o)
 .text.init     0x000069f8       0x1a contiki-sky.a(csma.o)
 .text.call_process
                0x00006a12       0x4c contiki-sky.a(process.o)
 .text.exit_process
                0x00006a5e       0x94 contiki-sky.a(process.o)
 .text.do_poll  0x00006af2       0x30 contiki-sky.a(process.o)
 .text.process_alloc_event
                0x00006b22        0xe contiki-sky.a(process.o)
                0x00006b22                process_alloc_event
 .text.process_exit
                0x00006b30        0xa contiki-sky.a(process.o)
                0x00006b30                process_exit
 .text.process_init
                0x00006b3a       0x1c contiki-sky.a(process.o)
                0x00006b3a                process_init
 .text.process_run
                0x00006b56       0x9c contiki-sky.a(process.o)
                0x00006b56                process_run
 .text.process_nevents
                0x00006bf2        0xc contiki-sky.a(process.o)
                0x00006bf2                process_nevents
 .text.process_post
                0x00006bfe       0x54 contiki-sky.a(process.o)
                0x00006bfe                process_post
 .text.process_post_synch
                0x00006c52       0x12 contiki-sky.a(process.o)
                0x00006c52                process_post_synch
 .text.process_start
                0x00006c64       0x32 contiki-sky.a(process.o)
                0x00006c64                process_start
 .text.process_poll
                0x00006c96       0x1a contiki-sky.a(process.o)
                0x00006c96                process_poll
 .text.process_is_running
                0x00006cb0        0xe contiki-sky.a(process.o)
                0x00006cb0                process_is_running
 .text.autostart_start
                0x00006cbe       0x18 contiki-sky.a(autostart.o)
                0x00006cbe                autostart_start
 .text.process_thread_serial_line_process
                0x00006cd6       0xa6 contiki-sky.a(serial-line.o)
 .text.serial_line_input_byte
                0x00006d7c       0x46 contiki-sky.a(serial-line.o)
                0x00006d7c                serial_line_input_byte
 .text.serial_line_init
                0x00006dc2       0x1c contiki-sky.a(serial-line.o)
                0x00006dc2                serial_line_init
 .text.memb_init
                0x00006dde       0x36 contiki-sky.a(memb.o)
                0x00006dde                memb_init
 .text.memb_alloc
                0x00006e14       0x3e contiki-sky.a(memb.o)
                0x00006e14                memb_alloc
 .text.memb_free
                0x00006e52       0x3a contiki-sky.a(memb.o)
                0x00006e52                memb_free
 .text.memb_inmemb
                0x00006e8c       0x2e contiki-sky.a(memb.o)
                0x00006e8c                memb_inmemb
 .text.timer_set
                0x00006eba       0x1c contiki-sky.a(timer.o)
                0x00006eba                timer_set
 .text.timer_reset
                0x00006ed6        0xe contiki-sky.a(timer.o)
                0x00006ed6                timer_reset
 .text.timer_expired
                0x00006ee4       0x2e contiki-sky.a(timer.o)
                0x00006ee4                timer_expired
 .text.list_init
                0x00006f12        0x6 contiki-sky.a(list.o)
                0x00006f12                list_init
 .text.list_head
                0x00006f18        0x4 contiki-sky.a(list.o)
                0x00006f18                list_head
 .text.list_tail
                0x00006f1c       0x14 contiki-sky.a(list.o)
                0x00006f1c                list_tail
 .text.list_remove
                0x00006f30       0x2e contiki-sky.a(list.o)
                0x00006f30                list_remove
 .text.list_push
                0x00006f5e       0x1a contiki-sky.a(list.o)
                0x00006f5e                list_push
 .text.list_add
                0x00006f78       0x2a contiki-sky.a(list.o)
                0x00006f78                list_add
 .text.list_length
                0x00006fa2       0x10 contiki-sky.a(list.o)
                0x00006fa2                list_length
 .text.list_insert
                0x00006fb2       0x16 contiki-sky.a(list.o)
                0x00006fb2                list_insert
 .text.list_item_next
                0x00006fc8        0x8 contiki-sky.a(list.o)
                0x00006fc8                list_item_next
 .text.update_time
                0x00006fd0       0x78 contiki-sky.a(etimer.o)
 .text.etimer_request_poll
                0x00007048        0xa contiki-sky.a(etimer.o)
                0x00007048                etimer_request_poll
 .text.process_thread_etimer_process
                0x00007052       0xce contiki-sky.a(etimer.o)
 .text.add_timer
                0x00007120       0x40 contiki-sky.a(etimer.o)
 .text.etimer_set
                0x00007160       0x12 contiki-sky.a(etimer.o)
                0x00007160                etimer_set
 .text.etimer_reset
                0x00007172       0x12 contiki-sky.a(etimer.o)
                0x00007172                etimer_reset
 .text.etimer_expired
                0x00007184        0xe contiki-sky.a(etimer.o)
                0x00007184                etimer_expired
 .text.etimer_pending
                0x00007192        0xe contiki-sky.a(etimer.o)
                0x00007192                etimer_pending
 .text.etimer_next_expiration_time
                0x000071a0       0x16 contiki-sky.a(etimer.o)
                0x000071a0                etimer_next_expiration_time
 .text.etimer_stop
                0x000071b6       0x3c contiki-sky.a(etimer.o)
                0x000071b6                etimer_stop
 .text.process_thread_ctimer_process
                0x000071f2       0xa4 contiki-sky.a(ctimer.o)
 .text.ctimer_init
                0x00007296       0x18 contiki-sky.a(ctimer.o)
                0x00007296                ctimer_init
 .text.ctimer_set
                0x000072ae       0x5a contiki-sky.a(ctimer.o)
                0x000072ae                ctimer_set
 .text.ctimer_reset
                0x00007308       0x3a contiki-sky.a(ctimer.o)
                0x00007308                ctimer_reset
 .text.ctimer_stop
                0x00007342       0x28 contiki-sky.a(ctimer.o)
                0x00007342                ctimer_stop
 .text.energest_init
                0x0000736a       0x2a contiki-sky.a(energest.o)
                0x0000736a                energest_init
 .text.energest_type_time
                0x00007394       0x44 contiki-sky.a(energest.o)
                0x00007394                energest_type_time
 .text.energest_type_set
                0x000073d8        0xe contiki-sky.a(energest.o)
                0x000073d8                energest_type_set
 .text.energest_flush
                0x000073e6       0x4a contiki-sky.a(energest.o)
                0x000073e6                energest_flush
 .text.rtimer_init
                0x00007430        0x6 contiki-sky.a(rtimer.o)
                0x00007430                rtimer_init
 .text.rtimer_run_next
                0x00007436       0x26 contiki-sky.a(rtimer.o)
                0x00007436                rtimer_run_next
 .text.random_init
                0x0000745c        0x6 contiki-sky.a(random.o)
                0x0000745c                random_init
 .text.random_rand
                0x00007462        0x6 contiki-sky.a(random.o)
                0x00007462                random_rand
 .text.ringbuf_init
                0x00007468       0x14 contiki-sky.a(ringbuf.o)
                0x00007468                ringbuf_init
 .text.ringbuf_put
                0x0000747c       0x3c contiki-sky.a(ringbuf.o)
                0x0000747c                ringbuf_put
 .text.ringbuf_get
                0x000074b8       0x32 contiki-sky.a(ringbuf.o)
                0x000074b8                ringbuf_get
 .text.queuebuf_init
                0x000074ea       0x1a contiki-sky.a(queuebuf.o)
                0x000074ea                queuebuf_init
 .text.queuebuf_new_from_packetbuf
                0x00007504       0x80 contiki-sky.a(queuebuf.o)
                0x00007504                queuebuf_new_from_packetbuf
 .text.queuebuf_update_attr_from_packetbuf
                0x00007584       0x12 contiki-sky.a(queuebuf.o)
                0x00007584                queuebuf_update_attr_from_packetbuf
 .text.queuebuf_free
                0x00007596       0x46 contiki-sky.a(queuebuf.o)
                0x00007596                queuebuf_free
 .text.queuebuf_to_packetbuf
                0x000075dc       0x70 contiki-sky.a(queuebuf.o)
                0x000075dc                queuebuf_to_packetbuf
 .text.queuebuf_dataptr
                0x0000764c       0x34 contiki-sky.a(queuebuf.o)
                0x0000764c                queuebuf_dataptr
 .text.queuebuf_attr
                0x00007680        0xe contiki-sky.a(queuebuf.o)
                0x00007680                queuebuf_attr
 .text.process_thread_serial_shell_process
                0x0000768e       0x4e contiki-sky.a(serial-shell.o)
 .text.shell_default_output
                0x000076dc       0x66 contiki-sky.a(serial-shell.o)
                0x000076dc                shell_default_output
 .text.shell_prompt
                0x00007742       0x1a contiki-sky.a(serial-shell.o)
                0x00007742                shell_prompt
 .text.shell_exit
                0x0000775c        0x2 contiki-sky.a(serial-shell.o)
                0x0000775c                shell_exit
 .text.serial_shell_init
                0x0000775e        0xc contiki-sky.a(serial-shell.o)
                0x0000775e                serial_shell_init
 .text.process_thread_shell_null_process
                0x0000776a       0x40 contiki-sky.a(shell.o)
 .text.process_thread_shell_exit_process
                0x000077aa       0x1a contiki-sky.a(shell.o)
 .text.input_to_child_command.clone.0
                0x000077c4       0x46 contiki-sky.a(shell.o)
 .text.shell_input
                0x0000780a       0x5e contiki-sky.a(shell.o)
                0x0000780a                shell_input
 .text.shell_output_str
                0x00007868       0x68 contiki-sky.a(shell.o)
                0x00007868                shell_output_str
 .text.command_kill
                0x000078d0       0x24 contiki-sky.a(shell.o)
 .text.killall  0x000078f4       0x30 contiki-sky.a(shell.o)
 .text.process_thread_shell_killall_process
                0x00007924       0x1a contiki-sky.a(shell.o)
 .text.process_thread_shell_kill_process
                0x0000793e       0x8e contiki-sky.a(shell.o)
 .text.process_thread_help_command_process
                0x000079cc       0x4c contiki-sky.a(shell.o)
 .text.start_command
                0x00007a18      0x170 contiki-sky.a(shell.o)
 .text.shell_start_command
                0x00007b88       0x4c contiki-sky.a(shell.o)
                0x00007b88                shell_start_command
 .text.process_thread_shell_process
                0x00007bd4       0xb6 contiki-sky.a(shell.o)
 .text.shell_output
                0x00007c8a       0x42 contiki-sky.a(shell.o)
                0x00007c8a                shell_output
 .text.shell_register_command
                0x00007ccc       0x62 contiki-sky.a(shell.o)
                0x00007ccc                shell_register_command
 .text.shell_init
                0x00007d2e       0x68 contiki-sky.a(shell.o)
                0x00007d2e                shell_init
 .text.shell_strtolong
                0x00007d96       0xa4 contiki-sky.a(shell.o)
                0x00007d96                shell_strtolong
 .text.shell_time
                0x00007e3a        0xe contiki-sky.a(shell.o)
                0x00007e3a                shell_time
 .text.shell_set_time
                0x00007e48       0x22 contiki-sky.a(shell.o)
                0x00007e48                shell_set_time
 .text.process_thread_shell_server_process
                0x00007e6a       0xa4 contiki-sky.a(shell.o)
 .text.process_thread_shell_reboot_process
                0x00007f0e       0xda contiki-sky.a(shell-reboot.o)
 .text.shell_reboot_init
                0x00007fe8        0xa contiki-sky.a(shell-reboot.o)
                0x00007fe8                shell_reboot_init
 .text.process_thread_shell_packetize_process
                0x00007ff2       0xec contiki-sky.a(shell-rime.o)
 .text.process_thread_shell_routes_process
                0x000080de       0x9a contiki-sky.a(shell-rime.o)
 .text.process_thread_shell_collect_process
                0x00008178       0x48 contiki-sky.a(shell-rime.o)
 .text.process_thread_shell_mac_process
                0x000081c0       0x6e contiki-sky.a(shell-rime.o)
 .text.process_thread_shell_send_process
                0x0000822e       0xca contiki-sky.a(shell-rime.o)
 .text.recv_collect
                0x000082f8       0xb0 contiki-sky.a(shell-rime.o)
 .text.shell_rime_init
                0x000083a8       0x4a contiki-sky.a(shell-rime.o)
                0x000083a8                shell_rime_init
 .text.process_thread_shell_blink_process
                0x000083f2      0x168 contiki-sky.a(shell-blink.o)
 .text.shell_blink_init
                0x0000855a        0xa contiki-sky.a(shell-blink.o)
                0x0000855a                shell_blink_init
 .text.process_thread_shell_size_process
                0x00008564       0xae contiki-sky.a(shell-text.o)
 .text.process_thread_shell_hd_process
                0x00008612      0x192 contiki-sky.a(shell-text.o)
 .text.process_thread_shell_binprint_process
                0x000087a4      0x192 contiki-sky.a(shell-text.o)
 .text.process_thread_shell_echo_process
                0x00008936       0x3c contiki-sky.a(shell-text.o)
 .text.shell_text_init
                0x00008972       0x22 contiki-sky.a(shell-text.o)
                0x00008972                shell_text_init
 .text.repeat_print_usage
                0x00008994       0x12 contiki-sky.a(shell-time.o)
 .text.process_thread_shell_randwait_process
                0x000089a6      0x14c contiki-sky.a(shell-time.o)
 .text.process_thread_shell_repeat_server_process
                0x00008af2       0x9c contiki-sky.a(shell-time.o)
 .text.process_thread_shell_repeat_process
                0x00008b8e      0x16e contiki-sky.a(shell-time.o)
 .text.process_thread_shell_timestamp_process
                0x00008cfc       0xb4 contiki-sky.a(shell-time.o)
 .text.process_thread_shell_time_process
                0x00008db0       0x7e contiki-sky.a(shell-time.o)
 .text.shell_time_init
                0x00008e2e       0x22 contiki-sky.a(shell-time.o)
                0x00008e2e                shell_time_init
 .text.process_thread_shell_netcmd_server_process
                0x00008e50       0x84 contiki-sky.a(shell-rime-netc)
 .text.process_thread_shell_netcmd_process
                0x00008ed4       0xc4 contiki-sky.a(shell-rime-netc)
 .text.recv_trickle
                0x00008f98       0x4c contiki-sky.a(shell-rime-netc)
 .text.shell_rime_netcmd_init
                0x00008fe4       0x22 contiki-sky.a(shell-rime-netc)
                0x00008fe4                shell_rime_netcmd_init
 .text.process_thread_shell_powertrace_process
                0x00009006       0xa8 contiki-sky.a(shell-powertrac)
 .text.shell_powertrace_init
                0x000090ae       0x10 contiki-sky.a(shell-powertrac)
                0x000090ae                shell_powertrace_init
 .text.process_thread_collect_view_data_process
                0x000090be       0x9e contiki-sky.a(shell-collect-v)
 .text.shell_collect_view_init
                0x0000915c        0xa contiki-sky.a(shell-collect-v)
                0x0000915c                shell_collect_view_init
 .text.process_thread_shell_rfchannel_process
                0x00009166       0x5e contiki-sky.a(shell-sky.o)
 .text.process_thread_shell_txpower_process
                0x000091c4       0x5e contiki-sky.a(shell-sky.o)
 .text.process_thread_shell_senseconv_process
                0x00009222      0x222 contiki-sky.a(shell-sky.o)
 .text.do_rssi  0x00009444       0xaa contiki-sky.a(shell-sky.o)
 .text.process_thread_shell_sense_process
                0x000094ee       0xda contiki-sky.a(shell-sky.o)
 .text.process_thread_shell_nodeid_process
                0x000095c8       0x8a contiki-sky.a(shell-sky.o)
 .text.shell_sky_init
                0x00009652       0x2a contiki-sky.a(shell-sky.o)
                0x00009652                shell_sky_init
 .text.init_platform
                0x0000967c        0xc contiki-sky.a(contiki-sky-pla)
                0x0000967c                init_platform
 .text.status   0x00009688       0x1a contiki-sky.a(sht11-sensor.o)
 .text.configure
                0x000096a2       0x40 contiki-sky.a(sht11-sensor.o)
 .text.value    0x000096e2       0x30 contiki-sky.a(sht11-sensor.o)
 .text.value    0x00009712       0x1a contiki-sky.a(light-sensor.o)
 .text.status   0x0000972c        0xc contiki-sky.a(light-sensor.o)
 .text.configure
                0x00009738       0x10 contiki-sky.a(light-sensor.o)
 .text.value    0x00009748        0x6 contiki-sky.a(battery-sensor.)
 .text.status   0x0000974e        0xc contiki-sky.a(battery-sensor.)
 .text.configure
                0x0000975a       0x12 contiki-sky.a(battery-sensor.)
 .text.status   0x0000976c       0x16 contiki-sky.a(button-sensor.o)
 .text.configure
                0x00009782       0x4a contiki-sky.a(button-sensor.o)
 .text.value    0x000097cc       0x26 contiki-sky.a(button-sensor.o)
 .text.irq_p2   0x000097f2       0x92 contiki-sky.a(button-sensor.o)
                0x000097f2                irq_p2
                0x000097f2                __isr_1
 .text.crc8_add
                0x00009884       0x1a contiki-sky.a(ds2411.o)
 .text.owreadb  0x0000989e       0x56 contiki-sky.a(ds2411.o)
 .text.ds2411_init
                0x000098f4      0x10a contiki-sky.a(ds2411.o)
                0x000098f4                ds2411_init
 .text.write_enable
                0x000099fe       0x28 contiki-sky.a(xmem.o)
 .text.wait_ready
                0x00009a26       0x4e contiki-sky.a(xmem.o)
 .text.xmem_init
                0x00009a74       0x3c contiki-sky.a(xmem.o)
                0x00009a74                xmem_init
 .text.xmem_pread
                0x00009ab0       0xdc contiki-sky.a(xmem.o)
                0x00009ab0                xmem_pread
 .text.xmem_pwrite
                0x00009b8c      0x13e contiki-sky.a(xmem.o)
                0x00009b8c                xmem_pwrite
 .text.xmem_erase
                0x00009cca       0xaa contiki-sky.a(xmem.o)
                0x00009cca                xmem_erase
 .text.node_id_restore
                0x00009d74       0x38 contiki-sky.a(node-id.o)
                0x00009d74                node_id_restore
 .text.node_id_burn
                0x00009dac       0x36 contiki-sky.a(node-id.o)
                0x00009dac                node_id_burn
 .text.get_sensor_index
                0x00009de2       0x22 contiki-sky.a(sensors.o)
 .text.process_thread_sensors_process
                0x00009e04       0xc2 contiki-sky.a(sensors.o)
 .text.sensors_changed
                0x00009ec6       0x14 contiki-sky.a(sensors.o)
                0x00009ec6                sensors_changed
 .text.strobe   0x00009eda       0x1e contiki-sky.a(cc2420.o)
 .text.status   0x00009ef8       0x24 contiki-sky.a(cc2420.o)
 .text.getreg   0x00009f1c       0x50 contiki-sky.a(cc2420.o)
 .text.cc2420_receiving_packet
                0x00009f6c       0x10 contiki-sky.a(cc2420.o)
 .text.pending_packet
                0x00009f7c        0x8 contiki-sky.a(cc2420.o)
 .text.on       0x00009f84       0x46 contiki-sky.a(cc2420.o)
 .text.flushrx  0x00009fca       0x74 contiki-sky.a(cc2420.o)
 .text.off      0x0000a03e       0x78 contiki-sky.a(cc2420.o)
 .text.RELEASE_LOCK
                0x0000a0b6       0x28 contiki-sky.a(cc2420.o)
 .text.cc2420_prepare
                0x0000a0de       0x82 contiki-sky.a(cc2420.o)
 .text.cc2420_on
                0x0000a160       0x22 contiki-sky.a(cc2420.o)
                0x0000a160                cc2420_on
 .text.cc2420_off
                0x0000a182       0x30 contiki-sky.a(cc2420.o)
                0x0000a182                cc2420_off
 .text.cc2420_cca
                0x0000a1b2       0x7a contiki-sky.a(cc2420.o)
 .text.getrxdata
                0x0000a22c       0x4e contiki-sky.a(cc2420.o)
 .text.cc2420_read
                0x0000a27a       0xe6 contiki-sky.a(cc2420.o)
 .text.process_thread_cc2420_process
                0x0000a360       0x50 contiki-sky.a(cc2420.o)
 .text.setreg   0x0000a3b0       0x48 contiki-sky.a(cc2420.o)
                0x0000a3b0                setreg
 .text.set_txpower
                0x0000a3f8       0x2a contiki-sky.a(cc2420.o)
 .text.cc2420_get_channel
                0x0000a422        0x6 contiki-sky.a(cc2420.o)
                0x0000a422                cc2420_get_channel
 .text.cc2420_set_channel
                0x0000a428       0x7a contiki-sky.a(cc2420.o)
                0x0000a428                cc2420_set_channel
 .text.cc2420_set_pan_addr
                0x0000a4a2      0x13a contiki-sky.a(cc2420.o)
                0x0000a4a2                cc2420_set_pan_addr
 .text.cc2420_init
                0x0000a5dc       0xd4 contiki-sky.a(cc2420.o)
                0x0000a5dc                cc2420_init
 .text.cc2420_interrupt
                0x0000a6b0       0x20 contiki-sky.a(cc2420.o)
                0x0000a6b0                cc2420_interrupt
 .text.cc2420_set_txpower
                0x0000a6d0        0xe contiki-sky.a(cc2420.o)
                0x0000a6d0                cc2420_set_txpower
 .text.cc2420_get_txpower
                0x0000a6de       0x1e contiki-sky.a(cc2420.o)
                0x0000a6de                cc2420_get_txpower
 .text.cc2420_transmit
                0x0000a6fc      0x1a4 contiki-sky.a(cc2420.o)
 .text.cc2420_send
                0x0000a8a0       0x12 contiki-sky.a(cc2420.o)
 .text.cc2420_rssi
                0x0000a8b2       0x64 contiki-sky.a(cc2420.o)
                0x0000a8b2                cc2420_rssi
 .text.cc2420_port1_interrupt
                0x0000a916       0x6a contiki-sky.a(cc2420-arch.o)
                0x0000a916                __isr_4
                0x0000a916                cc2420_port1_interrupt
 .text.cc2420_arch_init
                0x0000a980       0x1a contiki-sky.a(cc2420-arch.o)
                0x0000a980                cc2420_arch_init
 .text.sky_sensors_status
                0x0000a99a       0x3c contiki-sky.a(sky-sensors.o)
                0x0000a99a                sky_sensors_status
 .text.sky_sensors_configure
                0x0000a9d6       0xf6 contiki-sky.a(sky-sensors.o)
                0x0000a9d6                sky_sensors_configure
 .text.handle_rxdma_timer
                0x0000aacc       0x42 contiki-sky.a(uart1.o)
 .text.uart1_active
                0x0000ab0e       0x18 contiki-sky.a(uart1.o)
                0x0000ab0e                uart1_active
 .text.uart1_set_input
                0x0000ab26       0x20 contiki-sky.a(uart1.o)
                0x0000ab26                uart1_set_input
 .text.uart1_writeb
                0x0000ab46       0x1a contiki-sky.a(uart1.o)
                0x0000ab46                uart1_writeb
 .text.uart1_init
                0x0000ab60       0xee contiki-sky.a(uart1.o)
                0x0000ab60                uart1_init
 .text.putchar  0x0000ac4e        0xe contiki-sky.a(uart1-putchar.o)
                0x0000ac4e                putchar
 .text.msp430_init_dco
                0x0000ac5c       0x74 contiki-sky.a(msp430.o)
                0x0000ac5c                msp430_init_dco
 .text.msp430_add_lpm_req
                0x0000acd0        0xa contiki-sky.a(msp430.o)
                0x0000acd0                msp430_add_lpm_req
 .text.msp430_cpu_init
                0x0000acda       0x2a contiki-sky.a(msp430.o)
                0x0000acda                msp430_cpu_init
 .text.splhigh_
                0x0000ad04        0x8 contiki-sky.a(msp430.o)
                0x0000ad04                splhigh_
 .text.msp430_sync_dco
                0x0000ad0c       0x60 contiki-sky.a(msp430.o)
                0x0000ad0c                msp430_sync_dco
 .text.timera1  0x0000ad6c       0xee contiki-sky.a(clock.o)
                0x0000ad6c                __isr_5
                0x0000ad6c                timera1
 .text.clock_time
                0x0000ae5a       0x1a contiki-sky.a(clock.o)
                0x0000ae5a                clock_time
 .text.clock_init
                0x0000ae74       0x28 contiki-sky.a(clock.o)
                0x0000ae74                clock_init
 .text.clock_delay
                0x0000ae9c        0xc contiki-sky.a(clock.o)
                0x0000ae9c                clock_delay
 .text.clock_wait
                0x0000aea8       0x36 contiki-sky.a(clock.o)
                0x0000aea8                clock_wait
 .text.clock_seconds
                0x0000aede       0x1a contiki-sky.a(clock.o)
                0x0000aede                clock_seconds
 .text.show_leds
                0x0000aef8      0x10c contiki-sky.a(leds.o)
 .text.leds_init
                0x0000b004        0xe contiki-sky.a(leds.o)
                0x0000b004                leds_init
 .text.leds_on  0x0000b012       0x14 contiki-sky.a(leds.o)
                0x0000b012                leds_on
 .text.leds_off
                0x0000b026       0x14 contiki-sky.a(leds.o)
                0x0000b026                leds_off
 .text.leds_invert
                0x0000b03a        0xa contiki-sky.a(leds.o)
                0x0000b03a                leds_invert
 .text.leds_toggle
                0x0000b044        0x6 contiki-sky.a(leds.o)
                0x0000b044                leds_toggle
 .text.leds_arch_init
                0x0000b04a        0xe contiki-sky.a(leds-arch.o)
                0x0000b04a                leds_arch_init
 .text.leds_arch_set
                0x0000b058       0x3a contiki-sky.a(leds-arch.o)
                0x0000b058                leds_arch_set
 .text.watchdog_interrupt
                0x0000b092        0x6 contiki-sky.a(watchdog.o)
                0x0000b092                __isr_10
                0x0000b092                watchdog_interrupt
 .text.watchdog_start
                0x0000b098       0x14 contiki-sky.a(watchdog.o)
                0x0000b098                watchdog_start
 .text.watchdog_periodic
                0x0000b0ac       0x12 contiki-sky.a(watchdog.o)
                0x0000b0ac                watchdog_periodic
 .text.watchdog_stop
                0x0000b0be       0x16 contiki-sky.a(watchdog.o)
                0x0000b0be                watchdog_stop
 .text.watchdog_init
                0x0000b0d4       0x14 contiki-sky.a(watchdog.o)
                0x0000b0d4                watchdog_init
 .text.watchdog_reboot
                0x0000b0e8        0x6 contiki-sky.a(watchdog.o)
                0x0000b0e8                watchdog_reboot
 .text.rtimer_arch_init
                0x0000b0ee        0xe contiki-sky.a(rtimer-arch.o)
                0x0000b0ee                rtimer_arch_init
 .text.rtimer_arch_now
                0x0000b0fc        0xe contiki-sky.a(rtimer-arch.o)
                0x0000b0fc                rtimer_arch_now
 .text.timera0  0x0000b10a       0x76 contiki-sky.a(rtimer-arch.o)
                0x0000b10a                __isr_6
                0x0000b10a                timera0
 .text.rtimer_arch_schedule
                0x0000b180        0x6 contiki-sky.a(rtimer-arch.o)
                0x0000b180                rtimer_arch_schedule
 .text.send     0x0000b186       0x1c contiki-sky.a(trickle.o)
 .text.run_trickle
                0x0000b1a2       0xce contiki-sky.a(trickle.o)
 .text.timer_callback
                0x0000b270        0x6 contiki-sky.a(trickle.o)
 .text.recv     0x0000b276       0x98 contiki-sky.a(trickle.o)
 .text.trickle_open
                0x0000b30e       0x44 contiki-sky.a(trickle.o)
                0x0000b30e                trickle_open
 .text.trickle_send
                0x0000b352       0x3e contiki-sky.a(trickle.o)
                0x0000b352                trickle_send
 .text.route_num
                0x0000b390       0x1e contiki-sky.a(route.o)
                0x0000b390                route_num
 .text.route_get
                0x0000b3ae       0x26 contiki-sky.a(route.o)
                0x0000b3ae                route_get
 .text.send_packet
                0x0000b3d4       0x3a contiki-sky.a(collect.o)
 .text.send_queued_packet
                0x0000b40e       0xc6 contiki-sky.a(collect.o)
 .text.update_rtmetric
                0x0000b4d4       0xf6 contiki-sky.a(collect.o)
 .text.send_next_packet
                0x0000b5ca       0x2c contiki-sky.a(collect.o)
 .text.set_keepalive_timer
                0x0000b5f6       0x6e contiki-sky.a(collect.o)
 .text.timedout
                0x0000b664       0x38 contiki-sky.a(collect.o)
 .text.retransmit_callback
                0x0000b69c       0xd2 contiki-sky.a(collect.o)
 .text.retransmit_not_sent_callback
                0x0000b76e        0xc contiki-sky.a(collect.o)
 .text.node_packet_sent
                0x0000b77a       0x50 contiki-sky.a(collect.o)
 .text.enqueue_dummy_packet
                0x0000b7ca       0x78 contiki-sky.a(collect.o)
 .text.send_keepalive
                0x0000b842       0x38 contiki-sky.a(collect.o)
 .text.add_packet_to_recent_packets
                0x0000b87a       0x4c contiki-sky.a(collect.o)
 .text.send_ack
                0x0000b8c6       0x72 contiki-sky.a(collect.o)
 .text.node_packet_received
                0x0000b938      0x2d2 contiki-sky.a(collect.o)
 .text.proactive_probing_callback
                0x0000bc0a       0xe6 contiki-sky.a(collect.o)
 .text.received_announcement
                0x0000bcf0       0x9e contiki-sky.a(collect.o)
 .text.collect_open
                0x0000bd8e       0xe4 contiki-sky.a(collect.o)
                0x0000bd8e                collect_open
 .text.collect_set_keepalive
                0x0000be72        0xe contiki-sky.a(collect.o)
                0x0000be72                collect_set_keepalive
 .text.collect_set_sink
                0x0000be80       0x6c contiki-sky.a(collect.o)
                0x0000be80                collect_set_sink
 .text.collect_send
                0x0000beec       0xe4 contiki-sky.a(collect.o)
                0x0000beec                collect_send
 .text.periodic
                0x0000bfd0       0x8e contiki-sky.a(collect-neighbo)
 .text.collect_neighbor_init
                0x0000c05e       0x14 contiki-sky.a(collect-neighbo)
                0x0000c05e                collect_neighbor_init
 .text.collect_neighbor_list_new
                0x0000c072       0x32 contiki-sky.a(collect-neighbo)
                0x0000c072                collect_neighbor_list_new
 .text.collect_neighbor_list_find
                0x0000c0a4       0x3a contiki-sky.a(collect-neighbo)
                0x0000c0a4                collect_neighbor_list_find
 .text.collect_neighbor_list_add
                0x0000c0de       0xb0 contiki-sky.a(collect-neighbo)
                0x0000c0de                collect_neighbor_list_add
 .text.collect_neighbor_list
                0x0000c18e        0xa contiki-sky.a(collect-neighbo)
                0x0000c18e                collect_neighbor_list
 .text.collect_neighbor_list_num
                0x0000c198        0xe contiki-sky.a(collect-neighbo)
                0x0000c198                collect_neighbor_list_num
 .text.collect_neighbor_update_rtmetric
                0x0000c1a6        0xe contiki-sky.a(collect-neighbo)
                0x0000c1a6                collect_neighbor_update_rtmetric
 .text.collect_neighbor_tx_fail
                0x0000c1b4       0x1c contiki-sky.a(collect-neighbo)
                0x0000c1b4                collect_neighbor_tx_fail
 .text.collect_neighbor_tx
                0x0000c1d0       0x1c contiki-sky.a(collect-neighbo)
                0x0000c1d0                collect_neighbor_tx
 .text.collect_neighbor_rtmetric_link_estimate
                0x0000c1ec       0x18 contiki-sky.a(collect-neighbo)
                0x0000c1ec                collect_neighbor_rtmetric_link_estimate
 .text.collect_neighbor_list_best
                0x0000c204       0x4a contiki-sky.a(collect-neighbo)
                0x0000c204                collect_neighbor_list_best
 .text.collect_neighbor_rtmetric
                0x0000c24e        0xa contiki-sky.a(collect-neighbo)
                0x0000c24e                collect_neighbor_rtmetric
 .text.collect_neighbor_set_congested
                0x0000c258       0x14 contiki-sky.a(collect-neighbo)
                0x0000c258                collect_neighbor_set_congested
 .text.collect_neighbor_is_congested
                0x0000c26c       0x1c contiki-sky.a(collect-neighbo)
                0x0000c26c                collect_neighbor_is_congested
 .text.collect_neighbor_link_estimate
                0x0000c288       0x2e contiki-sky.a(collect-neighbo)
                0x0000c288                collect_neighbor_link_estimate
 .text.collect_link_estimate_new
                0x0000c2b6       0x12 contiki-sky.a(collect-link-es)
                0x0000c2b6                collect_link_estimate_new
 .text.collect_link_estimate_update_tx
                0x0000c2c8       0x8e contiki-sky.a(collect-link-es)
                0x0000c2c8                collect_link_estimate_update_tx
 .text.collect_link_estimate_update_tx_fail
                0x0000c356        0xc contiki-sky.a(collect-link-es)
                0x0000c356                collect_link_estimate_update_tx_fail
 .text.collect_link_estimate
                0x0000c362       0x14 contiki-sky.a(collect-link-es)
                0x0000c362                collect_link_estimate
 .text.collect_link_estimate_num_estimates
                0x0000c376        0xa contiki-sky.a(collect-link-es)
                0x0000c376                collect_link_estimate_num_estimates
 .text.field_len
                0x0000c380       0x98 contiki-sky.a(frame802154.o)
 .text.frame802154_hdrlen
                0x0000c418       0x2e contiki-sky.a(frame802154.o)
                0x0000c418                frame802154_hdrlen
 .text.frame802154_create
                0x0000c446      0x16c contiki-sky.a(frame802154.o)
                0x0000c446                frame802154_create
 .text.frame802154_parse
                0x0000c5b2      0x19e contiki-sky.a(frame802154.o)
                0x0000c5b2                frame802154_parse
 .text.mac_call_sent_callback
                0x0000c750       0x14 contiki-sky.a(mac.o)
                0x0000c750                mac_call_sent_callback
 .text.crc16_add
                0x0000c764       0x50 contiki-sky.a(crc16.o)
                0x0000c764                crc16_add
 .text.crc16_data
                0x0000c7b4       0x28 contiki-sky.a(crc16.o)
                0x0000c7b4                crc16_data
 .text.remove_queued_packet
                0x0000c7dc       0x36 contiki-sky.a(packetqueue.o)
 .text.packetqueue_enqueue_packetbuf
                0x0000c812       0x80 contiki-sky.a(packetqueue.o)
                0x0000c812                packetqueue_enqueue_packetbuf
 .text.packetqueue_first
                0x0000c892        0xa contiki-sky.a(packetqueue.o)
                0x0000c892                packetqueue_first
 .text.packetqueue_dequeue
                0x0000c89c       0x40 contiki-sky.a(packetqueue.o)
                0x0000c89c                packetqueue_dequeue
 .text.packetqueue_len
                0x0000c8dc        0xa contiki-sky.a(packetqueue.o)
                0x0000c8dc                packetqueue_len
 .text.packetqueue_queuebuf
                0x0000c8e6        0xa contiki-sky.a(packetqueue.o)
                0x0000c8e6                packetqueue_queuebuf
 .text.add_packet_stats
                0x0000c8f0      0x100 contiki-sky.a(powertrace.o)
 .text.output_sniffer
                0x0000c9f0        0x8 contiki-sky.a(powertrace.o)
 .text.input_sniffer
                0x0000c9f8        0x8 contiki-sky.a(powertrace.o)
 .text.sniffprint
                0x0000ca00       0x72 contiki-sky.a(powertrace.o)
 .text.output_printsniffer
                0x0000ca72       0x16 contiki-sky.a(powertrace.o)
 .text.input_printsniffer
                0x0000ca88       0x70 contiki-sky.a(powertrace.o)
 .text.powertrace_print
                0x0000caf8      0x4cc contiki-sky.a(powertrace.o)
                0x0000caf8                powertrace_print
 .text.process_thread_powertrace_process
                0x0000cfc4       0x5c contiki-sky.a(powertrace.o)
 .text.powertrace_start
                0x0000d020       0x18 contiki-sky.a(powertrace.o)
                0x0000d020                powertrace_start
 .text.powertrace_stop
                0x0000d038        0xa contiki-sky.a(powertrace.o)
                0x0000d038                powertrace_stop
 .text.powertrace_sniff
                0x0000d042       0x1e contiki-sky.a(powertrace.o)
                0x0000d042                powertrace_sniff
 .text.collect_view_construct_message
                0x0000d060      0x14a contiki-sky.a(collect-view.o)
                0x0000d060                collect_view_construct_message
 .text.collect_view_arch_read_sensors
                0x0000d1aa       0x98 contiki-sky.a(collect-view-sk)
                0x0000d1aa                collect_view_arch_read_sensors
 .text.rev8bits
                0x0000d242       0x2c contiki-sky.a(sht11.o)
 .text.crc8_add
                0x0000d26e       0x1c contiki-sky.a(sht11.o)
 .text.sstart   0x0000d28a       0x3e contiki-sky.a(sht11.o)
 .text.swrite   0x0000d2c8       0x52 contiki-sky.a(sht11.o)
 .text.sread    0x0000d31a       0x4e contiki-sky.a(sht11.o)
 .text.sreset   0x0000d368       0x2a contiki-sky.a(sht11.o)
 .text.scmd     0x0000d392       0x98 contiki-sky.a(sht11.o)
 .text.sht11_init
                0x0000d42a       0x1a contiki-sky.a(sht11.o)
                0x0000d42a                sht11_init
 .text.sht11_off
                0x0000d444       0x14 contiki-sky.a(sht11.o)
                0x0000d444                sht11_off
 .text.sht11_temp
                0x0000d458        0xa contiki-sky.a(sht11.o)
                0x0000d458                sht11_temp
 .text.sht11_humidity
                0x0000d462        0xa contiki-sky.a(sht11.o)
                0x0000d462                sht11_humidity
 .text.sht11_sreg
                0x0000d46c       0x54 contiki-sky.a(sht11.o)
                0x0000d46c                sht11_sreg
 .text.spi_init
                0x0000d4c0       0x32 contiki-sky.a(spi.o)
                0x0000d4c0                spi_init
 .text.sent_by_broadcast
                0x0000d4f2       0x10 contiki-sky.a(unicast.o)
 .text.recv_from_broadcast
                0x0000d502       0x2e contiki-sky.a(unicast.o)
 .text.unicast_open
                0x0000d530       0x2a contiki-sky.a(unicast.o)
                0x0000d530                unicast_open
 .text.unicast_send
                0x0000d55a       0x16 contiki-sky.a(unicast.o)
                0x0000d55a                unicast_send
 .text.libgcc   0x0000d570       0x20 /usr/lib/gcc/msp430/4.5.3/mmpy-16/libgcc.a(_mulsi3.o)
                0x0000d570                __mulsi3
 .text.libgcc   0x0000d590       0x1c /usr/lib/gcc/msp430/4.5.3/mmpy-16/libgcc.a(_udivmodhi4.o)
                0x0000d590                __udivmodhi4
 .text.libgcc   0x0000d5ac       0x36 /usr/lib/gcc/msp430/4.5.3/mmpy-16/libgcc.a(_divmodhi4.o)
                0x0000d5ac                __divmodhi4
 .text.libgcc   0x0000d5e2       0x2a /usr/lib/gcc/msp430/4.5.3/mmpy-16/libgcc.a(_udivmodsi4.o)
                0x0000d5e2                __udivmodsi4
 .text.libgcc   0x0000d60c       0x4a /usr/lib/gcc/msp430/4.5.3/mmpy-16/libgcc.a(_divmodsi4.o)
                0x0000d60c                __divmodsi4
 .text.crt0     0x0000d656        0x2 /usr/lib/gcc/msp430/4.5.3/mmpy-16/libcrt0.a(_unexpected_.o)
                0x0000d656                _unexpected_

.rodata         0x0000d658        0x0
                0x0000d658                . = ALIGN (0x2)
 *(.rodata .rodata.* .gnu.linkonce.r.*)
                0x0000d658                . = ALIGN (0x2)
                0x0000d658                _etext = .

.data           0x00001100      0x33c load address 0x0000d658
                0x00001100                . = ALIGN (0x2)
                0x00001100                PROVIDE (__data_start, .)
 *(.data)
 .data          0x00001100        0xa collect-view-shell.co
                0x00001100                collect_view_shell_process
 .data          0x0000110a       0x18 contiki-sky.a(csma.o)
 .data          0x00001122        0xa contiki-sky.a(serial-line.o)
                0x00001122                serial_line_process
 .data          0x0000112c        0xa contiki-sky.a(etimer.o)
                0x0000112c                etimer_process
 .data          0x00001136        0xa contiki-sky.a(ctimer.o)
                0x00001136                ctimer_process
 .data          0x00001140       0x18 contiki-sky.a(queuebuf.o)
 .data          0x00001158        0xa contiki-sky.a(serial-shell.o)
                0x00001158                serial_shell_process
 .data          0x00001162       0xac contiki-sky.a(shell.o)
                0x00001162                shell_process
                0x0000116c                shell_server_process
                0x00001176                help_command_process
                0x00001180                shell_killall_process
                0x0000118a                shell_kill_process
                0x00001194                shell_null_process
                0x0000119e                shell_exit_process
 .data          0x0000120e       0x14 contiki-sky.a(shell-reboot.o)
                0x0000120e                shell_reboot_process
 .data          0x00001222       0x64 contiki-sky.a(shell-rime.o)
                0x00001222                shell_mac_process
                0x0000122c                shell_send_process
                0x00001236                shell_collect_process
                0x00001240                shell_routes_process
                0x0000124a                shell_packetize_process
 .data          0x00001286       0x14 contiki-sky.a(shell-blink.o)
                0x00001286                shell_blink_process
 .data          0x0000129a       0x50 contiki-sky.a(shell-text.o)
                0x0000129a                shell_echo_process
                0x000012a4                shell_binprint_process
                0x000012ae                shell_hd_process
                0x000012b8                shell_size_process
 .data          0x000012ea       0x5a contiki-sky.a(shell-time.o)
                0x000012ea                shell_time_process
                0x000012f4                shell_timestamp_process
                0x000012fe                shell_repeat_process
                0x00001308                shell_repeat_server_process
                0x00001312                shell_randwait_process
 .data          0x00001344       0x1e contiki-sky.a(shell-rime-netc)
                0x00001344                shell_netcmd_process
                0x0000134e                shell_netcmd_server_process
 .data          0x00001362       0x14 contiki-sky.a(shell-powertrac)
                0x00001362                shell_powertrace_process
 .data          0x00001376       0x14 contiki-sky.a(shell-collect-v)
                0x00001376                collect_view_data_process
 .data          0x0000138a       0x64 contiki-sky.a(shell-sky.o)
                0x0000138a                shell_nodeid_process
                0x00001394                shell_sense_process
                0x0000139e                shell_senseconv_process
                0x000013a8                shell_txpower_process
                0x000013b2                shell_rfchannel_process
 .data          0x000013ee        0x4 contiki-sky.a(contiki-sky-pla)
                0x000013ee                sensors
 .data          0x000013f2        0x1 contiki-sky.a(sht11-sensor.o)
 *fill*         0x000013f3        0x1 00
 .data          0x000013f4        0xa contiki-sky.a(sensors.o)
                0x000013f4                sensors_process
 .data          0x000013fe        0xa contiki-sky.a(cc2420.o)
                0x000013fe                cc2420_process
 .data          0x00001408        0x2 contiki-sky.a(msp430.o)
 .data          0x0000140a        0x8 contiki-sky.a(collect.o)
 .data          0x00001412        0x8 contiki-sky.a(collect-neighbo)
 .data          0x0000141a       0x1e contiki-sky.a(powertrace.o)
                0x0000141a                powertrace_process
 .data          0x00001438        0x4 /usr/lib/gcc/msp430/4.5.3/../../../../msp430/lib/mmpy-16/libc.a(rand.o)
 *(SORT(.data.*))
                0x0000143c                . = ALIGN (0x2)
 *(.gnu.linkonce.d*)
                0x0000143c                . = ALIGN (0x2)
                0x0000143c                _edata = .
                0x0000d658                PROVIDE (__data_load_start, LOADADDR (.data))
                0x0000033c                PROVIDE (__data_size, SIZEOF (.data))

.bss            0x0000143c     0x238c load address 0x0000d994
                0x0000143c                PROVIDE (__bss_start, .)
 *(.bss)
 .bss           0x0000143c        0xc obj_sky/contiki-sky-main.o
 .bss           0x00001448        0x2 contiki-sky.a(rime.o)
 .bss           0x0000144a        0x6 contiki-sky.a(announcement.o)
 .bss           0x00001450       0x46 contiki-sky.a(broadcast-annou)
 .bss           0x00001496        0x2 contiki-sky.a(channel.o)
 .bss           0x00001498       0xbe contiki-sky.a(sicslowmac.o)
                0x00001498                attack_flag
                0x0000149a                attacker
 .bss           0x00001556      0x196 contiki-sky.a(csma.o)
 .bss           0x000016ec       0x42 contiki-sky.a(process.o)
                0x000016ec                process_list
                0x000016ee                process_current
 .bss           0x0000172e      0x10a contiki-sky.a(serial-line.o)
 .bss           0x00001838        0x6 contiki-sky.a(etimer.o)
 .bss           0x0000183e        0x4 contiki-sky.a(ctimer.o)
 .bss           0x00001842        0x2 contiki-sky.a(rtimer.o)
 .bss           0x00001844     0x123e contiki-sky.a(queuebuf.o)
 .bss           0x00002a82       0x16 contiki-sky.a(shell.o)
 .bss           0x00002a98        0xc contiki-sky.a(shell-reboot.o)
 .bss           0x00002aa4        0xc contiki-sky.a(shell-rime.o)
 .bss           0x00002ab0       0x12 contiki-sky.a(shell-blink.o)
 .bss           0x00002ac2        0x4 contiki-sky.a(shell-text.o)
 .bss           0x00002ac6       0xaa contiki-sky.a(shell-time.o)
 .bss           0x00002b70       0x58 contiki-sky.a(shell-rime-netc)
 .bss           0x00002bc8       0x82 contiki-sky.a(shell-sky.o)
 .bss           0x00002c4a        0x8 contiki-sky.a(button-sensor.o)
 .bss           0x00002c52        0x8 contiki-sky.a(node-id.o)
                0x00002c52                node_id
                0x00002c54                node_loc_x
                0x00002c56                node_loc_y
                0x00002c58                node_loc_z
 .bss           0x00002c5a        0x6 contiki-sky.a(sensors.o)
 .bss           0x00002c60        0xa contiki-sky.a(cc2420.o)
 .bss           0x00002c6a        0x4 contiki-sky.a(sky-sensors.o)
 .bss           0x00002c6e       0x9a contiki-sky.a(uart1.o)
 .bss           0x00002d08        0xa contiki-sky.a(clock.o)
 .bss           0x00002d12        0x2 contiki-sky.a(leds.o)
 .bss           0x00002d14        0x2 contiki-sky.a(watchdog.o)
 .bss           0x00002d16       0x7e contiki-sky.a(route.o)
 .bss           0x00002d94      0x26c contiki-sky.a(collect.o)
 .bss           0x00003000      0x322 contiki-sky.a(collect-neighbo)
 .bss           0x00003322      0x2fe contiki-sky.a(powertrace.o)
 .bss           0x00003620       0x10 contiki-sky.a(collect-view.o)
 .bss           0x00003630        0x4 /usr/lib/gcc/msp430/4.5.3/../../../../msp430/lib/mmpy-16/libc.a(sprintf.o)
 *(SORT(.bss.*))
 *(COMMON)
 COMMON         0x00003634        0x2 contiki-sky.a(rimeaddr.o)
                0x00003634                rimeaddr_node_addr
 COMMON         0x00003636       0x38 contiki-sky.a(sicslowmac.o)
                0x00003636                packetbuf_addrs
                0x0000363e                packetbuf_attrs
 COMMON         0x0000366e        0x1 contiki-sky.a(process.o)
                0x0000366e                process_maxevents
 COMMON         0x0000366f        0x1 contiki-sky.a(serial-line.o)
                0x0000366f                serial_line_event_message
 COMMON         0x00003670       0x56 contiki-sky.a(energest.o)
                0x00003670                energest_total_time
                0x000036a0                energest_total_count
                0x000036a2                energest_current_mode
                0x000036ae                energest_current_time
 COMMON         0x000036c6        0x2 contiki-sky.a(shell.o)
                0x000036c6                shell_event_input
 COMMON         0x000036c8       0x9e contiki-sky.a(shell-rime.o)
                0x000036c8                shell_collect_conn
 COMMON         0x00003766        0x2 contiki-sky.a(contiki-sky-pla)
                0x00003766                sensors_flags
 COMMON         0x00003768        0x8 contiki-sky.a(ds2411.o)
                0x00003768                ds2411_id
 COMMON         0x00003770        0x1 contiki-sky.a(sensors.o)
                0x00003770                sensors_event
 *fill*         0x00003771        0x1 00
 COMMON         0x00003772       0x14 contiki-sky.a(cc2420.o)
                0x00003772                cc2420_last_rssi
                0x00003774                cc2420_packets_read
                0x00003776                cc2420_packets_seen
                0x00003778                cc2420_sfd_start_time
                0x0000377a                cc2420_time_of_departure
                0x0000377c                cc2420_time_of_arrival
                0x0000377e                cc2420_last_correlation
                0x00003780                cc2420_authority_level_of_sender
                0x00003782                cc2420_sfd_counter
                0x00003784                cc2420_sfd_end_time
 COMMON         0x00003786        0x2 contiki-sky.a(msp430.o)
                0x00003786                msp430_dco_required
 COMMON         0x00003788       0x38 contiki-sky.a(collect.o)
                0x00003788                stats
 COMMON         0x000037c0        0x8 contiki-sky.a(compower.o)
                0x000037c0                compower_idle_activity
                0x000037c8                PROVIDE (__bss_end, .)
                0x000037c8                _end = .
                0x0000238c                PROVIDE (__bss_size, SIZEOF (.bss))

.noinit         0x000037c8        0x0 load address 0x0000d994
                0x000037c8                PROVIDE (__noinit_start, .)
 *(.noinit)
 *(.noinit.*)
 *(COMMON)
                0x000037c8                PROVIDE (__noinit_end, .)
                0x000037c8                _end = .

.infomem        0x00001000        0x0
 *(.infomem)
                0x00001000                . = ALIGN (0x2)
 *(.infomem.*)

.infomemnobits  0x00001000        0x0
                0x00001000                . = ALIGN (0x2)
 *(.infomemnobits)
                0x00001000                . = ALIGN (0x2)
 *(.infomemnobits.*)

.vectors        0x0000ffe0       0x20
                0x0000ffe0                PROVIDE (__vectors_start, .)
 *(.vectors*)
 .vectors       0x0000ffe0       0x20 /usr/lib/gcc/msp430/4.5.3/mmpy-16/crt0ivtbl16.o
                0x0000ffe0                __ivtbl_16
                0x00010000                _vectors_end = .

.fartext        0x00000000        0x0
                0x00000000                . = ALIGN (0x2)
 *(.fartext)
                0x00000000                . = ALIGN (0x2)
 *(.fartext.*)
                0x00000000                _efartext = .

.profiler
 *(.profiler)

.stab
 *(.stab)

.stabstr
 *(.stabstr)

.stab.excl
 *(.stab.excl)

.stab.exclstr
 *(.stab.exclstr)

.stab.index
 *(.stab.index)

.stab.indexstr
 *(.stab.indexstr)

.comment
 *(.comment)

.debug
 *(.debug)

.line
 *(.line)

.debug_srcinfo
 *(.debug_srcinfo)

.debug_sfnames
 *(.debug_sfnames)

.debug_aranges  0x00000000      0x1e0
 *(.debug_aranges)
 .debug_aranges
                0x00000000       0x14 /usr/lib/gcc/msp430/4.5.3/mmpy-16/libgcc.a(_mulsi3.o)
 .debug_aranges
                0x00000014       0x14 /usr/lib/gcc/msp430/4.5.3/mmpy-16/libgcc.a(_udivmodhi4.o)
 .debug_aranges
                0x00000028       0x14 /usr/lib/gcc/msp430/4.5.3/mmpy-16/libgcc.a(_divmodhi4.o)
 .debug_aranges
                0x0000003c       0x14 /usr/lib/gcc/msp430/4.5.3/mmpy-16/libgcc.a(_udivmodsi4.o)
 .debug_aranges
                0x00000050       0x14 /usr/lib/gcc/msp430/4.5.3/mmpy-16/libgcc.a(_divmodsi4.o)
 .debug_aranges
                0x00000064       0x14 /usr/lib/gcc/msp430/4.5.3/../../../../msp430/lib/mmpy-16/libc.a(strchr.o)
 .debug_aranges
                0x00000078       0x14 /usr/lib/gcc/msp430/4.5.3/../../../../msp430/lib/mmpy-16/libc.a(strcmp.o)
 .debug_aranges
                0x0000008c       0x14 /usr/lib/gcc/msp430/4.5.3/../../../../msp430/lib/mmpy-16/libc.a(strncmp.o)
 .debug_aranges
                0x000000a0       0x14 /usr/lib/gcc/msp430/4.5.3/../../../../msp430/lib/mmpy-16/libc.a(memcmp.o)
 .debug_aranges
                0x000000b4       0x14 /usr/lib/gcc/msp430/4.5.3/../../../../msp430/lib/mmpy-16/libc.a(strcpy.o)
 .debug_aranges
                0x000000c8       0x14 /usr/lib/gcc/msp430/4.5.3/../../../../msp430/lib/mmpy-16/libc.a(strncpy.o)
 .debug_aranges
                0x000000dc       0x14 /usr/lib/gcc/msp430/4.5.3/../../../../msp430/lib/mmpy-16/libc.a(memcpy.o)
 .debug_aranges
                0x000000f0       0x14 /usr/lib/gcc/msp430/4.5.3/../../../../msp430/lib/mmpy-16/libc.a(memset.o)
 .debug_aranges
                0x00000104       0x14 /usr/lib/gcc/msp430/4.5.3/../../../../msp430/lib/mmpy-16/libc.a(printf.o)
 .debug_aranges
                0x00000118       0x14 /usr/lib/gcc/msp430/4.5.3/../../../../msp430/lib/mmpy-16/libc.a(sprintf.o)
 .debug_aranges
                0x0000012c       0x14 /usr/lib/gcc/msp430/4.5.3/../../../../msp430/lib/mmpy-16/libc.a(vuprintf.o)
 .debug_aranges
                0x00000140       0x14 /usr/lib/gcc/msp430/4.5.3/../../../../msp430/lib/mmpy-16/libc.a(puts.o)
 .debug_aranges
                0x00000154       0x14 /usr/lib/gcc/msp430/4.5.3/../../../../msp430/lib/mmpy-16/libc.a(rand.o)
 .debug_aranges
                0x00000168       0x14 /usr/lib/gcc/msp430/4.5.3/mmpy-16/libcrt0.a(__init_stack.o)
 .debug_aranges
                0x0000017c       0x14 /usr/lib/gcc/msp430/4.5.3/mmpy-16/libcrt0.a(__low_level_init.o)
 .debug_aranges
                0x00000190       0x14 /usr/lib/gcc/msp430/4.5.3/mmpy-16/libcrt0.a(_copy_data.o)
 .debug_aranges
                0x000001a4       0x14 /usr/lib/gcc/msp430/4.5.3/mmpy-16/libcrt0.a(_clear_bss.o)
 .debug_aranges
                0x000001b8       0x14 /usr/lib/gcc/msp430/4.5.3/mmpy-16/libcrt0.a(_endless_loop__.o)
 .debug_aranges
                0x000001cc       0x14 /usr/lib/gcc/msp430/4.5.3/mmpy-16/libcrt0.a(_unexpected_.o)

.debug_pubnames
                0x00000000      0x1c3
 *(.debug_pubnames)
 .debug_pubnames
                0x00000000       0x1d /usr/lib/gcc/msp430/4.5.3/../../../../msp430/lib/mmpy-16/libc.a(strchr.o)
 .debug_pubnames
                0x0000001d       0x1d /usr/lib/gcc/msp430/4.5.3/../../../../msp430/lib/mmpy-16/libc.a(strcmp.o)
 .debug_pubnames
                0x0000003a       0x1e /usr/lib/gcc/msp430/4.5.3/../../../../msp430/lib/mmpy-16/libc.a(strncmp.o)
 .debug_pubnames
                0x00000058       0x1d /usr/lib/gcc/msp430/4.5.3/../../../../msp430/lib/mmpy-16/libc.a(memcmp.o)
 .debug_pubnames
                0x00000075       0x1d /usr/lib/gcc/msp430/4.5.3/../../../../msp430/lib/mmpy-16/libc.a(strcpy.o)
 .debug_pubnames
                0x00000092       0x1e /usr/lib/gcc/msp430/4.5.3/../../../../msp430/lib/mmpy-16/libc.a(strncpy.o)
 .debug_pubnames
                0x000000b0       0x1d /usr/lib/gcc/msp430/4.5.3/../../../../msp430/lib/mmpy-16/libc.a(memcpy.o)
 .debug_pubnames
                0x000000cd       0x1d /usr/lib/gcc/msp430/4.5.3/../../../../msp430/lib/mmpy-16/libc.a(memset.o)
 .debug_pubnames
                0x000000ea       0x29 /usr/lib/gcc/msp430/4.5.3/../../../../msp430/lib/mmpy-16/libc.a(printf.o)
 .debug_pubnames
                0x00000113       0x46 /usr/lib/gcc/msp430/4.5.3/../../../../msp430/lib/mmpy-16/libc.a(sprintf.o)
 .debug_pubnames
                0x00000159       0x1f /usr/lib/gcc/msp430/4.5.3/../../../../msp430/lib/mmpy-16/libc.a(vuprintf.o)
 .debug_pubnames
                0x00000178       0x1b /usr/lib/gcc/msp430/4.5.3/../../../../msp430/lib/mmpy-16/libc.a(puts.o)
 .debug_pubnames
                0x00000193       0x30 /usr/lib/gcc/msp430/4.5.3/../../../../msp430/lib/mmpy-16/libc.a(rand.o)

.debug_info     0x00000000     0x181b
 *(.debug_info)
 .debug_info    0x00000000       0xd7 /usr/lib/gcc/msp430/4.5.3/mmpy-16/libgcc.a(_mulsi3.o)
 .debug_info    0x000000d7       0xd7 /usr/lib/gcc/msp430/4.5.3/mmpy-16/libgcc.a(_udivmodhi4.o)
 .debug_info    0x000001ae       0xd7 /usr/lib/gcc/msp430/4.5.3/mmpy-16/libgcc.a(_divmodhi4.o)
 .debug_info    0x00000285       0xd7 /usr/lib/gcc/msp430/4.5.3/mmpy-16/libgcc.a(_udivmodsi4.o)
 .debug_info    0x0000035c       0xd7 /usr/lib/gcc/msp430/4.5.3/mmpy-16/libgcc.a(_divmodsi4.o)
 .debug_info    0x00000433       0xa7 /usr/lib/gcc/msp430/4.5.3/../../../../msp430/lib/mmpy-16/libc.a(strchr.o)
 .debug_info    0x000004da       0xa4 /usr/lib/gcc/msp430/4.5.3/../../../../msp430/lib/mmpy-16/libc.a(strcmp.o)
 .debug_info    0x0000057e       0xbd /usr/lib/gcc/msp430/4.5.3/../../../../msp430/lib/mmpy-16/libc.a(strncmp.o)
 .debug_info    0x0000063b       0xe2 /usr/lib/gcc/msp430/4.5.3/../../../../msp430/lib/mmpy-16/libc.a(memcmp.o)
 .debug_info    0x0000071d       0xb8 /usr/lib/gcc/msp430/4.5.3/../../../../msp430/lib/mmpy-16/libc.a(strcpy.o)
 .debug_info    0x000007d5       0xe3 /usr/lib/gcc/msp430/4.5.3/../../../../msp430/lib/mmpy-16/libc.a(strncpy.o)
 .debug_info    0x000008b8      0x113 /usr/lib/gcc/msp430/4.5.3/../../../../msp430/lib/mmpy-16/libc.a(memcpy.o)
 .debug_info    0x000009cb       0xfe /usr/lib/gcc/msp430/4.5.3/../../../../msp430/lib/mmpy-16/libc.a(memset.o)
 .debug_info    0x00000ac9      0x103 /usr/lib/gcc/msp430/4.5.3/../../../../msp430/lib/mmpy-16/libc.a(printf.o)
 .debug_info    0x00000bcc      0x277 /usr/lib/gcc/msp430/4.5.3/../../../../msp430/lib/mmpy-16/libc.a(sprintf.o)
 .debug_info    0x00000e43      0x3b5 /usr/lib/gcc/msp430/4.5.3/../../../../msp430/lib/mmpy-16/libc.a(vuprintf.o)
 .debug_info    0x000011f8       0x96 /usr/lib/gcc/msp430/4.5.3/../../../../msp430/lib/mmpy-16/libc.a(puts.o)
 .debug_info    0x0000128e      0x137 /usr/lib/gcc/msp430/4.5.3/../../../../msp430/lib/mmpy-16/libc.a(rand.o)
 .debug_info    0x000013c5       0xb9 /usr/lib/gcc/msp430/4.5.3/mmpy-16/libcrt0.a(__init_stack.o)
 .debug_info    0x0000147e       0xb9 /usr/lib/gcc/msp430/4.5.3/mmpy-16/libcrt0.a(__low_level_init.o)
 .debug_info    0x00001537       0xb9 /usr/lib/gcc/msp430/4.5.3/mmpy-16/libcrt0.a(_copy_data.o)
 .debug_info    0x000015f0       0xb9 /usr/lib/gcc/msp430/4.5.3/mmpy-16/libcrt0.a(_clear_bss.o)
 .debug_info    0x000016a9       0xb9 /usr/lib/gcc/msp430/4.5.3/mmpy-16/libcrt0.a(_endless_loop__.o)
 .debug_info    0x00001762       0xb9 /usr/lib/gcc/msp430/4.5.3/mmpy-16/libcrt0.a(_unexpected_.o)
 *(.gnu.linkonce.wi.*)

.debug_abbrev   0x00000000      0x9b2
 *(.debug_abbrev)
 .debug_abbrev  0x00000000       0x14 /usr/lib/gcc/msp430/4.5.3/mmpy-16/libgcc.a(_mulsi3.o)
 .debug_abbrev  0x00000014       0x14 /usr/lib/gcc/msp430/4.5.3/mmpy-16/libgcc.a(_udivmodhi4.o)
 .debug_abbrev  0x00000028       0x14 /usr/lib/gcc/msp430/4.5.3/mmpy-16/libgcc.a(_divmodhi4.o)
 .debug_abbrev  0x0000003c       0x14 /usr/lib/gcc/msp430/4.5.3/mmpy-16/libgcc.a(_udivmodsi4.o)
 .debug_abbrev  0x00000050       0x14 /usr/lib/gcc/msp430/4.5.3/mmpy-16/libgcc.a(_divmodsi4.o)
 .debug_abbrev  0x00000064       0x6f /usr/lib/gcc/msp430/4.5.3/../../../../msp430/lib/mmpy-16/libc.a(strchr.o)
 .debug_abbrev  0x000000d3       0x60 /usr/lib/gcc/msp430/4.5.3/../../../../msp430/lib/mmpy-16/libc.a(strcmp.o)
 .debug_abbrev  0x00000133       0x6d /usr/lib/gcc/msp430/4.5.3/../../../../msp430/lib/mmpy-16/libc.a(strncmp.o)
 .debug_abbrev  0x000001a0       0x8a /usr/lib/gcc/msp430/4.5.3/../../../../msp430/lib/mmpy-16/libc.a(memcmp.o)
 .debug_abbrev  0x0000022a       0x7e /usr/lib/gcc/msp430/4.5.3/../../../../msp430/lib/mmpy-16/libc.a(strcpy.o)
 .debug_abbrev  0x000002a8       0x94 /usr/lib/gcc/msp430/4.5.3/../../../../msp430/lib/mmpy-16/libc.a(strncpy.o)
 .debug_abbrev  0x0000033c       0x97 /usr/lib/gcc/msp430/4.5.3/../../../../msp430/lib/mmpy-16/libc.a(memcpy.o)
 .debug_abbrev  0x000003d3       0x8d /usr/lib/gcc/msp430/4.5.3/../../../../msp430/lib/mmpy-16/libc.a(memset.o)
 .debug_abbrev  0x00000460       0xce /usr/lib/gcc/msp430/4.5.3/../../../../msp430/lib/mmpy-16/libc.a(printf.o)
 .debug_abbrev  0x0000052e      0x105 /usr/lib/gcc/msp430/4.5.3/../../../../msp430/lib/mmpy-16/libc.a(sprintf.o)
 .debug_abbrev  0x00000633      0x1cb /usr/lib/gcc/msp430/4.5.3/../../../../msp430/lib/mmpy-16/libc.a(vuprintf.o)
 .debug_abbrev  0x000007fe       0x60 /usr/lib/gcc/msp430/4.5.3/../../../../msp430/lib/mmpy-16/libc.a(puts.o)
 .debug_abbrev  0x0000085e       0xdc /usr/lib/gcc/msp430/4.5.3/../../../../msp430/lib/mmpy-16/libc.a(rand.o)
 .debug_abbrev  0x0000093a       0x14 /usr/lib/gcc/msp430/4.5.3/mmpy-16/libcrt0.a(__init_stack.o)
 .debug_abbrev  0x0000094e       0x14 /usr/lib/gcc/msp430/4.5.3/mmpy-16/libcrt0.a(__low_level_init.o)
 .debug_abbrev  0x00000962       0x14 /usr/lib/gcc/msp430/4.5.3/mmpy-16/libcrt0.a(_copy_data.o)
 .debug_abbrev  0x00000976       0x14 /usr/lib/gcc/msp430/4.5.3/mmpy-16/libcrt0.a(_clear_bss.o)
 .debug_abbrev  0x0000098a       0x14 /usr/lib/gcc/msp430/4.5.3/mmpy-16/libcrt0.a(_endless_loop__.o)
 .debug_abbrev  0x0000099e       0x14 /usr/lib/gcc/msp430/4.5.3/mmpy-16/libcrt0.a(_unexpected_.o)

.debug_line     0x00000000      0xd80
 *(.debug_line)
 .debug_line    0x00000000       0x9d /usr/lib/gcc/msp430/4.5.3/mmpy-16/libgcc.a(_mulsi3.o)
 .debug_line    0x0000009d       0x9a /usr/lib/gcc/msp430/4.5.3/mmpy-16/libgcc.a(_udivmodhi4.o)
 .debug_line    0x00000137       0xa5 /usr/lib/gcc/msp430/4.5.3/mmpy-16/libgcc.a(_divmodhi4.o)
 .debug_line    0x000001dc       0xa1 /usr/lib/gcc/msp430/4.5.3/mmpy-16/libgcc.a(_udivmodsi4.o)
 .debug_line    0x0000027d       0xaf /usr/lib/gcc/msp430/4.5.3/mmpy-16/libgcc.a(_divmodsi4.o)
 .debug_line    0x0000032c       0x44 /usr/lib/gcc/msp430/4.5.3/../../../../msp430/lib/mmpy-16/libc.a(strchr.o)
 .debug_line    0x00000370       0x49 /usr/lib/gcc/msp430/4.5.3/../../../../msp430/lib/mmpy-16/libc.a(strcmp.o)
 .debug_line    0x000003b9       0x76 /usr/lib/gcc/msp430/4.5.3/../../../../msp430/lib/mmpy-16/libc.a(strncmp.o)
 .debug_line    0x0000042f       0x7c /usr/lib/gcc/msp430/4.5.3/../../../../msp430/lib/mmpy-16/libc.a(memcmp.o)
 .debug_line    0x000004ab       0x4d /usr/lib/gcc/msp430/4.5.3/../../../../msp430/lib/mmpy-16/libc.a(strcpy.o)
 .debug_line    0x000004f8       0x78 /usr/lib/gcc/msp430/4.5.3/../../../../msp430/lib/mmpy-16/libc.a(strncpy.o)
 .debug_line    0x00000570       0xf3 /usr/lib/gcc/msp430/4.5.3/../../../../msp430/lib/mmpy-16/libc.a(memcpy.o)
 .debug_line    0x00000663       0xbd /usr/lib/gcc/msp430/4.5.3/../../../../msp430/lib/mmpy-16/libc.a(memset.o)
 .debug_line    0x00000720       0x72 /usr/lib/gcc/msp430/4.5.3/../../../../msp430/lib/mmpy-16/libc.a(printf.o)
 .debug_line    0x00000792       0x9c /usr/lib/gcc/msp430/4.5.3/../../../../msp430/lib/mmpy-16/libc.a(sprintf.o)
 .debug_line    0x0000082e      0x198 /usr/lib/gcc/msp430/4.5.3/../../../../msp430/lib/mmpy-16/libc.a(vuprintf.o)
 .debug_line    0x000009c6       0x4d /usr/lib/gcc/msp430/4.5.3/../../../../msp430/lib/mmpy-16/libc.a(puts.o)
 .debug_line    0x00000a13       0x52 /usr/lib/gcc/msp430/4.5.3/../../../../msp430/lib/mmpy-16/libc.a(rand.o)
 .debug_line    0x00000a65       0x82 /usr/lib/gcc/msp430/4.5.3/mmpy-16/libcrt0.a(__init_stack.o)
 .debug_line    0x00000ae7       0x84 /usr/lib/gcc/msp430/4.5.3/mmpy-16/libcrt0.a(__low_level_init.o)
 .debug_line    0x00000b6b       0x88 /usr/lib/gcc/msp430/4.5.3/mmpy-16/libcrt0.a(_copy_data.o)
 .debug_line    0x00000bf3       0x88 /usr/lib/gcc/msp430/4.5.3/mmpy-16/libcrt0.a(_clear_bss.o)
 .debug_line    0x00000c7b       0x83 /usr/lib/gcc/msp430/4.5.3/mmpy-16/libcrt0.a(_endless_loop__.o)
 .debug_line    0x00000cfe       0x82 /usr/lib/gcc/msp430/4.5.3/mmpy-16/libcrt0.a(_unexpected_.o)

.debug_frame    0x00000000      0x2b6
 *(.debug_frame)
 .debug_frame   0x00000000       0x1e /usr/lib/gcc/msp430/4.5.3/../../../../msp430/lib/mmpy-16/libc.a(strchr.o)