Archive member included because of file (symbol)

contiki-sky.a(rimeaddr.o)     obj_sky/contiki-sky-main.o (rimeaddr_copy)
contiki-sky.a(sicslowmac.o)   obj_sky/contiki-sky-main.o (sicslowmac_driver)
contiki-sky.a(csma.o)         obj_sky/contiki-sky-main.o (csma_driver)
contiki-sky.a(rpl.o)          2.co (rpl_remove_routes)
contiki-sky.a(rpl-icmp6.o)    contiki-sky.a(rpl.o) (dao_output_target)
contiki-sky.a(rpl-timers.o)   contiki-sky.a(rpl.o) (rpl_reset_periodic_timer)
contiki-sky.a(process.o)      obj_sky/contiki-sky-main.o (process_init)
contiki-sky.a(autostart.o)    obj_sky/contiki-sky-main.o (autostart_start)
contiki-sky.a(memb.o)         contiki-sky.a(csma.o) (memb_init)
contiki-sky.a(timer.o)        obj_sky/contiki-sky-main.o (timer_set)
contiki-sky.a(list.o)         contiki-sky.a(csma.o) (list_init)
contiki-sky.a(etimer.o)       obj_sky/contiki-sky-main.o (etimer_process)
contiki-sky.a(ctimer.o)       obj_sky/contiki-sky-main.o (ctimer_init)
contiki-sky.a(energest.o)     obj_sky/contiki-sky-main.o (energest_init)
contiki-sky.a(rtimer.o)       obj_sky/contiki-sky-main.o (rtimer_init)
contiki-sky.a(stimer.o)       contiki-sky.a(rpl-icmp6.o) (stimer_set)
contiki-sky.a(random.o)       obj_sky/contiki-sky-main.o (random_init)
contiki-sky.a(nbr-table.o)    2.co (nbr_table_register)
contiki-sky.a(queuebuf.o)     obj_sky/contiki-sky-main.o (queuebuf_init)
contiki-sky.a(sicslowpan.o)   obj_sky/contiki-sky-main.o (sicslowpan_driver)
contiki-sky.a(tcpip.o)        contiki-sky.a(sicslowpan.o) (tcpip_set_outputfunc)
contiki-sky.a(uip-ds6-route.o)
                              contiki-sky.a(rpl.o) (uip_ds6_route_nexthop)
contiki-sky.a(uip-ds6-nbr.o)  2.co (ds6_neighbors)
contiki-sky.a(uip-ds6.o)      contiki-sky.a(tcpip.o) (uip_ds6_is_addr_onlink)
contiki-sky.a(uip-icmp6.o)    contiki-sky.a(rpl-icmp6.o) (uip_icmp6_send)
contiki-sky.a(uip-nd6.o)      contiki-sky.a(tcpip.o) (uip_nd6_ns_output)
contiki-sky.a(uip-packetqueue)
                              contiki-sky.a(uip-ds6-nbr.o) (uip_packetqueue_new)
contiki-sky.a(uip-udp-packet.)
                              2.co (uip_udp_packet_sendto)
contiki-sky.a(uip6.o)         contiki-sky.a(rpl-icmp6.o) (uip_aligned_buf)
contiki-sky.a(contiki-sky-pla)
                              obj_sky/contiki-sky-main.o (init_platform)
contiki-sky.a(button-sensor.o)
                              contiki-sky.a(contiki-sky-pla) (button_sensor)
contiki-sky.a(ds2411.o)       obj_sky/contiki-sky-main.o (ds2411_init)
contiki-sky.a(xmem.o)         obj_sky/contiki-sky-main.o (xmem_init)
contiki-sky.a(node-id.o)      obj_sky/contiki-sky-main.o (node_id_restore)
contiki-sky.a(sensors.o)      contiki-sky.a(button-sensor.o) (sensors_changed)
contiki-sky.a(cc2420.o)       obj_sky/contiki-sky-main.o (cc2420_set_channel)
contiki-sky.a(cc2420-arch.o)  contiki-sky.a(cc2420.o) (cc2420_arch_init)
contiki-sky.a(uart1.o)        obj_sky/contiki-sky-main.o (uart1_active)
contiki-sky.a(uart1-putchar.o)
                              obj_sky/contiki-sky-main.o (putchar)
contiki-sky.a(msp430.o)       contiki-sky.a(uart1.o) (msp430_add_lpm_req)
contiki-sky.a(clock.o)        contiki-sky.a(timer.o) (clock_time)
contiki-sky.a(leds.o)         obj_sky/contiki-sky-main.o (leds_init)
contiki-sky.a(leds-arch.o)    contiki-sky.a(leds.o) (leds_arch_init)
contiki-sky.a(watchdog.o)     obj_sky/contiki-sky-main.o (watchdog_start)
contiki-sky.a(rtimer-arch.o)  contiki-sky.a(rtimer.o) (rtimer_arch_init)
contiki-sky.a(frame802154.o)  contiki-sky.a(sicslowmac.o) (frame802154_hdrlen)
contiki-sky.a(mac.o)          contiki-sky.a(csma.o) (mac_call_sent_callback)
contiki-sky.a(framer-802154.o)
                              contiki-sky.a(sicslowpan.o) (framer_802154)
contiki-sky.a(rpl-ext-header.)
                              contiki-sky.a(uip6.o) (rpl_verify_header)
contiki-sky.a(spi.o)          contiki-sky.a(xmem.o) (spi_init)
/usr/lib/gcc/msp430/4.5.3/mmpy-16/libgcc.a(_mulsi3.o)
                              2.co (__mulsi3)
/usr/lib/gcc/msp430/4.5.3/mmpy-16/libgcc.a(_udivmodhi4.o)
                              2.co (__udivmodhi4)
/usr/lib/gcc/msp430/4.5.3/mmpy-16/libgcc.a(_divmodhi4.o)
                              contiki-sky.a(nbr-table.o) (__divmodhi4)
/usr/lib/gcc/msp430/4.5.3/mmpy-16/libgcc.a(_udivmodsi4.o)
                              2.co (__udivmodsi4)
/usr/lib/gcc/msp430/4.5.3/../../../../msp430/lib/mmpy-16/libc.a(strncmp.o)
                              contiki-sky.a(sensors.o) (strncmp)
/usr/lib/gcc/msp430/4.5.3/../../../../msp430/lib/mmpy-16/libc.a(memcmp.o)
                              2.co (memcmp)
/usr/lib/gcc/msp430/4.5.3/../../../../msp430/lib/mmpy-16/libc.a(memcpy.o)
                              2.co (memcpy)
/usr/lib/gcc/msp430/4.5.3/../../../../msp430/lib/mmpy-16/libc.a(memmove.o)
                              contiki-sky.a(sicslowpan.o) (memmove)
/usr/lib/gcc/msp430/4.5.3/../../../../msp430/lib/mmpy-16/libc.a(memset.o)
                              2.co (memset)
[...]
Memory Configuration

Name             Origin             Length             Attributes
sfr              0x00000000         0x00000010
peripheral_8bit  0x00000010         0x000000f0
peripheral_16bit 0x00000100         0x00000100
infomem          0x00001000         0x00000100
infob            0x00001000         0x00000080
infoa            0x00001080         0x00000080
ram              0x00001100         0x00002800         xw
rom              0x00004000         0x0000bfe0         xr
vectors          0x0000ffe0         0x00000020
bsl              0x00000000         0x00000000
infoc            0x00000000         0x00000000
infod            0x00000000         0x00000000
far_rom          0x00000000         0x00000000
*default*        0x00000000         0xffffffff

Linker script and memory map

LOAD /usr/lib/gcc/msp430/4.5.3/mmpy-16/crt0ivtbl16.o
LOAD 2.co
LOAD obj_sky/contiki-sky-main.o
LOAD contiki-sky.a
LOAD /usr/lib/gcc/msp430/4.5.3/mmpy-16/libgcc.a
LOAD /usr/lib/gcc/msp430/4.5.3/../../../../msp430/lib/mmpy-16/libc.a
LOAD /usr/lib/gcc/msp430/4.5.3/mmpy-16/libgcc.a
LOAD /usr/lib/gcc/msp430/4.5.3/mmpy-16/libcrt0.a
                0x00000000                __IE1 = 0x0
                0x00000002                __IFG1 = 0x2
                0x00000004                __ME1 = 0x4
                0x00000001                __IE2 = 0x1
                0x00000003                __IFG2 = 0x3
                0x00000005                __ME2 = 0x5
                0x00000120                __WDTCTL = 0x120
                0x00000130                __MPY = 0x130
                0x00000132                __MPYS = 0x132
                0x00000134                __MAC = 0x134
                0x00000136                __MACS = 0x136
                0x00000138                __OP2 = 0x138
                0x0000013a                __RESLO = 0x13a
                0x0000013c                __RESHI = 0x13c
                0x0000013e                __SUMEXT = 0x13e
                0x00000020                __P1IN = 0x20
                0x00000021                __P1OUT = 0x21
                0x00000022                __P1DIR = 0x22
                0x00000023                __P1IFG = 0x23
                0x00000024                __P1IES = 0x24
                0x00000025                __P1IE = 0x25
                0x00000026                __P1SEL = 0x26
                0x00000028                __P2IN = 0x28
                0x00000029                __P2OUT = 0x29
                0x0000002a                __P2DIR = 0x2a
                0x0000002b                __P2IFG = 0x2b
                0x0000002c                __P2IES = 0x2c
                0x0000002d                __P2IE = 0x2d
                0x0000002e                __P2SEL = 0x2e
                0x00000018                __P3IN = 0x18
                0x00000019                __P3OUT = 0x19
                0x0000001a                __P3DIR = 0x1a
                0x0000001b                __P3SEL = 0x1b
                0x0000001c                __P4IN = 0x1c
                0x0000001d                __P4OUT = 0x1d
                0x0000001e                __P4DIR = 0x1e
                0x0000001f                __P4SEL = 0x1f
                0x00000030                __P5IN = 0x30
                0x00000031                __P5OUT = 0x31
                0x00000032                __P5DIR = 0x32
                0x00000033                __P5SEL = 0x33
                0x00000034                __P6IN = 0x34
                0x00000035                __P6OUT = 0x35
                0x00000036                __P6DIR = 0x36
                0x00000037                __P6SEL = 0x37
                0x00000070                __U0CTL = 0x70
                0x00000071                __U0TCTL = 0x71
                0x00000072                __U0RCTL = 0x72
                0x00000073                __U0MCTL = 0x73
                0x00000074                __U0BR0 = 0x74
                0x00000075                __U0BR1 = 0x75
                0x00000076                __U0RXBUF = 0x76
                0x00000077                __U0TXBUF = 0x77
                0x00000078                __U1CTL = 0x78
                0x00000079                __U1TCTL = 0x79
                0x0000007a                __U1RCTL = 0x7a
                0x0000007b                __U1MCTL = 0x7b
                0x0000007c                __U1BR0 = 0x7c
                0x0000007d                __U1BR1 = 0x7d
                0x0000007e                __U1RXBUF = 0x7e
                0x0000007f                __U1TXBUF = 0x7f
                0x00000050                __I2CIE = 0x50
                0x00000051                __I2CIFG = 0x51
                0x00000052                __I2CNDAT = 0x52
                0x00000071                __I2CTCTL = 0x71
                0x00000072                __I2CDCTL = 0x72
                0x00000073                __I2CPSC = 0x73
                0x00000074                __I2CSCLH = 0x74
                0x00000075                __I2CSCLL = 0x75
                0x00000076                __I2CDRB = 0x76
                0x00000076                __I2CDRW = 0x76
                0x00000118                __I2COA = 0x118
                0x0000011a                __I2CSA = 0x11a
                0x0000011c                __I2CIV = 0x11c
                0x0000012e                __TAIV = 0x12e
                0x00000160                __TACTL = 0x160
                0x00000162                __TACCTL0 = 0x162
                0x00000164                __TACCTL1 = 0x164
                0x00000166                __TACCTL2 = 0x166
                0x00000170                __TAR = 0x170
                0x00000172                __TACCR0 = 0x172
                0x00000174                __TACCR1 = 0x174
                0x00000176                __TACCR2 = 0x176
                0x0000011e                __TBIV = 0x11e
                0x00000180                __TBCTL = 0x180
                0x00000182                __TBCCTL0 = 0x182
                0x00000184                __TBCCTL1 = 0x184
                0x00000186                __TBCCTL2 = 0x186
                0x00000188                __TBCCTL3 = 0x188
                0x0000018a                __TBCCTL4 = 0x18a
                0x0000018c                __TBCCTL5 = 0x18c
                0x0000018e                __TBCCTL6 = 0x18e
                0x00000190                __TBR = 0x190
                0x00000192                __TBCCR0 = 0x192
                0x00000194                __TBCCR1 = 0x194
                0x00000196                __TBCCR2 = 0x196
                0x00000198                __TBCCR3 = 0x198
                0x0000019a                __TBCCR4 = 0x19a
                0x0000019c                __TBCCR5 = 0x19c
                0x0000019e                __TBCCR6 = 0x19e
                0x00000056                __DCOCTL = 0x56
                0x00000057                __BCSCTL1 = 0x57
                0x00000058                __BCSCTL2 = 0x58
                0x00000055                __SVSCTL = 0x55
                0x00000128                __FCTL1 = 0x128
                0x0000012a                __FCTL2 = 0x12a
                0x0000012c                __FCTL3 = 0x12c
                0x00000059                __CACTL1 = 0x59
                0x0000005a                __CACTL2 = 0x5a
                0x0000005b                __CAPD = 0x5b
                0x000001a0                __ADC12CTL0 = 0x1a0
                0x000001a2                __ADC12CTL1 = 0x1a2
                0x000001a4                __ADC12IFG = 0x1a4
                0x000001a6                __ADC12IE = 0x1a6
                0x000001a8                __ADC12IV = 0x1a8
                0x00000140                __ADC12MEM0 = 0x140
                0x00000142                __ADC12MEM1 = 0x142
                0x00000144                __ADC12MEM2 = 0x144
                0x00000146                __ADC12MEM3 = 0x146
                0x00000148                __ADC12MEM4 = 0x148
                0x0000014a                __ADC12MEM5 = 0x14a
                0x0000014c                __ADC12MEM6 = 0x14c
                0x0000014e                __ADC12MEM7 = 0x14e
                0x00000150                __ADC12MEM8 = 0x150
                0x00000152                __ADC12MEM9 = 0x152
                0x00000154                __ADC12MEM10 = 0x154
                0x00000156                __ADC12MEM11 = 0x156
                0x00000158                __ADC12MEM12 = 0x158
                0x0000015a                __ADC12MEM13 = 0x15a
                0x0000015c                __ADC12MEM14 = 0x15c
                0x0000015e                __ADC12MEM15 = 0x15e
                0x00000080                __ADC12MCTL0 = 0x80
                0x00000081                __ADC12MCTL1 = 0x81
                0x00000082                __ADC12MCTL2 = 0x82
                0x00000083                __ADC12MCTL3 = 0x83
                0x00000084                __ADC12MCTL4 = 0x84
                0x00000085                __ADC12MCTL5 = 0x85
                0x00000086                __ADC12MCTL6 = 0x86
                0x00000087                __ADC12MCTL7 = 0x87
                0x00000088                __ADC12MCTL8 = 0x88
                0x00000089                __ADC12MCTL9 = 0x89
                0x0000008a                __ADC12MCTL10 = 0x8a
                0x0000008b                __ADC12MCTL11 = 0x8b
                0x0000008c                __ADC12MCTL12 = 0x8c
                0x0000008d                __ADC12MCTL13 = 0x8d
                0x0000008e                __ADC12MCTL14 = 0x8e
                0x0000008f                __ADC12MCTL15 = 0x8f
                0x000001c0                __DAC12_0CTL = 0x1c0
                0x000001c2                __DAC12_1CTL = 0x1c2
                0x000001c8                __DAC12_0DAT = 0x1c8
                0x000001ca                __DAC12_1DAT = 0x1ca
                0x00000122                __DMACTL0 = 0x122
                0x00000124                __DMACTL1 = 0x124
                0x000001e0                __DMA0CTL = 0x1e0
                0x000001e8                __DMA1CTL = 0x1e8
                0x000001f0                __DMA2CTL = 0x1f0
                0x000001e2                __DMA0SA = 0x1e2
                0x000001e4                __DMA0DA = 0x1e4
                0x000001e6                __DMA0SZ = 0x1e6
                0x000001ea                __DMA1SA = 0x1ea
                0x000001ec                __DMA1DA = 0x1ec
                0x000001ee                __DMA1SZ = 0x1ee
                0x000001f2                __DMA2SA = 0x1f2
                0x000001f4                __DMA2DA = 0x1f4
                0x000001f6                __DMA2SZ = 0x1f6

.hash
 *(.hash)

.dynsym
 *(.dynsym)

.dynstr
 *(.dynstr)

.gnu.version
 *(.gnu.version)

.gnu.version_d
 *(.gnu.version_d)

.gnu.version_r
 *(.gnu.version_r)

.rel.init
 *(.rel.init)

.rela.init
 *(.rela.init)

.rel.text
 *(.rel.text)
 *(.rel.text.*)
 *(.rel.gnu.linkonce.t*)

.rela.text
 *(.rela.text)
 *(.rela.text.*)
 *(.rela.gnu.linkonce.t*)

.rel.fini
 *(.rel.fini)

.rela.fini
 *(.rela.fini)

.rel.rodata
 *(.rel.rodata)
 *(.rel.rodata.*)
 *(.rel.gnu.linkonce.r*)

.rela.rodata
 *(.rela.rodata)
 *(.rela.rodata.*)
 *(.rela.gnu.linkonce.r*)

.rel.data
 *(.rel.data)
 *(.rel.data.*)
 *(.rel.gnu.linkonce.d*)

.rela.data
 *(.rela.data)
 *(.rela.data.*)
 *(.rela.gnu.linkonce.d*)

.rel.ctors
 *(.rel.ctors)

.rela.ctors
 *(.rela.ctors)

.rel.dtors
 *(.rel.dtors)

.rela.dtors
 *(.rela.dtors)

.rel.got
 *(.rel.got)

.rela.got
 *(.rela.got)

.rel.bss
 *(.rel.bss)

.rela.bss
 *(.rela.bss)

.rel.plt
 *(.rel.plt)

.rela.plt
 *(.rela.plt)

.text           0x00004000     0x9f3a
                0x00004000                . = ALIGN (0x2)
 *(.init)
 *(.init0)
 .init0         0x00004000        0x0 /usr/lib/gcc/msp430/4.5.3/mmpy-16/libcrt0.a(_reset_vector__.o)
                0x00004000                _reset_vector__
 *(.init1)
 *(.init2)
 .init2         0x00004000        0x4 /usr/lib/gcc/msp430/4.5.3/mmpy-16/libcrt0.a(__init_stack.o)
                0x00004000                __init_stack
 *(.init3)
 .init3         0x00004004        0xa /usr/lib/gcc/msp430/4.5.3/mmpy-16/libcrt0.a(__low_level_init.o)
                0x00004004                __low_level_init
 *(.init4)
 .init4         0x0000400e       0x16 /usr/lib/gcc/msp430/4.5.3/mmpy-16/libcrt0.a(_copy_data.o)
                0x0000400e                __do_copy_data
 .init4         0x00004024       0x14 /usr/lib/gcc/msp430/4.5.3/mmpy-16/libcrt0.a(_clear_bss.o)
                0x00004024                __do_clear_bss
 *(.init5)
 *(.init6)
 *(.init7)
 *(.init8)
 *(.init9)
 .init9         0x00004038      0x368 obj_sky/contiki-sky-main.o
                0x00004038                main
 *(.fini9)
 .fini9         0x000043a0        0x0 /usr/lib/gcc/msp430/4.5.3/mmpy-16/libcrt0.a(__stop_progExec__.o)
                0x000043a0                __stop_progExec__
 *(.fini8)
 *(.fini7)
 *(.fini6)
 *(.fini5)
 *(.fini4)
 *(.fini3)
 *(.fini2)
 *(.fini1)
 *(.fini0)
 .fini0         0x000043a0        0x6 /usr/lib/gcc/msp430/4.5.3/mmpy-16/libcrt0.a(_endless_loop__.o)
                0x000043a0                _endless_loop__
 *(.fini)
                0x000043a6                . = ALIGN (0x2)
                0x000043a6                __ctors_start = .
 *(.ctors)
                0x000043a6                __ctors_end = .
                0x000043a6                __dtors_start = .
 *(.dtors)
                0x000043a6                __dtors_end = .
                0x000043a6                . = ALIGN (0x2)
 *(.text)
 .text          0x000043a6        0x4 /usr/lib/gcc/msp430/4.5.3/mmpy-16/crt0ivtbl16.o
                0x000043a6                __isr_14
                0x000043a6                __isr_11
                0x000043a6                __isr_2
                0x000043a6                __isr_7
                0x000043a6                __isr_0
                0x000043a6                __isr_8
                0x000043a6                __isr_3
                0x000043a6                __isr_12
                0x000043a6                __isr_13
                0x000043a6                __isr_9
 .text          0x000043aa       0xec 2.co
                0x00004492                autostart_processes
 .text          0x00004496      0x10b obj_sky/contiki-sky-main.o
 *fill*         0x000045a1        0x1 00
 .text          0x000045a2        0x8 contiki-sky.a(rimeaddr.o)
                0x000045a2                rimeaddr_null
 .text          0x000045aa       0x46 contiki-sky.a(sicslowmac.o)
                0x000045e0                sicslowmac_driver
 .text          0x000045f0       0x14 contiki-sky.a(csma.o)
                0x000045f6                csma_driver
 .text          0x00004604      0x213 contiki-sky.a(rpl-icmp6.o)
 .text          0x00004817        0xc contiki-sky.a(etimer.o)
 .text          0x00004823        0xf contiki-sky.a(ctimer.o)
 .text          0x00004832       0x24 contiki-sky.a(sicslowpan.o)
                0x00004832                unc_llconf
                0x00004836                unc_ctxconf
                0x0000483a                unc_mxconf
                0x0000483e                llprefix
                0x0000484c                sicslowpan_driver
 .text          0x00004856        0xd contiki-sky.a(tcpip.o)
 *fill*         0x00004863        0x1 00
 .text          0x00004864       0x10 contiki-sky.a(button-sensor.o)
                0x0000486c                button_sensor
 .text          0x00004874        0x8 contiki-sky.a(sensors.o)
 .text          0x0000487c       0x22 contiki-sky.a(cc2420.o)
                0x0000488a                cc2420_driver
 .text          0x0000489e        0x2 contiki-sky.a(frame802154.o)
 .text          0x000048a0        0x4 contiki-sky.a(framer-802154.o)
                0x000048a0                framer_802154
 .text          0x000048a4       0x34 /usr/lib/gcc/msp430/4.5.3/../../../../msp430/lib/mmpy-16/libc.a(memcmp.o)
                0x000048a4                memcmp
 .text          0x000048d8      0x104 /usr/lib/gcc/msp430/4.5.3/../../../../msp430/lib/mmpy-16/libc.a(memcpy.o)
                0x000048d8                memcpy
 .text          0x000049dc      0x104 /usr/lib/gcc/msp430/4.5.3/../../../../msp430/lib/mmpy-16/libc.a(memmove.o)
                0x000049dc                memmove
 .text          0x00004ae0       0x66 /usr/lib/gcc/msp430/4.5.3/../../../../msp430/lib/mmpy-16/libc.a(memset.o)
                0x00004ae0                memset
 .text          0x00004b46       0x20 /usr/lib/gcc/msp430/4.5.3/../../../../msp430/lib/mmpy-16/libc.a(printf.o)
                0x00004b46                printf
                0x00004b58                vprintf
 .text          0x00004b66       0xbc /usr/lib/gcc/msp430/4.5.3/../../../../msp430/lib/mmpy-16/libc.a(sprintf.o)
                0x00004bc4                sprintf
                0x00004be0                snprintf
                0x00004bfa                vsprintf
                0x00004c10                vsnprintf
 .text          0x00004c22      0x476 /usr/lib/gcc/msp430/4.5.3/../../../../msp430/lib/mmpy-16/libc.a(vuprintf.o)
                0x00004d2e                vuprintf
 .text          0x00005098       0x2c /usr/lib/gcc/msp430/4.5.3/../../../../msp430/lib/mmpy-16/libc.a(puts.o)
                0x00005098                puts
 .text          0x000050c4      0x134 /usr/lib/gcc/msp430/4.5.3/../../../../msp430/lib/mmpy-16/libc.a(rand.o)
                0x000050c4                rand_r
                0x00005158                rand
                0x000051ee                srand
                0x000051f8                . = ALIGN (0x2)
 *(.text.*)
 .text.lollipop_greater_than
                0x000051f8       0x44 2.co
 .text.reset    0x0000523c        0x2 2.co
 .text.neighbor_link_callback
                0x0000523e       0x7e 2.co
 .text.best_dag
                0x000052bc       0x34 2.co
 .text.calculate_path_metric
                0x000052f0       0x64 2.co
 .text.update_metric_container
                0x00005354       0x40 2.co
 .text.best_parent
                0x00005394       0x52 2.co
 .text.find_parent_any_dag_any_instance
                0x000053e6       0x14 2.co
 .text.set_ip_from_prefix
                0x000053fa       0x3a 2.co
 .text.check_prefix
                0x00005434       0x7c 2.co
 .text.rpl_dag_init
                0x000054b0        0xe 2.co
                0x000054b0                rpl_dag_init
 .text.rpl_get_parent_ipaddr
                0x000054be       0x10 2.co
                0x000054be                rpl_get_parent_ipaddr
 .text.calculate_rank
                0x000054ce       0x58 2.co
 .text.rpl_set_preferred_parent
                0x00005526       0x52 2.co
 .text.rpl_set_prefix
                0x00005578       0x90 2.co
                0x00005578                rpl_set_prefix
 .text.rpl_set_default_route
                0x00005608       0x62 2.co
                0x00005608                rpl_set_default_route
 .text.rpl_alloc_instance
                0x0000566a       0x2c 2.co
                0x0000566a                rpl_alloc_instance
 .text.rpl_add_parent
                0x00005696       0x50 2.co
                0x00005696                rpl_add_parent
 .text.rpl_find_parent
                0x000056e6       0x1a 2.co
                0x000056e6                rpl_find_parent
 .text.rpl_find_parent_any_dag
                0x00005700       0x26 2.co
                0x00005700                rpl_find_parent_any_dag
 .text.send_packet
                0x00005726      0x1c8 2.co
 .text.rpl_select_parent
                0x000058ee       0x5c 2.co
                0x000058ee                rpl_select_parent
 .text.rpl_select_dag
                0x0000594a      0x1b4 2.co
                0x0000594a                rpl_select_dag
 .text.rpl_nullify_parent
                0x00005afe       0x4e 2.co
                0x00005afe                rpl_nullify_parent
 .text.rpl_remove_parent
                0x00005b4c       0x16 2.co
                0x00005b4c                rpl_remove_parent
 .text.remove_parents.clone.2
                0x00005b62       0x32 2.co
 .text.rpl_free_dag
                0x00005b94       0x36 2.co
                0x00005b94                rpl_free_dag
 .text.rpl_free_instance
                0x00005bca       0x5c 2.co
                0x00005bca                rpl_free_instance
 .text.rpl_move_parent
                0x00005c26       0x6e 2.co
                0x00005c26                rpl_move_parent
 .text.rpl_get_any_dag
                0x00005c94       0x18 2.co
                0x00005c94                rpl_get_any_dag
 .text.rpl_get_instance
                0x00005cac       0x16 2.co
                0x00005cac                rpl_get_instance
 .text.get_dag  0x00005cc2       0x5c 2.co
 .text.rpl_alloc_dag
                0x00005d1e       0x6a 2.co
                0x00005d1e                rpl_alloc_dag
 .text.rpl_repair_root
                0x00005d88       0x4c 2.co
                0x00005d88                rpl_repair_root
 .text.rpl_find_of
                0x00005dd4       0x10 2.co
                0x00005dd4                rpl_find_of
 .text.rpl_join_instance
                0x00005de4      0x142 2.co
                0x00005de4                rpl_join_instance
 .text.rpl_local_repair
                0x00005f26       0x7a 2.co
                0x00005f26                rpl_local_repair
 .text.rpl_process_parent_event
                0x00005fa0       0x88 2.co
                0x00005fa0                rpl_process_parent_event
 .text.rpl_recalculate_ranks
                0x00006028       0x42 2.co
                0x00006028                rpl_recalculate_ranks
 .text.rpl_add_dag
                0x0000606a      0x116 2.co
                0x0000606a                rpl_add_dag
 .text.rpl_process_dio
                0x00006180      0x282 2.co
                0x00006180                rpl_process_dio
 .text.set_global_address
                0x00006402       0x6a 2.co
                0x00006402                set_global_address
 .text.process_thread_udp_client_process
                0x0000646c       0xac 2.co
 .text.rimeaddr_copy
                0x00006518        0x8 contiki-sky.a(rimeaddr.o)
                0x00006518                rimeaddr_copy
 .text.rimeaddr_cmp
                0x00006520       0x12 contiki-sky.a(rimeaddr.o)
                0x00006520                rimeaddr_cmp
 .text.rimeaddr_set_node_addr
                0x00006532        0xc contiki-sky.a(rimeaddr.o)
                0x00006532                rimeaddr_set_node_addr
 .text.is_broadcast_addr
                0x0000653e       0x26 contiki-sky.a(sicslowmac.o)
 .text.on       0x00006564        0x6 contiki-sky.a(sicslowmac.o)
 .text.off      0x0000656a       0x10 contiki-sky.a(sicslowmac.o)
 .text.channel_check_interval
                0x0000657a        0x4 contiki-sky.a(sicslowmac.o)
 .text.init     0x0000657e        0xe contiki-sky.a(sicslowmac.o)
 .text.packetbuf_copyto_hdr
                0x0000658c       0x1c contiki-sky.a(sicslowmac.o)
                0x0000658c                packetbuf_copyto_hdr
 .text.packetbuf_copyto
                0x000065a8       0xc2 contiki-sky.a(sicslowmac.o)
                0x000065a8                packetbuf_copyto
 .text.packetbuf_hdrreduce
                0x0000666a       0x1a contiki-sky.a(sicslowmac.o)
                0x0000666a                packetbuf_hdrreduce
 .text.packetbuf_set_datalen
                0x00006684        0x6 contiki-sky.a(sicslowmac.o)
                0x00006684                packetbuf_set_datalen
 .text.packetbuf_dataptr
                0x0000668a        0xa contiki-sky.a(sicslowmac.o)
                0x0000668a                packetbuf_dataptr
 .text.packetbuf_hdrptr
                0x00006694        0xa contiki-sky.a(sicslowmac.o)
                0x00006694                packetbuf_hdrptr
 .text.packetbuf_is_reference
                0x0000669e        0xe contiki-sky.a(sicslowmac.o)
                0x0000669e                packetbuf_is_reference
 .text.packetbuf_reference_ptr
                0x000066ac        0x6 contiki-sky.a(sicslowmac.o)
                0x000066ac                packetbuf_reference_ptr
 .text.packetbuf_datalen
                0x000066b2        0x6 contiki-sky.a(sicslowmac.o)
                0x000066b2                packetbuf_datalen
 .text.packetbuf_totlen
                0x000066b8       0x10 contiki-sky.a(sicslowmac.o)
                0x000066b8                packetbuf_totlen
 .text.input_packet
                0x000066c8      0x25a contiki-sky.a(sicslowmac.o)
 .text.packetbuf_hdralloc
                0x00006922       0x2e contiki-sky.a(sicslowmac.o)
                0x00006922                packetbuf_hdralloc
 .text.send_packet
                0x00006950       0xf2 contiki-sky.a(sicslowmac.o)
 .text.send_list
                0x00006a42       0x24 contiki-sky.a(sicslowmac.o)
                0x00006a42                send_list
 .text.packetbuf_attr_clear
                0x00006a66       0x32 contiki-sky.a(sicslowmac.o)
                0x00006a66                packetbuf_attr_clear
 .text.packetbuf_clear
                0x00006a98       0x20 contiki-sky.a(sicslowmac.o)
                0x00006a98                packetbuf_clear
 .text.packetbuf_copyfrom
                0x00006ab8       0x2e contiki-sky.a(sicslowmac.o)
                0x00006ab8                packetbuf_copyfrom
 .text.packetbuf_attr_copyto
                0x00006ae6       0x22 contiki-sky.a(sicslowmac.o)
                0x00006ae6                packetbuf_attr_copyto
 .text.packetbuf_attr_copyfrom
                0x00006b08       0x24 contiki-sky.a(sicslowmac.o)
                0x00006b08                packetbuf_attr_copyfrom
 .text.input_packet
                0x00006b2c        0x6 contiki-sky.a(csma.o)
 .text.on       0x00006b32        0x6 contiki-sky.a(csma.o)
 .text.off      0x00006b38        0x6 contiki-sky.a(csma.o)
 .text.channel_check_interval
                0x00006b3e        0xc contiki-sky.a(csma.o)
 .text.transmit_packet_list
                0x00006b4a       0x24 contiki-sky.a(csma.o)
 .text.send_packet
                0x00006b6e      0x166 contiki-sky.a(csma.o)
 .text.free_packet
                0x00006cd4       0x94 contiki-sky.a(csma.o)
 .text.packet_sent
                0x00006d68      0x12a contiki-sky.a(csma.o)
 .text.init     0x00006e92       0x1a contiki-sky.a(csma.o)
 .text.rpl_purge_routes
                0x00006eac       0x96 contiki-sky.a(rpl.o)
                0x00006eac                rpl_purge_routes
 .text.rpl_remove_routes
                0x00006f42       0x22 contiki-sky.a(rpl.o)
                0x00006f42                rpl_remove_routes
 .text.rpl_remove_routes_by_nexthop
                0x00006f64       0x46 contiki-sky.a(rpl.o)
                0x00006f64                rpl_remove_routes_by_nexthop
 .text.rpl_add_route
                0x00006faa       0x46 contiki-sky.a(rpl.o)
                0x00006faa                rpl_add_route
 .text.rpl_link_neighbor_callback
                0x00006ff0       0x6a contiki-sky.a(rpl.o)
                0x00006ff0                rpl_link_neighbor_callback
 .text.rpl_ipv6_neighbor_callback
                0x0000705a       0x1e contiki-sky.a(rpl.o)
                0x0000705a                rpl_ipv6_neighbor_callback
 .text.rpl_init
                0x00007078       0x40 contiki-sky.a(rpl.o)
                0x00007078                rpl_init
 .text.get32    0x000070b8       0x46 contiki-sky.a(rpl-icmp6.o)
 .text.set32    0x000070fe       0x3c contiki-sky.a(rpl-icmp6.o)
 .text.get16    0x0000713a        0xe contiki-sky.a(rpl-icmp6.o)
 .text.set16    0x00007148       0x10 contiki-sky.a(rpl-icmp6.o)
 .text.dis_output
                0x00007158       0x50 contiki-sky.a(rpl-icmp6.o)
                0x00007158                dis_output
 .text.dio_output
                0x000071a8      0x29e contiki-sky.a(rpl-icmp6.o)
                0x000071a8                dio_output
 .text.dao_output_target
                0x00007446       0xde contiki-sky.a(rpl-icmp6.o)
                0x00007446                dao_output_target
 .text.dao_output
                0x00007524       0x7a contiki-sky.a(rpl-icmp6.o)
                0x00007524                dao_output
 .text.dao_ack_output
                0x0000759e       0x3c contiki-sky.a(rpl-icmp6.o)
                0x0000759e                dao_ack_output
 .text.uip_rpl_input
                0x000075da      0x6c2 contiki-sky.a(rpl-icmp6.o)
                0x000075da                uip_rpl_input
 .text.new_dio_interval
                0x00007c9c       0xb8 contiki-sky.a(rpl-timers.o)
 .text.handle_dao_timer
                0x00007d54       0x50 contiki-sky.a(rpl-timers.o)
 .text.handle_dio_timer
                0x00007da4       0x82 contiki-sky.a(rpl-timers.o)
 .text.handle_periodic_timer
                0x00007e26       0x2e contiki-sky.a(rpl-timers.o)
 .text.rpl_reset_periodic_timer
                0x00007e54       0x56 contiki-sky.a(rpl-timers.o)
                0x00007e54                rpl_reset_periodic_timer
 .text.rpl_reset_dio_timer
                0x00007eaa       0x18 contiki-sky.a(rpl-timers.o)
                0x00007eaa                rpl_reset_dio_timer
 .text.rpl_schedule_dao
                0x00007ec2       0x48 contiki-sky.a(rpl-timers.o)
                0x00007ec2                rpl_schedule_dao
 .text.call_process
                0x00007f0a       0x4c contiki-sky.a(process.o)
 .text.exit_process
                0x00007f56       0x94 contiki-sky.a(process.o)
 .text.do_poll  0x00007fea       0x30 contiki-sky.a(process.o)
 .text.process_alloc_event
                0x0000801a        0xe contiki-sky.a(process.o)
                0x0000801a                process_alloc_event
 .text.process_init
                0x00008028       0x1c contiki-sky.a(process.o)
                0x00008028                process_init
 .text.process_run
                0x00008044       0x9c contiki-sky.a(process.o)
                0x00008044                process_run
 .text.process_nevents
                0x000080e0        0xc contiki-sky.a(process.o)
                0x000080e0                process_nevents
 .text.process_post
                0x000080ec       0x54 contiki-sky.a(process.o)
                0x000080ec                process_post
 .text.process_post_synch
                0x00008140       0x12 contiki-sky.a(process.o)
                0x00008140                process_post_synch
 .text.process_start
                0x00008152       0x32 contiki-sky.a(process.o)
                0x00008152                process_start
 .text.process_poll
                0x00008184       0x1a contiki-sky.a(process.o)
                0x00008184                process_poll
 .text.autostart_start
                0x0000819e       0x18 contiki-sky.a(autostart.o)
                0x0000819e                autostart_start
 .text.memb_init
                0x000081b6       0x36 contiki-sky.a(memb.o)
                0x000081b6                memb_init
 .text.memb_alloc
                0x000081ec       0x3e contiki-sky.a(memb.o)
                0x000081ec                memb_alloc
 .text.memb_free
                0x0000822a       0x3a contiki-sky.a(memb.o)
                0x0000822a                memb_free
 .text.memb_inmemb
                0x00008264       0x2e contiki-sky.a(memb.o)
                0x00008264                memb_inmemb
 .text.timer_set
                0x00008292       0x1c contiki-sky.a(timer.o)
                0x00008292                timer_set
 .text.timer_reset
                0x000082ae        0xe contiki-sky.a(timer.o)
                0x000082ae                timer_reset
 .text.timer_expired
                0x000082bc       0x2e contiki-sky.a(timer.o)
                0x000082bc                timer_expired
 .text.list_init
                0x000082ea        0x6 contiki-sky.a(list.o)
                0x000082ea                list_init
 .text.list_head
                0x000082f0        0x4 contiki-sky.a(list.o)
                0x000082f0                list_head
 .text.list_tail
                0x000082f4       0x14 contiki-sky.a(list.o)
                0x000082f4                list_tail
 .text.list_remove
                0x00008308       0x2e contiki-sky.a(list.o)
                0x00008308                list_remove
 .text.list_push
                0x00008336       0x1a contiki-sky.a(list.o)
                0x00008336                list_push
 .text.list_add
                0x00008350       0x2a contiki-sky.a(list.o)
                0x00008350                list_add
 .text.list_length
                0x0000837a       0x10 contiki-sky.a(list.o)
                0x0000837a                list_length
 .text.list_item_next
                0x0000838a        0x8 contiki-sky.a(list.o)
                0x0000838a                list_item_next
 .text.update_time
                0x00008392       0x78 contiki-sky.a(etimer.o)
 .text.etimer_request_poll
                0x0000840a        0xa contiki-sky.a(etimer.o)
                0x0000840a                etimer_request_poll
 .text.process_thread_etimer_process
                0x00008414       0xce contiki-sky.a(etimer.o)
 .text.add_timer
                0x000084e2       0x40 contiki-sky.a(etimer.o)
 .text.etimer_set
                0x00008522       0x12 contiki-sky.a(etimer.o)
                0x00008522                etimer_set
 .text.etimer_reset
                0x00008534       0x12 contiki-sky.a(etimer.o)
                0x00008534                etimer_reset
 .text.etimer_expired
                0x00008546        0xe contiki-sky.a(etimer.o)
                0x00008546                etimer_expired
 .text.etimer_expiration_time
                0x00008554       0x14 contiki-sky.a(etimer.o)
                0x00008554                etimer_expiration_time
 .text.etimer_pending
                0x00008568        0xe contiki-sky.a(etimer.o)
                0x00008568                etimer_pending
 .text.etimer_next_expiration_time
                0x00008576       0x16 contiki-sky.a(etimer.o)
                0x00008576                etimer_next_expiration_time
 .text.etimer_stop
                0x0000858c       0x3c contiki-sky.a(etimer.o)
                0x0000858c                etimer_stop
 .text.process_thread_ctimer_process
                0x000085c8       0xa4 contiki-sky.a(ctimer.o)
 .text.ctimer_init
                0x0000866c       0x18 contiki-sky.a(ctimer.o)
                0x0000866c                ctimer_init
 .text.ctimer_set
                0x00008684       0x5a contiki-sky.a(ctimer.o)
                0x00008684                ctimer_set
 .text.ctimer_reset
                0x000086de       0x3a contiki-sky.a(ctimer.o)
                0x000086de                ctimer_reset
 .text.ctimer_stop
                0x00008718       0x28 contiki-sky.a(ctimer.o)
                0x00008718                ctimer_stop
 .text.energest_init
                0x00008740       0x2a contiki-sky.a(energest.o)
                0x00008740                energest_init
 .text.energest_type_time
                0x0000876a       0x44 contiki-sky.a(energest.o)
                0x0000876a                energest_type_time
 .text.energest_type_set
                0x000087ae        0xe contiki-sky.a(energest.o)
                0x000087ae                energest_type_set
 .text.energest_flush
                0x000087bc       0x4a contiki-sky.a(energest.o)
                0x000087bc                energest_flush
 .text.rtimer_init
                0x00008806        0x6 contiki-sky.a(rtimer.o)
                0x00008806                rtimer_init
 .text.rtimer_run_next
                0x0000880c       0x26 contiki-sky.a(rtimer.o)
                0x0000880c                rtimer_run_next
 .text.stimer_set
                0x00008832       0x1c contiki-sky.a(stimer.o)
                0x00008832                stimer_set
 .text.stimer_expired
                0x0000884e       0x42 contiki-sky.a(stimer.o)
                0x0000884e                stimer_expired
 .text.random_init
                0x00008890        0x6 contiki-sky.a(random.o)
                0x00008890                random_init
 .text.random_rand
                0x00008896        0x6 contiki-sky.a(random.o)
                0x00008896                random_rand
 .text.index_from_key
                0x0000889c       0xb4 contiki-sky.a(nbr-table.o)
 .text.item_from_key
                0x00008950       0x38 contiki-sky.a(nbr-table.o)
 .text.key_from_item
                0x00008988       0x3a contiki-sky.a(nbr-table.o)
 .text.nbr_set_bit
                0x000089c2       0x6e contiki-sky.a(nbr-table.o)
 .text.index_from_lladdr
                0x00008a30       0x42 contiki-sky.a(nbr-table.o)
 .text.nbr_get_bit.clone.0
                0x00008a72       0x40 contiki-sky.a(nbr-table.o)
 .text.nbr_table_register
                0x00008ab2       0x26 contiki-sky.a(nbr-table.o)
                0x00008ab2                nbr_table_register
 .text.nbr_table_next
                0x00008ad8       0x36 contiki-sky.a(nbr-table.o)
                0x00008ad8                nbr_table_next
 .text.nbr_table_head
                0x00008b0e       0x36 contiki-sky.a(nbr-table.o)
                0x00008b0e                nbr_table_head
 .text.nbr_table_add_lladdr
                0x00008b44      0x13e contiki-sky.a(nbr-table.o)
                0x00008b44                nbr_table_add_lladdr
 .text.nbr_table_get_from_lladdr
                0x00008c82       0x4c contiki-sky.a(nbr-table.o)
                0x00008c82                nbr_table_get_from_lladdr
 .text.nbr_table_remove
                0x00008cce       0x32 contiki-sky.a(nbr-table.o)
                0x00008cce                nbr_table_remove
 .text.nbr_table_lock
                0x00008d00       0x10 contiki-sky.a(nbr-table.o)
                0x00008d00                nbr_table_lock
 .text.nbr_table_unlock
                0x00008d10       0x10 contiki-sky.a(nbr-table.o)
                0x00008d10                nbr_table_unlock
 .text.nbr_table_get_lladdr
                0x00008d20        0xc contiki-sky.a(nbr-table.o)
                0x00008d20                nbr_table_get_lladdr
 .text.queuebuf_init
                0x00008d2c       0x1a contiki-sky.a(queuebuf.o)
                0x00008d2c                queuebuf_init
 .text.queuebuf_new_from_packetbuf
                0x00008d46       0x80 contiki-sky.a(queuebuf.o)
                0x00008d46                queuebuf_new_from_packetbuf
 .text.queuebuf_update_attr_from_packetbuf
                0x00008dc6       0x12 contiki-sky.a(queuebuf.o)
                0x00008dc6                queuebuf_update_attr_from_packetbuf
 .text.queuebuf_free
                0x00008dd8       0x46 contiki-sky.a(queuebuf.o)
                0x00008dd8                queuebuf_free
 .text.queuebuf_to_packetbuf
                0x00008e1e       0x70 contiki-sky.a(queuebuf.o)
                0x00008e1e                queuebuf_to_packetbuf
 .text.queuebuf_attr
                0x00008e8e        0xe contiki-sky.a(queuebuf.o)
                0x00008e8e                queuebuf_attr
 .text.set_packet_attrs
                0x00008e9c       0x44 contiki-sky.a(sicslowpan.o)
 .text.addr_context_lookup_by_number
                0x00008ee0       0x36 contiki-sky.a(sicslowpan.o)
 .text.compress_addr_64
                0x00008f16       0x92 contiki-sky.a(sicslowpan.o)
 .text.uncompress_addr
                0x00008fa8       0xae contiki-sky.a(sicslowpan.o)
 .text.input    0x00009056      0x646 contiki-sky.a(sicslowpan.o)
 .text.sicslowpan_init
                0x0000969c       0x26 contiki-sky.a(sicslowpan.o)
                0x0000969c                sicslowpan_init
 .text.addr_context_lookup_by_prefix
                0x000096c2       0x4c contiki-sky.a(sicslowpan.o)
 .text.send_packet
                0x0000970e       0x1a contiki-sky.a(sicslowpan.o)
 .text.output   0x00009728      0x6ea contiki-sky.a(sicslowpan.o)
 .text.packet_sent
                0x00009e12       0x22 contiki-sky.a(sicslowpan.o)
 .text.tcpip_output
                0x00009e34       0x10 contiki-sky.a(tcpip.o)
                0x00009e34                tcpip_output
 .text.tcpip_set_outputfunc
                0x00009e44        0x6 contiki-sky.a(tcpip.o)
                0x00009e44                tcpip_set_outputfunc
 .text.udp_new  0x00009e4a       0x1a contiki-sky.a(tcpip.o)
                0x00009e4a                udp_new
 .text.tcpip_input
                0x00009e64       0x16 contiki-sky.a(tcpip.o)
                0x00009e64                tcpip_input
 .text.tcpip_ipv6_output
                0x00009e7a      0x214 contiki-sky.a(tcpip.o)
                0x00009e7a                tcpip_ipv6_output
 .text.process_thread_tcpip_process
                0x0000a08e       0xd4 contiki-sky.a(tcpip.o)
 .text.tcpip_uipcall
                0x0000a162       0x2c contiki-sky.a(tcpip.o)
                0x0000a162                tcpip_uipcall
 .text.call_route_callback
                0x0000a18e       0x54 contiki-sky.a(uip-ds6-route.o)
 .text.uip_ds6_route_init
                0x0000a1e2       0x2e contiki-sky.a(uip-ds6-route.o)
                0x0000a1e2                uip_ds6_route_init
 .text.uip_ds6_route_nexthop
                0x0000a210       0x16 contiki-sky.a(uip-ds6-route.o)
                0x0000a210                uip_ds6_route_nexthop
 .text.uip_ds6_route_head
                0x0000a226       0x26 contiki-sky.a(uip-ds6-route.o)
                0x0000a226                uip_ds6_route_head
 .text.uip_ds6_route_next
                0x0000a24c       0x3a contiki-sky.a(uip-ds6-route.o)
                0x0000a24c                uip_ds6_route_next
 .text.uip_ds6_route_lookup
                0x0000a286       0x5a contiki-sky.a(uip-ds6-route.o)
                0x0000a286                uip_ds6_route_lookup
 .text.uip_ds6_route_add
                0x0000a2e0       0xba contiki-sky.a(uip-ds6-route.o)
                0x0000a2e0                uip_ds6_route_add
 .text.uip_ds6_route_rm
                0x0000a39a       0x60 contiki-sky.a(uip-ds6-route.o)
                0x0000a39a                uip_ds6_route_rm
 .text.rm_routelist
                0x0000a3fa       0x30 contiki-sky.a(uip-ds6-route.o)
 .text.rm_routelist_callback
                0x0000a42a        0x6 contiki-sky.a(uip-ds6-route.o)
 .text.uip_ds6_defrt_rm
                0x0000a430       0x48 contiki-sky.a(uip-ds6-route.o)
                0x0000a430                uip_ds6_defrt_rm
 .text.uip_ds6_defrt_lookup
                0x0000a478       0x36 contiki-sky.a(uip-ds6-route.o)
                0x0000a478                uip_ds6_defrt_lookup
 .text.uip_ds6_defrt_add
                0x0000a4ae       0x74 contiki-sky.a(uip-ds6-route.o)
                0x0000a4ae                uip_ds6_defrt_add
 .text.uip_ds6_defrt_choose
                0x0000a522       0x3a contiki-sky.a(uip-ds6-route.o)
                0x0000a522                uip_ds6_defrt_choose
 .text.uip_ds6_defrt_periodic
                0x0000a55c       0x38 contiki-sky.a(uip-ds6-route.o)
                0x0000a55c                uip_ds6_defrt_periodic
 .text.uip_ds6_nbr_rm
                0x0000a594       0x24 contiki-sky.a(uip-ds6-nbr.o)
                0x0000a594                uip_ds6_nbr_rm
 .text.uip_ds6_neighbors_init
                0x0000a5b8        0xe contiki-sky.a(uip-ds6-nbr.o)
                0x0000a5b8                uip_ds6_neighbors_init
 .text.uip_ds6_nbr_add
                0x0000a5c6       0x6a contiki-sky.a(uip-ds6-nbr.o)
                0x0000a5c6                uip_ds6_nbr_add
 .text.uip_ds6_nbr_get_ll
                0x0000a630        0xc contiki-sky.a(uip-ds6-nbr.o)
                0x0000a630                uip_ds6_nbr_get_ll
 .text.uip_ds6_nbr_num
                0x0000a63c       0x24 contiki-sky.a(uip-ds6-nbr.o)
                0x0000a63c                uip_ds6_nbr_num
 .text.uip_ds6_nbr_lookup
                0x0000a660       0x40 contiki-sky.a(uip-ds6-nbr.o)
                0x0000a660                uip_ds6_nbr_lookup
 .text.uip_ds6_nbr_ll_lookup
                0x0000a6a0        0xc contiki-sky.a(uip-ds6-nbr.o)
                0x0000a6a0                uip_ds6_nbr_ll_lookup
 .text.uip_ds6_nbr_ipaddr_from_lladdr
                0x0000a6ac        0x6 contiki-sky.a(uip-ds6-nbr.o)
                0x0000a6ac                uip_ds6_nbr_ipaddr_from_lladdr
 .text.uip_ds6_nbr_lladdr_from_ipaddr
                0x0000a6b2       0x10 contiki-sky.a(uip-ds6-nbr.o)
                0x0000a6b2                uip_ds6_nbr_lladdr_from_ipaddr
 .text.uip_ds6_link_neighbor_callback
                0x0000a6c2       0x2a contiki-sky.a(uip-ds6-nbr.o)
                0x0000a6c2                uip_ds6_link_neighbor_callback
 .text.uip_ds6_neighbor_periodic
                0x0000a6ec      0x114 contiki-sky.a(uip-ds6-nbr.o)
                0x0000a6ec                uip_ds6_neighbor_periodic
 .text.uip_ds6_list_loop
                0x0000a800       0x82 contiki-sky.a(uip-ds6.o)
                0x0000a800                uip_ds6_list_loop
 .text.uip_ds6_prefix_add
                0x0000a882       0x80 contiki-sky.a(uip-ds6.o)
                0x0000a882                uip_ds6_prefix_add
 .text.uip_ds6_is_addr_onlink
                0x0000a902       0x50 contiki-sky.a(uip-ds6.o)
                0x0000a902                uip_ds6_is_addr_onlink
 .text.uip_ds6_addr_lookup
                0x0000a952       0x2a contiki-sky.a(uip-ds6.o)
                0x0000a952                uip_ds6_addr_lookup
 .text.uip_ds6_get_link_local
                0x0000a97c       0x3e contiki-sky.a(uip-ds6.o)
                0x0000a97c                uip_ds6_get_link_local
 .text.uip_ds6_maddr_add
                0x0000a9ba       0x4c contiki-sky.a(uip-ds6.o)
                0x0000a9ba                uip_ds6_maddr_add
 .text.uip_ds6_addr_add
                0x0000aa06       0xca contiki-sky.a(uip-ds6.o)
                0x0000aa06                uip_ds6_addr_add
 .text.uip_ds6_maddr_lookup
                0x0000aad0       0x2a contiki-sky.a(uip-ds6.o)
                0x0000aad0                uip_ds6_maddr_lookup
 .text.uip_ds6_addr_rm
                0x0000aafa       0x54 contiki-sky.a(uip-ds6.o)
                0x0000aafa                uip_ds6_addr_rm
 .text.uip_ds6_periodic
                0x0000ab4e       0x4a contiki-sky.a(uip-ds6.o)
                0x0000ab4e                uip_ds6_periodic
 .text.uip_ds6_set_addr_iid
                0x0000ab98       0x14 contiki-sky.a(uip-ds6.o)
                0x0000ab98                uip_ds6_set_addr_iid
 .text.get_match_length
                0x0000abac       0x46 contiki-sky.a(uip-ds6.o)
                0x0000abac                get_match_length
 .text.uip_ds6_select_src
                0x0000abf2       0xaa contiki-sky.a(uip-ds6.o)
                0x0000abf2                uip_ds6_select_src
 .text.uip_ds6_compute_reachable_time
                0x0000ac9c       0x4a contiki-sky.a(uip-ds6.o)
                0x0000ac9c                uip_ds6_compute_reachable_time
 .text.uip_ds6_init
                0x0000ace6      0x15a contiki-sky.a(uip-ds6.o)
                0x0000ace6                uip_ds6_init
 .text.uip_icmp6_echo_request_input
                0x0000ae40      0x122 contiki-sky.a(uip-icmp6.o)
                0x0000ae40                uip_icmp6_echo_request_input
 .text.uip_icmp6_error_output
                0x0000af62      0x16a contiki-sky.a(uip-icmp6.o)
                0x0000af62                uip_icmp6_error_output
 .text.uip_icmp6_send
                0x0000b0cc       0x94 contiki-sky.a(uip-icmp6.o)
                0x0000b0cc                uip_icmp6_send
 .text.create_llao
                0x0000b160       0x2c contiki-sky.a(uip-nd6.o)
 .text.uip_nd6_ns_input
                0x0000b18c      0x236 contiki-sky.a(uip-nd6.o)
                0x0000b18c                uip_nd6_ns_input
 .text.uip_nd6_ns_output
                0x0000b3c2      0x16c contiki-sky.a(uip-nd6.o)
                0x0000b3c2                uip_nd6_ns_output
 .text.uip_nd6_na_input
                0x0000b52e      0x20a contiki-sky.a(uip-nd6.o)
                0x0000b52e                uip_nd6_na_input
 .text.packet_timedout
                0x0000b738       0x16 contiki-sky.a(uip-packetqueue)
 .text.uip_packetqueue_new
                0x0000b74e        0x6 contiki-sky.a(uip-packetqueue)
                0x0000b74e                uip_packetqueue_new
 .text.uip_packetqueue_alloc
                0x0000b754       0x44 contiki-sky.a(uip-packetqueue)
                0x0000b754                uip_packetqueue_alloc
 .text.uip_packetqueue_free
                0x0000b798       0x24 contiki-sky.a(uip-packetqueue)
                0x0000b798                uip_packetqueue_free
 .text.uip_packetqueue_buf
                0x0000b7bc       0x10 contiki-sky.a(uip-packetqueue)
                0x0000b7bc                uip_packetqueue_buf
 .text.uip_packetqueue_buflen
                0x0000b7cc       0x10 contiki-sky.a(uip-packetqueue)
                0x0000b7cc                uip_packetqueue_buflen
 .text.uip_packetqueue_set_buflen
                0x0000b7dc        0xc contiki-sky.a(uip-packetqueue)
                0x0000b7dc                uip_packetqueue_set_buflen
 .text.uip_udp_packet_send
                0x0000b7e8       0x2e contiki-sky.a(uip-udp-packet.)
                0x0000b7e8                uip_udp_packet_send
 .text.uip_udp_packet_sendto
                0x0000b816       0x66 contiki-sky.a(uip-udp-packet.)
                0x0000b816                uip_udp_packet_sendto
 .text.chksum   0x0000b87c       0x34 contiki-sky.a(uip6.o)
 .text.upper_layer_chksum
                0x0000b8b0       0x54 contiki-sky.a(uip6.o)
 .text.ext_hdr_options_process
                0x0000b904       0xe0 contiki-sky.a(uip6.o)
 .text.uip_icmp6chksum
                0x0000b9e4        0xa contiki-sky.a(uip6.o)
                0x0000b9e4                uip_icmp6chksum
 .text.uip_udpchksum
                0x0000b9ee        0xa contiki-sky.a(uip6.o)
                0x0000b9ee                uip_udpchksum
 .text.uip_init
                0x0000b9f8       0x32 contiki-sky.a(uip6.o)
                0x0000b9f8                uip_init
 .text.remove_ext_hdr
                0x0000ba2a       0x58 contiki-sky.a(uip6.o)
                0x0000ba2a                remove_ext_hdr
 .text.uip_udp_new
                0x0000ba82       0xee contiki-sky.a(uip6.o)
                0x0000ba82                uip_udp_new
 .text.uip_process
                0x0000bb70      0x500 contiki-sky.a(uip6.o)
                0x0000bb70                uip_process
 .text.uip_htonl
                0x0000c070       0x3e contiki-sky.a(uip6.o)
                0x0000c070                uip_htonl
 .text.init_platform
                0x0000c0ae        0xc contiki-sky.a(contiki-sky-pla)
                0x0000c0ae                init_platform
 .text.status   0x0000c0ba       0x16 contiki-sky.a(button-sensor.o)
 .text.configure
                0x0000c0d0       0x4a contiki-sky.a(button-sensor.o)
 .text.value    0x0000c11a       0x26 contiki-sky.a(button-sensor.o)
 .text.irq_p2   0x0000c140       0x92 contiki-sky.a(button-sensor.o)
                0x0000c140                irq_p2
                0x0000c140                __isr_1
 .text.crc8_add
                0x0000c1d2       0x1a contiki-sky.a(ds2411.o)
 .text.owreadb  0x0000c1ec       0x56 contiki-sky.a(ds2411.o)
 .text.ds2411_init
                0x0000c242      0x10a contiki-sky.a(ds2411.o)
                0x0000c242                ds2411_init
 .text.wait_ready
                0x0000c34c       0x4e contiki-sky.a(xmem.o)
 .text.xmem_init
                0x0000c39a       0x3c contiki-sky.a(xmem.o)
                0x0000c39a                xmem_init
 .text.xmem_pread
                0x0000c3d6       0xdc contiki-sky.a(xmem.o)
                0x0000c3d6                xmem_pread
 .text.node_id_restore
                0x0000c4b2       0x38 contiki-sky.a(node-id.o)
                0x0000c4b2                node_id_restore
 .text.get_sensor_index
                0x0000c4ea       0x22 contiki-sky.a(sensors.o)
 .text.process_thread_sensors_process
                0x0000c50c       0xc2 contiki-sky.a(sensors.o)
 .text.sensors_changed
                0x0000c5ce       0x14 contiki-sky.a(sensors.o)
                0x0000c5ce                sensors_changed
 .text.strobe   0x0000c5e2       0x1e contiki-sky.a(cc2420.o)
 .text.status   0x0000c600       0x24 contiki-sky.a(cc2420.o)
 .text.getreg   0x0000c624       0x50 contiki-sky.a(cc2420.o)
 .text.cc2420_receiving_packet
                0x0000c674       0x10 contiki-sky.a(cc2420.o)
 .text.pending_packet
                0x0000c684        0x8 contiki-sky.a(cc2420.o)
 .text.on       0x0000c68c       0x46 contiki-sky.a(cc2420.o)
 .text.flushrx  0x0000c6d2       0x74 contiki-sky.a(cc2420.o)
 .text.off      0x0000c746       0x78 contiki-sky.a(cc2420.o)
 .text.RELEASE_LOCK
                0x0000c7be       0x28 contiki-sky.a(cc2420.o)
 .text.cc2420_prepare
                0x0000c7e6       0x82 contiki-sky.a(cc2420.o)
 .text.cc2420_on
                0x0000c868       0x22 contiki-sky.a(cc2420.o)
                0x0000c868                cc2420_on
 .text.cc2420_off
                0x0000c88a       0x30 contiki-sky.a(cc2420.o)
                0x0000c88a                cc2420_off
 .text.cc2420_cca
                0x0000c8ba       0x7a contiki-sky.a(cc2420.o)
 .text.getrxdata
                0x0000c934       0x4e contiki-sky.a(cc2420.o)
 .text.cc2420_read
                0x0000c982       0xe6 contiki-sky.a(cc2420.o)
 .text.process_thread_cc2420_process
                0x0000ca68       0x50 contiki-sky.a(cc2420.o)
 .text.setreg   0x0000cab8       0x48 contiki-sky.a(cc2420.o)
                0x0000cab8                setreg
 .text.set_txpower
                0x0000cb00       0x2a contiki-sky.a(cc2420.o)
 .text.cc2420_set_channel
                0x0000cb2a       0x7a contiki-sky.a(cc2420.o)
                0x0000cb2a                cc2420_set_channel
 .text.cc2420_set_pan_addr
                0x0000cba4      0x13a contiki-sky.a(cc2420.o)
                0x0000cba4                cc2420_set_pan_addr
 .text.cc2420_init
                0x0000ccde       0xd4 contiki-sky.a(cc2420.o)
                0x0000ccde                cc2420_init
 .text.cc2420_interrupt
                0x0000cdb2       0x20 contiki-sky.a(cc2420.o)
                0x0000cdb2                cc2420_interrupt
 .text.cc2420_get_txpower
                0x0000cdd2       0x1e contiki-sky.a(cc2420.o)
                0x0000cdd2                cc2420_get_txpower
 .text.cc2420_transmit
                0x0000cdf0      0x1a4 contiki-sky.a(cc2420.o)
 .text.cc2420_send
                0x0000cf94       0x12 contiki-sky.a(cc2420.o)
 .text.cc2420_port1_interrupt
                0x0000cfa6       0x6a contiki-sky.a(cc2420-arch.o)
                0x0000cfa6                __isr_4
                0x0000cfa6                cc2420_port1_interrupt
 .text.cc2420_arch_init
                0x0000d010       0x1a contiki-sky.a(cc2420-arch.o)
                0x0000d010                cc2420_arch_init
 .text.uart1_active
                0x0000d02a       0x18 contiki-sky.a(uart1.o)
                0x0000d02a                uart1_active
 .text.uart1_writeb
                0x0000d042       0x1a contiki-sky.a(uart1.o)
                0x0000d042                uart1_writeb
 .text.uart1_init
                0x0000d05c       0xee contiki-sky.a(uart1.o)
                0x0000d05c                uart1_init
 .text.putchar  0x0000d14a        0xe contiki-sky.a(uart1-putchar.o)
                0x0000d14a                putchar
 .text.msp430_init_dco
                0x0000d158       0x74 contiki-sky.a(msp430.o)
                0x0000d158                msp430_init_dco
 .text.msp430_add_lpm_req
                0x0000d1cc        0xa contiki-sky.a(msp430.o)
                0x0000d1cc                msp430_add_lpm_req
 .text.msp430_cpu_init
                0x0000d1d6       0x2a contiki-sky.a(msp430.o)
                0x0000d1d6                msp430_cpu_init
 .text.splhigh_
                0x0000d200        0x8 contiki-sky.a(msp430.o)
                0x0000d200                splhigh_
 .text.msp430_sync_dco
                0x0000d208       0x60 contiki-sky.a(msp430.o)
                0x0000d208                msp430_sync_dco
 .text.timera1  0x0000d268       0xee contiki-sky.a(clock.o)
                0x0000d268                __isr_5
                0x0000d268                timera1
 .text.clock_time
                0x0000d356       0x1a contiki-sky.a(clock.o)
                0x0000d356                clock_time
 .text.clock_init
                0x0000d370       0x28 contiki-sky.a(clock.o)
                0x0000d370                clock_init
 .text.clock_delay
                0x0000d398        0xc contiki-sky.a(clock.o)
                0x0000d398                clock_delay
 .text.clock_seconds
                0x0000d3a4       0x1a contiki-sky.a(clock.o)
                0x0000d3a4                clock_seconds
 .text.show_leds
                0x0000d3be      0x10c contiki-sky.a(leds.o)
 .text.leds_init
                0x0000d4ca        0xe contiki-sky.a(leds.o)
                0x0000d4ca                leds_init
 .text.leds_on  0x0000d4d8       0x14 contiki-sky.a(leds.o)
                0x0000d4d8                leds_on
 .text.leds_off
                0x0000d4ec       0x14 contiki-sky.a(leds.o)
                0x0000d4ec                leds_off
 .text.leds_arch_init
                0x0000d500        0xe contiki-sky.a(leds-arch.o)
                0x0000d500                leds_arch_init
 .text.leds_arch_set
                0x0000d50e       0x3a contiki-sky.a(leds-arch.o)
                0x0000d50e                leds_arch_set
 .text.watchdog_interrupt
                0x0000d548        0x6 contiki-sky.a(watchdog.o)
                0x0000d548                __isr_10
                0x0000d548                watchdog_interrupt
 .text.watchdog_start
                0x0000d54e       0x14 contiki-sky.a(watchdog.o)
                0x0000d54e                watchdog_start
 .text.watchdog_periodic
                0x0000d562       0x12 contiki-sky.a(watchdog.o)
                0x0000d562                watchdog_periodic
 .text.watchdog_stop
                0x0000d574       0x16 contiki-sky.a(watchdog.o)
                0x0000d574                watchdog_stop
 .text.watchdog_init
                0x0000d58a       0x14 contiki-sky.a(watchdog.o)
                0x0000d58a                watchdog_init
 .text.rtimer_arch_init
                0x0000d59e        0xe contiki-sky.a(rtimer-arch.o)
                0x0000d59e                rtimer_arch_init
 .text.rtimer_arch_now
                0x0000d5ac        0xe contiki-sky.a(rtimer-arch.o)
                0x0000d5ac                rtimer_arch_now
 .text.timera0  0x0000d5ba       0x76 contiki-sky.a(rtimer-arch.o)
                0x0000d5ba                __isr_6
                0x0000d5ba                timera0
 .text.rtimer_arch_schedule
                0x0000d630        0x6 contiki-sky.a(rtimer-arch.o)
                0x0000d630                rtimer_arch_schedule
 .text.field_len
                0x0000d636       0x98 contiki-sky.a(frame802154.o)
 .text.frame802154_hdrlen
                0x0000d6ce       0x2e contiki-sky.a(frame802154.o)
                0x0000d6ce                frame802154_hdrlen
 .text.frame802154_create
                0x0000d6fc      0x16c contiki-sky.a(frame802154.o)
                0x0000d6fc                frame802154_create
 .text.frame802154_parse
                0x0000d868      0x19e contiki-sky.a(frame802154.o)
                0x0000d868                frame802154_parse
 .text.mac_call_sent_callback
                0x0000da06       0x14 contiki-sky.a(mac.o)
                0x0000da06                mac_call_sent_callback
 .text.parse    0x0000da1a       0xa8 contiki-sky.a(framer-802154.o)
 .text.create   0x0000dac2      0x10a contiki-sky.a(framer-802154.o)
 .text.rpl_verify_header
                0x0000dbcc       0xae contiki-sky.a(rpl-ext-header.)
                0x0000dbcc                rpl_verify_header
 .text.rpl_update_header_empty
                0x0000dc7a       0xf8 contiki-sky.a(rpl-ext-header.)
                0x0000dc7a                rpl_update_header_empty
 .text.rpl_update_header_final
                0x0000dd72       0x84 contiki-sky.a(rpl-ext-header.)
                0x0000dd72                rpl_update_header_final
 .text.rpl_invert_header
                0x0000ddf6       0x5c contiki-sky.a(rpl-ext-header.)
                0x0000ddf6                rpl_invert_header
 .text.rpl_insert_header
                0x0000de52       0x18 contiki-sky.a(rpl-ext-header.)
                0x0000de52                rpl_insert_header
 .text.spi_init
                0x0000de6a       0x32 contiki-sky.a(spi.o)
                0x0000de6a                spi_init
 .text.libgcc   0x0000de9c       0x20 /usr/lib/gcc/msp430/4.5.3/mmpy-16/libgcc.a(_mulsi3.o)
                0x0000de9c                __mulsi3
 .text.libgcc   0x0000debc       0x1c /usr/lib/gcc/msp430/4.5.3/mmpy-16/libgcc.a(_udivmodhi4.o)
                0x0000debc                __udivmodhi4
 .text.libgcc   0x0000ded8       0x36 /usr/lib/gcc/msp430/4.5.3/mmpy-16/libgcc.a(_divmodhi4.o)
                0x0000ded8                __divmodhi4
 .text.libgcc   0x0000df0e       0x2a /usr/lib/gcc/msp430/4.5.3/mmpy-16/libgcc.a(_udivmodsi4.o)
                0x0000df0e                __udivmodsi4
 .text.crt0     0x0000df38        0x2 /usr/lib/gcc/msp430/4.5.3/mmpy-16/libcrt0.a(_unexpected_.o)
                0x0000df38                _unexpected_

.rodata         0x0000df3a        0x0
                0x0000df3a                . = ALIGN (0x2)
 *(.rodata .rodata.* .gnu.linkonce.r.*)
                0x0000df3a                . = ALIGN (0x2)
                0x0000df3a                _etext = .

.data           0x00001100       0xc2 load address 0x0000df3a
                0x00001100                . = ALIGN (0x2)
                0x00001100                PROVIDE (__data_start, .)
 *(.data)
 .data          0x00001100       0x20 2.co
                0x00001100                rpl_mrhof
                0x0000110e                udp_client_process
 .data          0x00001120       0x18 contiki-sky.a(csma.o)
 .data          0x00001138        0x4 contiki-sky.a(rpl-icmp6.o)
                0x00001138                rank_prev
 .data          0x0000113c        0xa contiki-sky.a(etimer.o)
                0x0000113c                etimer_process
 .data          0x00001146        0xa contiki-sky.a(ctimer.o)
                0x00001146                ctimer_process
 .data          0x00001150        0x8 contiki-sky.a(nbr-table.o)
 .data          0x00001158       0x18 contiki-sky.a(queuebuf.o)
 .data          0x00001170        0xa contiki-sky.a(tcpip.o)
                0x00001170                tcpip_process
 .data          0x0000117a       0x18 contiki-sky.a(uip-ds6-route.o)
 .data          0x00001192        0xa contiki-sky.a(uip-ds6-nbr.o)
                0x00001192                ds6_neighbors
 .data          0x0000119c        0x8 contiki-sky.a(uip-packetqueue)
 .data          0x000011a4        0x4 contiki-sky.a(contiki-sky-pla)
                0x000011a4                sensors
 .data          0x000011a8        0xa contiki-sky.a(sensors.o)
                0x000011a8                sensors_process
 .data          0x000011b2        0xa contiki-sky.a(cc2420.o)
                0x000011b2                cc2420_process
 .data          0x000011bc        0x2 contiki-sky.a(msp430.o)
 .data          0x000011be        0x4 /usr/lib/gcc/msp430/4.5.3/../../../../msp430/lib/mmpy-16/libc.a(rand.o)
 *(SORT(.data.*))
                0x000011c2                . = ALIGN (0x2)
 *(.gnu.linkonce.d*)
                0x000011c2                . = ALIGN (0x2)
                0x000011c2                _edata = .
                0x0000df3a                PROVIDE (__data_load_start, LOADADDR (.data))
                0x000000c2                PROVIDE (__data_size, SIZEOF (.data))

.bss            0x000011c2     0x1c30 load address 0x0000dffc
                0x000011c2                PROVIDE (__bss_start, .)
 *(.bss)
 .bss           0x000011c2      0x19e 2.co
                0x000011c2                attack_flag_new
 .bss           0x00001360        0xc obj_sky/contiki-sky-main.o
 .bss           0x0000136c       0xbe contiki-sky.a(sicslowmac.o)
                0x0000136c                attack_flag
                0x0000136e                attacker
 .bss           0x0000142a       0xc2 contiki-sky.a(csma.o)
 .bss           0x000014ec       0x50 contiki-sky.a(rpl-icmp6.o)
 .bss           0x0000153c       0x18 contiki-sky.a(rpl-timers.o)
 .bss           0x00001554       0x42 contiki-sky.a(process.o)
                0x00001554                process_list
                0x00001556                process_current
 .bss           0x00001596        0x6 contiki-sky.a(etimer.o)
 .bss           0x0000159c        0x4 contiki-sky.a(ctimer.o)
 .bss           0x000015a0        0x2 contiki-sky.a(rtimer.o)
 .bss           0x000015a2      0x118 contiki-sky.a(nbr-table.o)
 .bss           0x000016ba      0x71e contiki-sky.a(queuebuf.o)
 .bss           0x00001dd8      0x122 contiki-sky.a(sicslowpan.o)
 .bss           0x00001efa        0xe contiki-sky.a(tcpip.o)
 .bss           0x00001f08      0x2fc contiki-sky.a(uip-ds6-route.o)
 .bss           0x00002204      0x398 contiki-sky.a(uip-ds6-nbr.o)
 .bss           0x0000259c       0x18 contiki-sky.a(uip-ds6.o)
 .bss           0x000025b4       0x10 contiki-sky.a(uip-icmp6.o)
 .bss           0x000025c4        0xa contiki-sky.a(uip-nd6.o)
 .bss           0x000025ce      0x216 contiki-sky.a(uip-packetqueue)
 .bss           0x000027e4        0xa contiki-sky.a(uip6.o)
                0x000027e4                uip_ext_bitmap
                0x000027e6                uip_ext_len
                0x000027e8                uip_ext_opt_offset
 .bss           0x000027ee        0x8 contiki-sky.a(button-sensor.o)
 .bss           0x000027f6        0x8 contiki-sky.a(node-id.o)
                0x000027f6                node_id
                0x000027f8                node_loc_x
                0x000027fa                node_loc_y
                0x000027fc                node_loc_z
 .bss           0x000027fe        0x6 contiki-sky.a(sensors.o)
 .bss           0x00002804        0xa contiki-sky.a(cc2420.o)
 .bss           0x0000280e       0x9a contiki-sky.a(uart1.o)
 .bss           0x000028a8        0xa contiki-sky.a(clock.o)
 .bss           0x000028b2        0x2 contiki-sky.a(leds.o)
 .bss           0x000028b4        0x2 contiki-sky.a(watchdog.o)
 .bss           0x000028b6        0x2 contiki-sky.a(framer-802154.o)
 .bss           0x000028b8        0x4 /usr/lib/gcc/msp430/4.5.3/../../../../msp430/lib/mmpy-16/libc.a(sprintf.o)
 *(SORT(.bss.*))
 *(COMMON)
 COMMON         0x000028bc       0xbe 2.co
                0x000028bc                default_instance
                0x000028be                instance_table
 COMMON         0x0000297a        0x8 contiki-sky.a(rimeaddr.o)
                0x0000297a                rimeaddr_node_addr
 COMMON         0x00002982       0x50 contiki-sky.a(sicslowmac.o)
                0x00002982                packetbuf_addrs
                0x000029a2                packetbuf_attrs
 COMMON         0x000029d2        0x1 contiki-sky.a(process.o)
                0x000029d2                process_maxevents
 *fill*         0x000029d3        0x1 00
 COMMON         0x000029d4       0x56 contiki-sky.a(energest.o)
                0x000029d4                energest_total_time
                0x00002a04                energest_total_count
                0x00002a06                energest_current_mode
                0x00002a12                energest_current_time
 COMMON         0x00002a2a        0x8 contiki-sky.a(sicslowpan.o)
                0x00002a2a                frag_sender
 COMMON         0x00002a32        0x1 contiki-sky.a(tcpip.o)
                0x00002a32                tcpip_event
 *fill*         0x00002a33        0x1 00
 COMMON         0x00002a34      0x15c contiki-sky.a(uip-ds6.o)
                0x00002a34                uip_ds6_timer_ra
                0x00002a3c                uip_ds6_if
                0x00002b28                uip_ds6_netif_addr_list_offset
                0x00002b29                uip_ds6_addr_size
                0x00002b2a                uip_ds6_prefix_list
                0x00002b84                uip_ds6_timer_periodic
 COMMON         0x00002b90      0x240 contiki-sky.a(uip6.o)
                0x00002b90                uip_len
                0x00002b92                uip_sappdata
                0x00002b94                uip_lladdr
                0x00002b9c                uip_aligned_buf
                0x00002c8c                uip_flags
                0x00002c8e                uip_next_hdr
                0x00002c90                uip_udp_conn
                0x00002c92                uip_appdata
                0x00002c94                uip_conn
                0x00002c96                uip_slen
                0x00002c98                uip_udp_conns
 COMMON         0x00002dd0        0x2 contiki-sky.a(contiki-sky-pla)
                0x00002dd0                sensors_flags
 COMMON         0x00002dd2        0x8 contiki-sky.a(ds2411.o)
                0x00002dd2                ds2411_id
 COMMON         0x00002dda        0x1 contiki-sky.a(sensors.o)
                0x00002dda                sensors_event
 *fill*         0x00002ddb        0x1 00
 COMMON         0x00002ddc       0x14 contiki-sky.a(cc2420.o)
                0x00002ddc                cc2420_last_rssi
                0x00002dde                cc2420_packets_read
                0x00002de0                cc2420_packets_seen
                0x00002de2                cc2420_sfd_start_time
                0x00002de4                cc2420_time_of_departure
                0x00002de6                cc2420_time_of_arrival
                0x00002de8                cc2420_last_correlation
                0x00002dea                cc2420_authority_level_of_sender
                0x00002dec                cc2420_sfd_counter
                0x00002dee                cc2420_sfd_end_time
 COMMON         0x00002df0        0x2 contiki-sky.a(msp430.o)
                0x00002df0                msp430_dco_required
                0x00002df2                PROVIDE (__bss_end, .)
                0x00002df2                _end = .
                0x00001c30                PROVIDE (__bss_size, SIZEOF (.bss))

.noinit         0x00002df2        0x0 load address 0x0000dffc
                0x00002df2                PROVIDE (__noinit_start, .)
 *(.noinit)
 *(.noinit.*)
 *(COMMON)
                0x00002df2                PROVIDE (__noinit_end, .)
                0x00002df2                _end = .

.infomem        0x00001000        0x0
 *(.infomem)
                0x00001000                . = ALIGN (0x2)
 *(.infomem.*)

.infomemnobits  0x00001000        0x0
                0x00001000                . = ALIGN (0x2)
 *(.infomemnobits)
                0x00001000                . = ALIGN (0x2)
 *(.infomemnobits.*)

.vectors        0x0000ffe0       0x20
                0x0000ffe0                PROVIDE (__vectors_start, .)
 *(.vectors*)
 .vectors       0x0000ffe0       0x20 /usr/lib/gcc/msp430/4.5.3/mmpy-16/crt0ivtbl16.o
                0x0000ffe0                __ivtbl_16
                0x00010000                _vectors_end = .

.fartext        0x00000000        0x0
                0x00000000                . = ALIGN (0x2)
 *(.fartext)
                0x00000000                . = ALIGN (0x2)
 *(.fartext.*)
                0x00000000                _efartext = .

.profiler
 *(.profiler)

.stab
 *(.stab)

.stabstr
 *(.stabstr)

.stab.excl
 *(.stab.excl)

.stab.exclstr
 *(.stab.exclstr)

.stab.index
 *(.stab.index)

.stab.indexstr
 *(.stab.indexstr)

.comment
 *(.comment)

.debug
 *(.debug)

.line
 *(.line)

.debug_srcinfo
 *(.debug_srcinfo)

.debug_sfnames
 *(.debug_sfnames)

.debug_aranges  0x00000000      0x17c
 *(.debug_aranges)
 .debug_aranges
                0x00000000       0x14 /usr/lib/gcc/msp430/4.5.3/mmpy-16/libgcc.a(_mulsi3.o)
 .debug_aranges
                0x00000014       0x14 /usr/lib/gcc/msp430/4.5.3/mmpy-16/libgcc.a(_udivmodhi4.o)
 .debug_aranges
                0x00000028       0x14 /usr/lib/gcc/msp430/4.5.3/mmpy-16/libgcc.a(_divmodhi4.o)
 .debug_aranges
                0x0000003c       0x14 /usr/lib/gcc/msp430/4.5.3/mmpy-16/libgcc.a(_udivmodsi4.o)
 .debug_aranges
                0x00000050       0x14 /usr/lib/gcc/msp430/4.5.3/../../../../msp430/lib/mmpy-16/libc.a(memcmp.o)
 .debug_aranges
                0x00000064       0x14 /usr/lib/gcc/msp430/4.5.3/../../../../msp430/lib/mmpy-16/libc.a(memcpy.o)
 .debug_aranges
                0x00000078       0x14 /usr/lib/gcc/msp430/4.5.3/../../../../msp430/lib/mmpy-16/libc.a(memmove.o)
 .debug_aranges
                0x0000008c       0x14 /usr/lib/gcc/msp430/4.5.3/../../../../msp430/lib/mmpy-16/libc.a(memset.o)
 .debug_aranges
                0x000000a0       0x14 /usr/lib/gcc/msp430/4.5.3/../../../../msp430/lib/mmpy-16/libc.a(printf.o)
 .debug_aranges
                0x000000b4       0x14 /usr/lib/gcc/msp430/4.5.3/../../../../msp430/lib/mmpy-16/libc.a(sprintf.o)
 .debug_aranges
                0x000000c8       0x14 /usr/lib/gcc/msp430/4.5.3/../../../../msp430/lib/mmpy-16/libc.a(vuprintf.o)
 .debug_aranges
                0x000000dc       0x14 /usr/lib/gcc/msp430/4.5.3/../../../../msp430/lib/mmpy-16/libc.a(puts.o)
 .debug_aranges
                0x000000f0       0x14 /usr/lib/gcc/msp430/4.5.3/../../../../msp430/lib/mmpy-16/libc.a(rand.o)
 .debug_aranges
                0x00000104       0x14 /usr/lib/gcc/msp430/4.5.3/mmpy-16/libcrt0.a(__init_stack.o)
 .debug_aranges
                0x00000118       0x14 /usr/lib/gcc/msp430/4.5.3/mmpy-16/libcrt0.a(__low_level_init.o)
 .debug_aranges
                0x0000012c       0x14 /usr/lib/gcc/msp430/4.5.3/mmpy-16/libcrt0.a(_copy_data.o)
 .debug_aranges
                0x00000140       0x14 /usr/lib/gcc/msp430/4.5.3/mmpy-16/libcrt0.a(_clear_bss.o)
 .debug_aranges
                0x00000154       0x14 /usr/lib/gcc/msp430/4.5.3/mmpy-16/libcrt0.a(_endless_loop__.o)
 .debug_aranges
                0x00000168       0x14 /usr/lib/gcc/msp430/4.5.3/mmpy-16/libcrt0.a(_unexpected_.o)

.debug_pubnames
                0x00000000      0x14e
 *(.debug_pubnames)
 .debug_pubnames
                0x00000000       0x1d /usr/lib/gcc/msp430/4.5.3/../../../../msp430/lib/mmpy-16/libc.a(memcmp.o)
 .debug_pubnames
                0x0000001d       0x1d /usr/lib/gcc/msp430/4.5.3/../../../../msp430/lib/mmpy-16/libc.a(memcpy.o)
 .debug_pubnames
                0x0000003a       0x1e /usr/lib/gcc/msp430/4.5.3/../../../../msp430/lib/mmpy-16/libc.a(memmove.o)
 .debug_pubnames
                0x00000058       0x1d /usr/lib/gcc/msp430/4.5.3/../../../../msp430/lib/mmpy-16/libc.a(memset.o)
 .debug_pubnames
                0x00000075       0x29 /usr/lib/gcc/msp430/4.5.3/../../../../msp430/lib/mmpy-16/libc.a(printf.o)
 .debug_pubnames
                0x0000009e       0x46 /usr/lib/gcc/msp430/4.5.3/../../../../msp430/lib/mmpy-16/libc.a(sprintf.o)
 .debug_pubnames
                0x000000e4       0x1f /usr/lib/gcc/msp430/4.5.3/../../../../msp430/lib/mmpy-16/libc.a(vuprintf.o)
 .debug_pubnames
                0x00000103       0x1b /usr/lib/gcc/msp430/4.5.3/../../../../msp430/lib/mmpy-16/libc.a(puts.o)
 .debug_pubnames
                0x0000011e       0x30 /usr/lib/gcc/msp430/4.5.3/../../../../msp430/lib/mmpy-16/libc.a(rand.o)

.debug_info     0x00000000     0x14b4
 *(.debug_info)
 .debug_info    0x00000000       0xd7 /usr/lib/gcc/msp430/4.5.3/mmpy-16/libgcc.a(_mulsi3.o)
 .debug_info    0x000000d7       0xd7 /usr/lib/gcc/msp430/4.5.3/mmpy-16/libgcc.a(_udivmodhi4.o)
 .debug_info    0x000001ae       0xd7 /usr/lib/gcc/msp430/4.5.3/mmpy-16/libgcc.a(_divmodhi4.o)
 .debug_info    0x00000285       0xd7 /usr/lib/gcc/msp430/4.5.3/mmpy-16/libgcc.a(_udivmodsi4.o)
 .debug_info    0x0000035c       0xe2 /usr/lib/gcc/msp430/4.5.3/../../../../msp430/lib/mmpy-16/libc.a(memcmp.o)
 .debug_info    0x0000043e      0x113 /usr/lib/gcc/msp430/4.5.3/../../../../msp430/lib/mmpy-16/libc.a(memcpy.o)
 .debug_info    0x00000551      0x113 /usr/lib/gcc/msp430/4.5.3/../../../../msp430/lib/mmpy-16/libc.a(memmove.o)
 .debug_info    0x00000664       0xfe /usr/lib/gcc/msp430/4.5.3/../../../../msp430/lib/mmpy-16/libc.a(memset.o)
 .debug_info    0x00000762      0x103 /usr/lib/gcc/msp430/4.5.3/../../../../msp430/lib/mmpy-16/libc.a(printf.o)
 .debug_info    0x00000865      0x277 /usr/lib/gcc/msp430/4.5.3/../../../../msp430/lib/mmpy-16/libc.a(sprintf.o)
 .debug_info    0x00000adc      0x3b5 /usr/lib/gcc/msp430/4.5.3/../../../../msp430/lib/mmpy-16/libc.a(vuprintf.o)
 .debug_info    0x00000e91       0x96 /usr/lib/gcc/msp430/4.5.3/../../../../msp430/lib/mmpy-16/libc.a(puts.o)
 .debug_info    0x00000f27      0x137 /usr/lib/gcc/msp430/4.5.3/../../../../msp430/lib/mmpy-16/libc.a(rand.o)
 .debug_info    0x0000105e       0xb9 /usr/lib/gcc/msp430/4.5.3/mmpy-16/libcrt0.a(__init_stack.o)
 .debug_info    0x00001117       0xb9 /usr/lib/gcc/msp430/4.5.3/mmpy-16/libcrt0.a(__low_level_init.o)
 .debug_info    0x000011d0       0xb9 /usr/lib/gcc/msp430/4.5.3/mmpy-16/libcrt0.a(_copy_data.o)
 .debug_info    0x00001289       0xb9 /usr/lib/gcc/msp430/4.5.3/mmpy-16/libcrt0.a(_clear_bss.o)
 .debug_info    0x00001342       0xb9 /usr/lib/gcc/msp430/4.5.3/mmpy-16/libcrt0.a(_endless_loop__.o)
 .debug_info    0x000013fb       0xb9 /usr/lib/gcc/msp430/4.5.3/mmpy-16/libcrt0.a(_unexpected_.o)
 *(.gnu.linkonce.wi.*)

.debug_abbrev   0x00000000      0x7e7
 *(.debug_abbrev)
 .debug_abbrev  0x00000000       0x14 /usr/lib/gcc/msp430/4.5.3/mmpy-16/libgcc.a(_mulsi3.o)
 .debug_abbrev  0x00000014       0x14 /usr/lib/gcc/msp430/4.5.3/mmpy-16/libgcc.a(_udivmodhi4.o)
 .debug_abbrev  0x00000028       0x14 /usr/lib/gcc/msp430/4.5.3/mmpy-16/libgcc.a(_divmodhi4.o)
 .debug_abbrev  0x0000003c       0x14 /usr/lib/gcc/msp430/4.5.3/mmpy-16/libgcc.a(_udivmodsi4.o)
 .debug_abbrev  0x00000050       0x8a /usr/lib/gcc/msp430/4.5.3/../../../../msp430/lib/mmpy-16/libc.a(memcmp.o)
 .debug_abbrev  0x000000da       0x97 /usr/lib/gcc/msp430/4.5.3/../../../../msp430/lib/mmpy-16/libc.a(memcpy.o)
 .debug_abbrev  0x00000171       0x97 /usr/lib/gcc/msp430/4.5.3/../../../../msp430/lib/mmpy-16/libc.a(memmove.o)
 .debug_abbrev  0x00000208       0x8d /usr/lib/gcc/msp430/4.5.3/../../../../msp430/lib/mmpy-16/libc.a(memset.o)
 .debug_abbrev  0x00000295       0xce /usr/lib/gcc/msp430/4.5.3/../../../../msp430/lib/mmpy-16/libc.a(printf.o)
 .debug_abbrev  0x00000363      0x105 /usr/lib/gcc/msp430/4.5.3/../../../../msp430/lib/mmpy-16/libc.a(sprintf.o)
 .debug_abbrev  0x00000468      0x1cb /usr/lib/gcc/msp430/4.5.3/../../../../msp430/lib/mmpy-16/libc.a(vuprintf.o)
 .debug_abbrev  0x00000633       0x60 /usr/lib/gcc/msp430/4.5.3/../../../../msp430/lib/mmpy-16/libc.a(puts.o)
 .debug_abbrev  0x00000693       0xdc /usr/lib/gcc/msp430/4.5.3/../../../../msp430/lib/mmpy-16/libc.a(rand.o)
 .debug_abbrev  0x0000076f       0x14 /usr/lib/gcc/msp430/4.5.3/mmpy-16/libcrt0.a(__init_stack.o)
 .debug_abbrev  0x00000783       0x14 /usr/lib/gcc/msp430/4.5.3/mmpy-16/libcrt0.a(__low_level_init.o)
 .debug_abbrev  0x00000797       0x14 /usr/lib/gcc/msp430/4.5.3/mmpy-16/libcrt0.a(_copy_data.o)
 .debug_abbrev  0x000007ab       0x14 /usr/lib/gcc/msp430/4.5.3/mmpy-16/libcrt0.a(_clear_bss.o)
 .debug_abbrev  0x000007bf       0x14 /usr/lib/gcc/msp430/4.5.3/mmpy-16/libcrt0.a(_endless_loop__.o)
 .debug_abbrev  0x000007d3       0x14 /usr/lib/gcc/msp430/4.5.3/mmpy-16/libcrt0.a(_unexpected_.o)

.debug_line     0x00000000      0xbfc
 *(.debug_line)
 .debug_line    0x00000000       0x9d /usr/lib/gcc/msp430/4.5.3/mmpy-16/libgcc.a(_mulsi3.o)
 .debug_line    0x0000009d       0x9a /usr/lib/gcc/msp430/4.5.3/mmpy-16/libgcc.a(_udivmodhi4.o)
 .debug_line    0x00000137       0xa5 /usr/lib/gcc/msp430/4.5.3/mmpy-16/libgcc.a(_divmodhi4.o)
 .debug_line    0x000001dc       0xa1 /usr/lib/gcc/msp430/4.5.3/mmpy-16/libgcc.a(_udivmodsi4.o)
 .debug_line    0x0000027d       0x7c /usr/lib/gcc/msp430/4.5.3/../../../../msp430/lib/mmpy-16/libc.a(memcmp.o)
 .debug_line    0x000002f9       0xf3 /usr/lib/gcc/msp430/4.5.3/../../../../msp430/lib/mmpy-16/libc.a(memcpy.o)
 .debug_line    0x000003ec       0xf3 /usr/lib/gcc/msp430/4.5.3/../../../../msp430/lib/mmpy-16/libc.a(memmove.o)
 .debug_line    0x000004df       0xbd /usr/lib/gcc/msp430/4.5.3/../../../../msp430/lib/mmpy-16/libc.a(memset.o)
 .debug_line    0x0000059c       0x72 /usr/lib/gcc/msp430/4.5.3/../../../../msp430/lib/mmpy-16/libc.a(printf.o)
 .debug_line    0x0000060e       0x9c /usr/lib/gcc/msp430/4.5.3/../../../../msp430/lib/mmpy-16/libc.a(sprintf.o)
 .debug_line    0x000006aa      0x198 /usr/lib/gcc/msp430/4.5.3/../../../../msp430/lib/mmpy-16/libc.a(vuprintf.o)
 .debug_line    0x00000842       0x4d /usr/lib/gcc/msp430/4.5.3/../../../../msp430/lib/mmpy-16/libc.a(puts.o)
 .debug_line    0x0000088f       0x52 /usr/lib/gcc/msp430/4.5.3/../../../../msp430/lib/mmpy-16/libc.a(rand.o)
 .debug_line    0x000008e1       0x82 /usr/lib/gcc/msp430/4.5.3/mmpy-16/libcrt0.a(__init_stack.o)
 .debug_line    0x00000963       0x84 /usr/lib/gcc/msp430/4.5.3/mmpy-16/libcrt0.a(__low_level_init.o)
 .debug_line    0x000009e7       0x88 /usr/lib/gcc/msp430/4.5.3/mmpy-16/libcrt0.a(_copy_data.o)
 .debug_line    0x00000a6f       0x88 /usr/lib/gcc/msp430/4.5.3/mmpy-16/libcrt0.a(_clear_bss.o)
 .debug_line    0x00000af7       0x83 /usr/lib/gcc/msp430/4.5.3/mmpy-16/libcrt0.a(_endless_loop__.o)
 .debug_line    0x00000b7a       0x82 /usr/lib/gcc/msp430/4.5.3/mmpy-16/libcrt0.a(_unexpected_.o)

.debug_frame    0x00000000      0x246
 *(.debug_frame)
 .debug_frame   0x00000000       0x28 /usr/lib/gcc/msp430/4.5.3/../../../../msp430/lib/mmpy-16/libc.a(memcmp.o)
 .debug_frame   0x00000028       0x32 /usr/lib/gcc/msp430/4.5.3/../../../../msp430/lib/mmpy-16/libc.a(memcpy.o)
 .debug_frame   0x0000005a       0x32 /usr/lib/gcc/msp430/4.5.3/../../../../msp430/lib/mmpy-16/libc.a(memmove.o)
 .debug_frame   0x0000008c       0x32 /usr/lib/gcc/msp430/4.5.3/../../../../msp430/lib/mmpy-16/libc.a(memset.o)
 .debug_frame   0x000000be       0x2a /usr/lib/gcc/msp430/4.5.3/../../../../msp430/lib/mmpy-16/libc.a(printf.o)
 .debug_frame   0x000000e8       0x68 /usr/lib/gcc/msp430/4.5.3/../../../../msp430/lib/mmpy-16/libc.a(sprintf.o)
 .debug_frame   0x00000150       0x82 /usr/lib/gcc/msp430/4.5.3/../../../../msp430/lib/mmpy-16/libc.a(vuprintf.o)
 .debug_frame   0x000001d2       0x24 /usr/lib/gcc/msp430/4.5.3/../../../../msp430/lib/mmpy-16/libc.a(puts.o)
 .debug_frame   0x000001f6       0x50 /usr/lib/gcc/msp430/4.5.3/../../../../msp430/lib/mmpy-16/libc.a(rand.o)

.debug_str      0x00000000      0x361
 *(.debug_str)
 .debug_str     0x00000000       0x99 /usr/lib/gcc/msp430/4.5.3/../../../../msp430/lib/mmpy-16/libc.a(memcmp.o)
                                 0xd2 (size before relaxing)
 .debug_str     0x00000099       0x34 /usr/lib/gcc/msp430/4.5.3/../../../../msp430/lib/mmpy-16/libc.a(memcpy.o)
                                 0xed (size before relaxing)
 .debug_str     0x000000cd       0x1b /usr/lib/gcc/msp430/4.5.3/../../../../msp430/lib/mmpy-16/libc.a(memmove.o)
                                 0xef (size before relaxing)
 .debug_str     0x000000e8       0x26 /usr/lib/gcc/msp430/4.5.3/../../../../msp430/lib/mmpy-16/libc.a(memset.o)
                                 0xeb (size before relaxing)
 .debug_str     0x0000010e       0x40 /usr/lib/gcc/msp430/4.5.3/../../../../msp430/lib/mmpy-16/libc.a(printf.o)
                                0x101 (size before relaxing)
 .debug_str     0x0000014e       0x6e /usr/lib/gcc/msp430/4.5.3/../../../../msp430/lib/mmpy-16/libc.a(sprintf.o)
                                0x166 (size before relaxing)
 .debug_str     0x000001bc      0x161 /usr/lib/gcc/msp430/4.5.3/../../../../msp430/lib/mmpy-16/libc.a(vuprintf.o)
                                0x25d (size before relaxing)
 .debug_str     0x0000031d       0x15 /usr/lib/gcc/msp430/4.5.3/../../../../msp430/lib/mmpy-16/libc.a(puts.o)
                                 0xc7 (size before relaxing)
 .debug_str     0x00000332       0x2f /usr/lib/gcc/msp430/4.5.3/../../../../msp430/lib/mmpy-16/libc.a(rand.o)
                                 0xe6 (size before relaxing)

.debug_loc      0x00000000      0xb1a
 *(.debug_loc)
 .debug_loc     0x00000000       0x59 /usr/lib/gcc/msp430/4.5.3/../../../../msp430/lib/mmpy-16/libc.a(memcmp.o)
 .debug_loc     0x00000059      0x1d6 /usr/lib/gcc/msp430/4.5.3/../../../../msp430/lib/mmpy-16/libc.a(memcpy.o)
 .debug_loc     0x0000022f      0x1d6 /usr/lib/gcc/msp430/4.5.3/../../../../msp430/lib/mmpy-16/libc.a(memmove.o)
 .debug_loc     0x00000405       0xeb /usr/lib/gcc/msp430/4.5.3/../../../../msp430/lib/mmpy-16/libc.a(memset.o)
 .debug_loc     0x000004f0       0x24 /usr/lib/gcc/msp430/4.5.3/../../../../msp430/lib/mmpy-16/libc.a(printf.o)
 .debug_loc     0x00000514       0xeb /usr/lib/gcc/msp430/4.5.3/../../../../msp430/lib/mmpy-16/libc.a(sprintf.o)
 .debug_loc     0x000005ff      0x49c /usr/lib/gcc/msp430/4.5.3/../../../../msp430/lib/mmpy-16/libc.a(vuprintf.o)
 .debug_loc     0x00000a9b       0x2d /usr/lib/gcc/msp430/4.5.3/../../../../msp430/lib/mmpy-16/libc.a(puts.o)
 .debug_loc     0x00000ac8       0x52 /usr/lib/gcc/msp430/4.5.3/../../../../msp430/lib/mmpy-16/libc.a(rand.o)

.debug_macinfo
 *(.debug_macinfo)

.debug_pubtypes
                0x00000000      0x182
 *(.debug_pubtypes)
 .debug_pubtypes
                0x00000000       0x1d /usr/lib/gcc/msp430/4.5.3/../../../../msp430/lib/mmpy-16/libc.a(memcmp.o)
 .debug_pubtypes
                0x0000001d       0x26 /usr/lib/gcc/msp430/4.5.3/../../../../msp430/lib/mmpy-16/libc.a(memcpy.o)
 .debug_pubtypes
                0x00000043       0x26 /usr/lib/gcc/msp430/4.5.3/../../../../msp430/lib/mmpy-16/libc.a(memmove.o)
 .debug_pubtypes
                0x00000069       0x32 /usr/lib/gcc/msp430/4.5.3/../../../../msp430/lib/mmpy-16/libc.a(memset.o)
 .debug_pubtypes
                0x0000009b       0x31 /usr/lib/gcc/msp430/4.5.3/../../../../msp430/lib/mmpy-16/libc.a(printf.o)
 .debug_pubtypes
                0x000000cc       0x3c /usr/lib/gcc/msp430/4.5.3/../../../../msp430/lib/mmpy-16/libc.a(sprintf.o)
 .debug_pubtypes
                0x00000108       0x56 /usr/lib/gcc/msp430/4.5.3/../../../../msp430/lib/mmpy-16/libc.a(vuprintf.o)
 .debug_pubtypes
                0x0000015e       0x12 /usr/lib/gcc/msp430/4.5.3/../../../../msp430/lib/mmpy-16/libc.a(puts.o)
 .debug_pubtypes
                0x00000170       0x12 /usr/lib/gcc/msp430/4.5.3/../../../../msp430/lib/mmpy-16/libc.a(rand.o)

.debug_ranges   0x00000000        0xc
 *(.debug_ranges)
 .debug_ranges  0x00000000        0xc /usr/lib/gcc/msp430/4.5.3/../../../../msp430/lib/mmpy-16/libc.a(vuprintf.o)
                0x00003900                PROVIDE (__stack, (ORIGIN (ram) + 0x2800))
                0x0000df3a                PROVIDE (__data_start_rom, _etext)
                0x0000dffc                PROVIDE (__data_end_rom, (_etext + SIZEOF (.data)))
OUTPUT(2.sky elf32-msp430)
